 serialport

 Timestamp is 59ad3c37 (Mon Sep  4 13:42:47 2017)

 Preferred load address is 0000000180000000

 Start         Length     Name                   Class
 0001:00000000 00000060H .text$di                CODE
 0001:00000060 0001ae80H .text$mn                CODE
 0001:0001aee0 00000020H .text$mn$00             CODE
 0001:0001af00 00001020H .text$x                 CODE
 0001:0001bf20 0000007eH .text$yd                CODE
 0002:00000000 000004e8H .idata$5                DATA
 0002:000004e8 00000010H .00cfg                  DATA
 0002:000004f8 00000008H .CRT$XCA                DATA
 0002:00000500 00000010H .CRT$XCU                DATA
 0002:00000510 00000008H .CRT$XCZ                DATA
 0002:00000518 00000008H .CRT$XIA                DATA
 0002:00000520 00000018H .CRT$XIC                DATA
 0002:00000538 00000008H .CRT$XIZ                DATA
 0002:00000540 00000008H .CRT$XPA                DATA
 0002:00000548 00000010H .CRT$XPX                DATA
 0002:00000558 00000008H .CRT$XPXA               DATA
 0002:00000560 00000008H .CRT$XPZ                DATA
 0002:00000568 00000008H .CRT$XTA                DATA
 0002:00000570 00000010H .CRT$XTZ                DATA
 0002:00000580 000093d8H .rdata                  DATA
 0002:00009958 00000404H .rdata$r                DATA
 0002:00009d5c 000003a4H .rdata$zzzdbg           DATA
 0002:0000a100 00000008H .rtc$IAA                DATA
 0002:0000a108 00000008H .rtc$IZZ                DATA
 0002:0000a110 00000008H .rtc$TAA                DATA
 0002:0000a118 00000008H .rtc$TZZ                DATA
 0002:0000a120 000024a0H .xdata                  DATA
 0002:0000c5c0 00000250H .xdata$x                DATA
 0002:0000c810 00000058H .edata                  DATA
 0002:0000c868 00000050H .idata$2                DATA
 0002:0000c8b8 00000018H .idata$3                DATA
 0002:0000c8d0 000004e8H .idata$4                DATA
 0002:0000cdb8 00001650H .idata$6                DATA
 0003:00000000 00000970H .data                   DATA
 0003:00000970 00000140H .data$r                 DATA
 0003:00000ab0 000011d4H .bss                    DATA
 0004:00000000 000018ccH .pdata                  DATA
 0005:00000000 00000084H .gfids$x                DATA
 0005:00000084 00000058H .gfids$y                DATA
 0006:00000000 00000060H .rsrc$01                DATA
 0006:00000060 00000180H .rsrc$02                DATA

  Address         Publics by Value              Rva+Base               Lib:Object

 0000:00000000       __guard_iat_table          0000000000000000     <absolute>
 0000:00000000       __dynamic_value_reloc_table 0000000000000000     <absolute>
 0000:00000000       __guard_iat_count          0000000000000000     <absolute>
 0000:00000000       __guard_longjmp_table      0000000000000000     <absolute>
 0000:00000000       __guard_longjmp_count      0000000000000000     <absolute>
 0000:00000000       __guard_fids_count         0000000000000000     <absolute>
 0000:00000000       ___safe_se_handler_table   0000000000000000     <absolute>
 0000:00000000       ___safe_se_handler_count   0000000000000000     <absolute>
 0000:00000000       __guard_fids_table         0000000000000000     <absolute>
 0000:00000100       __guard_flags              0000000000000100     <absolute>
 0000:00000000       __ImageBase                0000000180000000     <linker-defined>
 0001:00000130       ?NewInstance@Nan@@YA?AV?$MaybeLocal@VObject@v8@@@v8@@V?$Local@VObjectTemplate@v8@@@3@@Z 0000000180001130 f i serialport.obj
 0001:000001b0       ?GetFunction@Nan@@YA?AV?$MaybeLocal@VFunction@v8@@@v8@@V?$Local@VFunctionTemplate@v8@@@3@@Z 00000001800011b0 f i serialport.obj
 0001:00000230       ?Get@Nan@@YA?AV?$MaybeLocal@VValue@v8@@@v8@@V?$Local@VObject@v8@@@3@V?$Local@VValue@v8@@@3@@Z 0000000180001230 f i serialport.obj
 0001:000002c0       ?Has@Nan@@YA?AV?$Maybe@_N@v8@@V?$Local@VObject@v8@@@3@V?$Local@VString@v8@@@3@@Z 00000001800012c0 f i serialport.obj
 0001:00000340       ?convert@?$ToFactory@VBoolean@v8@@@imp@Nan@@SA?AV?$MaybeLocal@VBoolean@v8@@@v8@@V?$Local@VValue@v8@@@5@@Z 0000000180001340 f i serialport.obj
 0001:000003d0       ?convert@?$ToFactory@VString@v8@@@imp@Nan@@SA?AV?$MaybeLocal@VString@v8@@@v8@@V?$Local@VValue@v8@@@5@@Z 00000001800013d0 f i serialport.obj
 0001:00000460       ?convert@?$ToFactory@VInt32@v8@@@imp@Nan@@SA?AV?$MaybeLocal@VInt32@v8@@@v8@@V?$Local@VValue@v8@@@5@@Z 0000000180001460 f i serialport.obj
 0001:000004f0       ?convert@?$ToFactory@N@imp@Nan@@SA?AV?$Maybe@N@v8@@V?$Local@VValue@v8@@@5@@Z 00000001800014f0 f i serialport.obj
 0001:00000570       ?convert@?$ToFactory@H@imp@Nan@@SA?AV?$Maybe@H@v8@@V?$Local@VValue@v8@@@5@@Z 0000000180001570 f i serialport.obj
 0001:000005f0       ?New@?$Factory@VFunctionTemplate@v8@@@imp@Nan@@SA?AV?$Local@VFunctionTemplate@v8@@@v8@@P6AXAEBV?$FunctionCallbackInfo@VValue@v8@@@3@@ZV?$Local@VValue@v8@@@5@V?$Local@VSignature@v8@@@5@@Z 00000001800015f0 f i serialport.obj
 0001:00000770       ??1EscapableHandleScope@Nan@@QEAA@XZ 0000000180001770 f i serialport.obj
 0001:000007a0       ??1HandleScope@Nan@@QEAA@XZ 00000001800017a0 f i serialport.obj
 0001:000007c0       ?ThrowTypeError@Nan@@YAXPEBD@Z 00000001800017c0 f i serialport.obj
 0001:00000860       ??0Utf8String@Nan@@QEAA@V?$Local@VValue@v8@@@v8@@@Z 0000000180001860 f i serialport.obj
 0001:00000970       ??1Utf8String@Nan@@QEAA@XZ 0000000180001970 f i serialport.obj
 0001:000009a0       ??1Callback@Nan@@QEAA@XZ   00000001800019a0 f i serialport.obj
 0001:000009e0       ?Call@Callback@Nan@@QEBA?AV?$Local@VValue@v8@@@v8@@HQEAV34@@Z 00000001800019e0 f i serialport.obj
 0001:00000a90       ?Call_@Callback@Nan@@AEBA?AV?$Local@VValue@v8@@@v8@@PEAVIsolate@4@V?$Local@VObject@v8@@@4@HQEAV34@@Z 0000000180001a90 f i serialport.obj
 0001:00000b50       ??1?$Persistent@VObject@v8@@V?$NonCopyablePersistentTraits@VObject@v8@@@2@@Nan@@QEAA@XZ 0000000180001b50 f i serialport_win.obj
 0001:00000b50       ??1?$Persistent@VFunction@v8@@V?$NonCopyablePersistentTraits@VFunction@v8@@@2@@Nan@@QEAA@XZ 0000000180001b50 f i serialport.obj
 0001:00000b70       ?getValueFromObject@@YA?AV?$Local@VValue@v8@@@v8@@V?$Local@VObject@v8@@@2@V?$basic_string@DU?$char_traits@D@std@@V?$allocator@D@2@@std@@@Z 0000000180001b70 f   serialport.obj
 0001:00000c40       ?getIntFromObject@@YAHV?$Local@VObject@v8@@@v8@@V?$basic_string@DU?$char_traits@D@std@@V?$allocator@D@2@@std@@@Z 0000000180001c40 f   serialport.obj
 0001:00000d00       ?getBoolFromObject@@YA_NV?$Local@VObject@v8@@@v8@@V?$basic_string@DU?$char_traits@D@std@@V?$allocator@D@2@@std@@@Z 0000000180001d00 f   serialport.obj
 0001:00000dd0       ?getStringFromObj@@YA?AV?$Local@VString@v8@@@v8@@V?$Local@VObject@v8@@@2@V?$basic_string@DU?$char_traits@D@std@@V?$allocator@D@2@@std@@@Z 0000000180001dd0 f   serialport.obj
 0001:00000e90       ?getDoubleFromObject@@YANV?$Local@VObject@v8@@@v8@@V?$basic_string@DU?$char_traits@D@std@@V?$allocator@D@2@@std@@@Z 0000000180001e90 f   serialport.obj
 0001:00000f50       ?Open@@YAXAEBV?$FunctionCallbackInfo@VValue@v8@@@Nan@@@Z 0000000180001f50 f   serialport.obj
 0001:00001470       ?EIO_AfterOpen@@YAXPEAUuv_work_s@@@Z 0000000180002470 f   serialport.obj
 0001:000015e0       ?Update@@YAXAEBV?$FunctionCallbackInfo@VValue@v8@@@Nan@@@Z 00000001800025e0 f   serialport.obj
 0001:000018c0       ?EIO_AfterUpdate@@YAXPEAUuv_work_s@@@Z 00000001800028c0 f   serialport.obj
 0001:000019d0       ?Close@@YAXAEBV?$FunctionCallbackInfo@VValue@v8@@@Nan@@@Z 00000001800029d0 f   serialport.obj
 0001:00001b80       ?EIO_AfterDrain@@YAXPEAUuv_work_s@@@Z 0000000180002b80 f   serialport.obj
 0001:00001b80       ?EIO_AfterFlush@@YAXPEAUuv_work_s@@@Z 0000000180002b80 f   serialport.obj
 0001:00001b80       ?EIO_AfterClose@@YAXPEAUuv_work_s@@@Z 0000000180002b80 f   serialport.obj
 0001:00001c90       ?Flush@@YAXAEBV?$FunctionCallbackInfo@VValue@v8@@@Nan@@@Z 0000000180002c90 f   serialport.obj
 0001:00001e30       ?Set@@YAXAEBV?$FunctionCallbackInfo@VValue@v8@@@Nan@@@Z 0000000180002e30 f   serialport.obj
 0001:00002180       ?EIO_AfterSet@@YAXPEAUuv_work_s@@@Z 0000000180003180 f   serialport.obj
 0001:00002290       ?Get@@YAXAEBV?$FunctionCallbackInfo@VValue@v8@@@Nan@@@Z 0000000180003290 f   serialport.obj
 0001:00002440       ?EIO_AfterGet@@YAXPEAUuv_work_s@@@Z 0000000180003440 f   serialport.obj
 0001:000026b0       ?Drain@@YAXAEBV?$FunctionCallbackInfo@VValue@v8@@@Nan@@@Z 00000001800036b0 f   serialport.obj
 0001:00002850       ?ToParityEnum@@YA?AW4SerialPortParity@@AEBV?$Local@VString@v8@@@v8@@@Z 0000000180003850 f i serialport.obj
 0001:00002990       init                       0000000180003990 f   serialport.obj
 0001:00002f70       ??1?$Persistent@VFunction@v8@@V?$NonCopyablePersistentTraits@VFunction@v8@@@2@@v8@@QEAA@XZ 0000000180003f70 f i serialport.obj
 0001:00002f70       ??1?$Persistent@VObject@v8@@V?$NonCopyablePersistentTraits@VObject@v8@@@2@@v8@@QEAA@XZ 0000000180003f70 f i serialport_win.obj
 0001:00002f90       ??1?$basic_string@DU?$char_traits@D@std@@V?$allocator@D@2@@std@@QEAA@XZ 0000000180003f90 f i serialport.obj
 0001:00003020       ?assign@?$basic_string@DU?$char_traits@D@std@@V?$allocator@D@2@@std@@QEAAAEAV12@PEBD_K@Z 0000000180004020 f i serialport.obj
 0001:00003150       ?assign@?$basic_string@DU?$char_traits@D@std@@V?$allocator@D@2@@std@@QEAAAEAV12@AEBV12@_K1@Z 0000000180004150 f i serialport.obj
 0001:00003280       ?erase@?$basic_string@DU?$char_traits@D@std@@V?$allocator@D@2@@std@@QEAAAEAV12@_K0@Z 0000000180004280 f i serialport.obj
 0001:00003320       ?_Copy@?$basic_string@DU?$char_traits@D@std@@V?$allocator@D@2@@std@@QEAAX_K0@Z 0000000180004320 f i serialport.obj
 0001:000034a0       ??$New@VString@v8@@V?$basic_string@DU?$char_traits@D@std@@V?$allocator@D@2@@std@@@Nan@@YA?AV?$MaybeLocal@VString@v8@@@v8@@V?$basic_string@DU?$char_traits@D@std@@V?$allocator@D@2@@std@@@Z 00000001800044a0 f i serialport.obj
 0001:00003550       ??$SetMethodAux@V?$Local@VObject@v8@@@v8@@@imp@Nan@@YAXV?$Local@VObject@v8@@@v8@@V?$Local@VString@v8@@@3@V?$Local@VFunctionTemplate@v8@@@3@ZZ 0000000180004550 f i serialport.obj
 0001:000035a0       __local_stdio_printf_options 00000001800045a0 f i serialport_win.obj
 0001:000035b0       _snprintf_s                00000001800045b0 f i serialport_win.obj
 0001:00003610       ?Set@Nan@@YA?AV?$Maybe@_N@v8@@V?$Local@VObject@v8@@@3@V?$Local@VValue@v8@@@3@1@Z 0000000180004610 f i serialport_win.obj
 0001:000036a0       ?Set@Nan@@YA?AV?$Maybe@_N@v8@@V?$Local@VObject@v8@@@3@IV?$Local@VValue@v8@@@3@@Z 00000001800046a0 f i serialport_win.obj
 0001:00003730       ?convert@?$ToFactory@VInteger@v8@@@imp@Nan@@SA?AV?$MaybeLocal@VInteger@v8@@@v8@@V?$Local@VValue@v8@@@5@@Z 0000000180004730 f i serialport_win.obj
 0001:000037c0       ?Error@Nan@@YA?AV?$Local@VValue@v8@@@v8@@PEBD@Z 00000001800047c0 f i serialport_win.obj
 0001:00003870       ?ErrorCodeToString@@YAXPEBDHPEAD@Z 0000000180004870 f   serialport_win.obj
 0001:00003900       ?EIO_Open@@YAXPEAUuv_work_s@@@Z 0000000180004900 f   serialport_win.obj
 0001:00003c60       ?EIO_Update@@YAXPEAUuv_work_s@@@Z 0000000180004c60 f   serialport_win.obj
 0001:00003da0       ?EIO_Set@@YAXPEAUuv_work_s@@@Z 0000000180004da0 f   serialport_win.obj
 0001:00003ef0       ?EIO_Get@@YAXPEAUuv_work_s@@@Z 0000000180004ef0 f   serialport_win.obj
 0001:00003fe0       ?Write@@YAXAEBV?$FunctionCallbackInfo@VValue@v8@@@Nan@@@Z 0000000180004fe0 f   serialport_win.obj
 0001:00004290       ?EIO_Write@@YAXPEAUuv_work_s@@@Z 0000000180005290 f   serialport_win.obj
 0001:00004480       ?EIO_AfterWrite@@YAXPEAUuv_work_s@@@Z 0000000180005480 f   serialport_win.obj
 0001:000045a0       ?Read@@YAXAEBV?$FunctionCallbackInfo@VValue@v8@@@Nan@@@Z 00000001800055a0 f   serialport_win.obj
 0001:00004910       ?EIO_Read@@YAXPEAUuv_work_s@@@Z 0000000180005910 f   serialport_win.obj
 0001:00004a10       ?EIO_AfterRead@@YAXPEAUuv_work_s@@@Z 0000000180005a10 f   serialport_win.obj
 0001:00004b40       ?EIO_Close@@YAXPEAUuv_work_s@@@Z 0000000180005b40 f   serialport_win.obj
 0001:00004c30       ?List@@YAXAEBV?$FunctionCallbackInfo@VValue@v8@@@Nan@@@Z 0000000180005c30 f   serialport_win.obj
 0001:00004d80       ?EIO_List@@YAXPEAUuv_work_s@@@Z 0000000180005d80 f   serialport_win.obj
 0001:00005340       ?setIfNotEmpty@@YAXV?$Local@VObject@v8@@@v8@@V?$basic_string@DU?$char_traits@D@std@@V?$allocator@D@2@@std@@PEBD@Z 0000000180006340 f   serialport_win.obj
 0001:00005450       ?EIO_AfterList@@YAXPEAUuv_work_s@@@Z 0000000180006450 f   serialport_win.obj
 0001:00005bb0       ??1ListBaton@@QEAA@XZ      0000000180006bb0 f i serialport_win.obj
 0001:00005c40       ?EIO_Flush@@YAXPEAUuv_work_s@@@Z 0000000180006c40 f   serialport_win.obj
 0001:00005d00       ?EIO_Drain@@YAXPEAUuv_work_s@@@Z 0000000180006d00 f   serialport_win.obj
 0001:00005db0       ??1?$list@PEAUListResultItem@@V?$allocator@PEAUListResultItem@@@std@@@std@@QEAA@XZ 0000000180006db0 f i serialport_win.obj
 0001:00005e10       ??1?$_List_buy@HV?$allocator@H@std@@@std@@QEAA@XZ 0000000180006e10 f i serialport_win.obj
 0001:00005e40       ??1?$_List_buy@PEAUListResultItem@@V?$allocator@PEAUListResultItem@@@std@@@std@@QEAA@XZ 0000000180006e40 f i serialport_win.obj
 0001:00005e60       ??1?$_List_alloc@U?$_List_base_types@HV?$allocator@H@std@@@std@@@std@@QEAA@XZ 0000000180006e60 f i serialport_win.obj
 0001:00005e70       ??1?$_List_alloc@U?$_List_base_types@PEAUListResultItem@@V?$allocator@PEAUListResultItem@@@std@@@std@@@std@@QEAA@XZ 0000000180006e70 f i serialport_win.obj
 0001:00005e80       ??$_Insert@AEBH@?$list@HV?$allocator@H@std@@@std@@QEAAXV?$_List_unchecked_const_iterator@V?$_List_val@U?$_List_simple_types@H@std@@@std@@U_Iterator_base0@2@@1@AEBH@Z 0000000180006e80 f i serialport_win.obj
 0001:00005f30       ??$destroy@H@?$_Wrap_alloc@V?$allocator@U?$_List_node@HPEAX@std@@@std@@@std@@QEAAXPEAH@Z 0000000180006f30 f i serialport_win.obj
 0001:00005f30       __except_validate_context_record 0000000180006f30 f i libvcruntime:jbcxrval.obj
 0001:00005f30       ??$destroy@PEAU?$_List_node@HPEAX@std@@@?$_Wrap_alloc@V?$allocator@U?$_List_node@HPEAX@std@@@std@@@std@@QEAAXPEAPEAU?$_List_node@HPEAX@1@@Z 0000000180006f30 f i serialport_win.obj
 0001:00005f30       _guard_check_icall_nop     0000000180006f30 f i LIBCMT:guard_support.obj
 0001:00005f40       ??0?$_Wrap_alloc@V?$allocator@U?$_List_node@HPEAX@std@@@std@@@std@@QEAA@XZ 0000000180006f40 f i serialport_win.obj
 0001:00005f48       ??0bad_alloc@std@@QEAA@AEBV01@@Z 0000000180006f48 f i libcpmt:xthrow.obj
 0001:00005f88       ??0bad_alloc@std@@QEAA@XZ  0000000180006f88 f i libcpmt:xthrow.obj
 0001:00005fa8       ??0exception@std@@QEAA@AEBV01@@Z 0000000180006fa8 f i libcpmt:xthrow.obj
 0001:00005fe0       ??0length_error@std@@QEAA@AEBV01@@Z 0000000180006fe0 f i libcpmt:xthrow.obj
 0001:00006020       ??0length_error@std@@QEAA@PEBD@Z 0000000180007020 f i libcpmt:xthrow.obj
 0001:0000606c       ??0logic_error@std@@QEAA@AEBV01@@Z 000000018000706c f i libcpmt:xthrow.obj
 0001:000060ac       ??0out_of_range@std@@QEAA@AEBV01@@Z 00000001800070ac f i libcpmt:xthrow.obj
 0001:000060ec       ??0out_of_range@std@@QEAA@PEBD@Z 00000001800070ec f i libcpmt:xthrow.obj
 0001:00006138       ??_Gbad_array_new_length@std@@UEAAPEAXI@Z 0000000180007138 f i LIBCMT:throw_bad_alloc.obj
 0001:00006138       ??_Glength_error@std@@UEAAPEAXI@Z 0000000180007138 f i libcpmt:xthrow.obj
 0001:00006138       ??_Glogic_error@std@@UEAAPEAXI@Z 0000000180007138 f i libcpmt:xthrow.obj
 0001:00006138       ??_Gout_of_range@std@@UEAAPEAXI@Z 0000000180007138 f i libcpmt:xthrow.obj
 0001:00006138       ??_Ebad_array_new_length@std@@UEAAPEAXI@Z 0000000180007138 f i LIBCMT:throw_bad_alloc.obj
 0001:00006138       ??_Elength_error@std@@UEAAPEAXI@Z 0000000180007138 f i libcpmt:xthrow.obj
 0001:00006138       ??_Gexception@std@@UEAAPEAXI@Z 0000000180007138 f i libcpmt:xthrow.obj
 0001:00006138       ??_Eexception@std@@UEAAPEAXI@Z 0000000180007138 f i libcpmt:xthrow.obj
 0001:00006138       ??_Gbad_alloc@std@@UEAAPEAXI@Z 0000000180007138 f i libcpmt:xthrow.obj
 0001:00006138       ??_Gbad_exception@std@@UEAAPEAXI@Z 0000000180007138 f i libvcruntime:frame.obj
 0001:00006138       ??_Elogic_error@std@@UEAAPEAXI@Z 0000000180007138 f i libcpmt:xthrow.obj
 0001:00006138       ??_Ebad_exception@std@@UEAAPEAXI@Z 0000000180007138 f i libvcruntime:frame.obj
 0001:00006138       ??_Ebad_alloc@std@@UEAAPEAXI@Z 0000000180007138 f i libcpmt:xthrow.obj
 0001:00006138       ??_Eout_of_range@std@@UEAAPEAXI@Z 0000000180007138 f i libcpmt:xthrow.obj
 0001:0000617c       ?_Xbad_alloc@std@@YAXXZ    000000018000717c f   libcpmt:xthrow.obj
 0001:0000617c       ?__scrt_throw_std_bad_alloc@@YAXXZ 000000018000717c f   LIBCMT:throw_bad_alloc.obj
 0001:0000619c       ?_Xlength_error@std@@YAXPEBD@Z 000000018000719c f   libcpmt:xthrow.obj
 0001:000061c0       ?_Xout_of_range@std@@YAXPEBD@Z 00000001800071c0 f   libcpmt:xthrow.obj
 0001:000061e4       ?what@exception@std@@UEBAPEBDXZ 00000001800071e4 f i libcpmt:xthrow.obj
 0001:00006210       __security_check_cookie    0000000180007210 f   LIBCMT:_amdsecgs_.obj
 0001:00006234       ??2@YAPEAX_K@Z             0000000180007234 f   LIBCMT:new_scalar.obj
 0001:00006270       ??3@YAXPEAX@Z              0000000180007270 f   LIBCMT:delete_scalar.obj
 0001:00006278       ??3@YAXPEAX_K@Z            0000000180007278 f   LIBCMT:delete_scalar_size.obj
 0001:00006280       __raise_securityfailure    0000000180007280 f   LIBCMT:gs_report.obj
 0001:000062b4       __report_gsfailure         00000001800072b4 f   LIBCMT:gs_report.obj
 0001:00006388       __report_rangecheckfailure 0000000180007388 f   LIBCMT:gs_report.obj
 0001:0000639c       __report_securityfailure   000000018000739c f   LIBCMT:gs_report.obj
 0001:0000651c       __scrt_acquire_startup_lock 000000018000751c f   LIBCMT:utility.obj
 0001:00006558       __scrt_dllmain_after_initialize_c 0000000180007558 f   LIBCMT:utility.obj
 0001:0000658c       __scrt_dllmain_before_initialize_c 000000018000758c f   LIBCMT:utility.obj
 0001:000065a4       __scrt_dllmain_crt_thread_attach 00000001800075a4 f   LIBCMT:utility.obj
 0001:000065cc       __scrt_dllmain_crt_thread_detach 00000001800075cc f   LIBCMT:utility.obj
 0001:000065e4       __scrt_dllmain_exception_filter 00000001800075e4 f   LIBCMT:utility.obj
 0001:00006648       __scrt_dllmain_uninitialize_c 0000000180007648 f   LIBCMT:utility.obj
 0001:00006678       __scrt_dllmain_uninitialize_critical 0000000180007678 f   LIBCMT:utility.obj
 0001:0000668c       __scrt_initialize_crt      000000018000768c f   LIBCMT:utility.obj
 0001:000066d8       __scrt_initialize_onexit_tables 00000001800076d8 f   LIBCMT:utility.obj
 0001:000067a4       __scrt_is_nonwritable_in_current_image 00000001800077a4 f   LIBCMT:utility.obj
 0001:00006840       __scrt_release_startup_lock 0000000180007840 f   LIBCMT:utility.obj
 0001:00006864       __scrt_uninitialize_crt    0000000180007864 f   LIBCMT:utility.obj
 0001:00006890       _onexit                    0000000180007890 f   LIBCMT:utility.obj
 0001:000068e0       atexit                     00000001800078e0 f   LIBCMT:utility.obj
 0001:00006c44       _DllMainCRTStartup         0000000180007c44 f   LIBCMT:dll_dllmain.obj
 0001:00006c84       ??_Gtype_info@@UEAAPEAXI@Z 0000000180007c84 f i LIBCMT:std_type_info_static.obj
 0001:00006c84       ??_Etype_info@@UEAAPEAXI@Z 0000000180007c84 f i LIBCMT:std_type_info_static.obj
 0001:00006cb0       ??0bad_array_new_length@std@@QEAA@AEBV01@@Z 0000000180007cb0 f i LIBCMT:throw_bad_alloc.obj
 0001:00006cf0       ??0bad_array_new_length@std@@QEAA@XZ 0000000180007cf0 f i LIBCMT:throw_bad_alloc.obj
 0001:00006d10       ?__scrt_throw_std_bad_array_new_length@@YAXXZ 0000000180007d10 f   LIBCMT:throw_bad_alloc.obj
 0001:00006d30       __isa_available_init       0000000180007d30 f   LIBCMT:_cpu_disp_.obj
 0001:00006ef8       DllMain                    0000000180007ef8 f   LIBCMT:dll_dllmain_stub.obj
 0001:00006ef8       _get_startup_argv_mode     0000000180007ef8 f   LIBCMT:argv_mode.obj
 0001:00006f00       __scrt_is_ucrt_dll_in_use  0000000180007f00 f   LIBCMT:ucrt_detection.obj
 0001:00006f0c       __crt_debugger_hook        0000000180007f0c f   LIBCMT:utility_desktop.obj
 0001:00006f14       __scrt_fastfail            0000000180007f14 f   LIBCMT:utility_desktop.obj
 0001:0000705c       _guard_check_icall         000000018000805c f i LIBCMT:checkcfg.obj
 0001:00007064       __security_init_cookie     0000000180008064 f   LIBCMT:gs_support.obj
 0001:00007110       ?__scrt_initialize_type_info@@YAXXZ 0000000180008110 f   LIBCMT:tncleanup.obj
 0001:00007120       ?__scrt_uninitialize_type_info@@YAXXZ 0000000180008120 f   LIBCMT:tncleanup.obj
 0001:0000712c       __local_stdio_scanf_options 000000018000812c f i LIBCMT:default_local_stdio_options.obj
 0001:00007134       __scrt_initialize_default_local_stdio_options 0000000180008134 f   LIBCMT:default_local_stdio_options.obj
 0001:00007150       __scrt_get_dyn_tls_init_callback 0000000180008150 f   LIBCMT:dyn_tls_init.obj
 0001:00007158       _RTC_Initialize            0000000180008158 f   LIBCMT:_initsect_.obj
 0001:000071a4       _RTC_Terminate             00000001800081a4 f   LIBCMT:_initsect_.obj
 0001:00007200       memcpy                     0000000180008200 f   libvcruntime:memcpy.obj
 0001:00007200       memmove                    0000000180008200 f   libvcruntime:memcpy.obj
 0001:00007638       strstr                     0000000180008638 f   libvcruntime:strstr.obj
 0001:0000782c       __std_exception_copy       000000018000882c f   libvcruntime:std_exception.obj
 0001:000078bc       __std_exception_destroy    00000001800088bc f   libvcruntime:std_exception.obj
 0001:000078e4       _CxxThrowException         00000001800088e4 f   libvcruntime:throw.obj
 0001:000079bc       __vcrt_initialize          00000001800089bc f   libvcruntime:initialization.obj
 0001:000079f0       __vcrt_thread_attach       00000001800089f0 f   libvcruntime:initialization.obj
 0001:00007a04       __vcrt_thread_detach       0000000180008a04 f   libvcruntime:initialization.obj
 0001:00007a18       __vcrt_uninitialize        0000000180008a18 f   libvcruntime:initialization.obj
 0001:00007a38       __vcrt_uninitialize_critical 0000000180008a38 f   libvcruntime:initialization.obj
 0001:00007a48       __C_specific_handler       0000000180008a48 f   libvcruntime:_chandler_.obj
 0001:00007c60       memset                     0000000180008c60 f   libvcruntime:memset.obj
 0001:00007e00       __std_type_info_compare    0000000180008e00 f   libvcruntime:std_type_info.obj
 0001:00007e28       __std_type_info_destroy_list 0000000180008e28 f   libvcruntime:std_type_info.obj
 0001:00007e54       __vcrt_freefls             0000000180008e54 f   libvcruntime:per_thread_data.obj
 0001:00007e74       __vcrt_freeptd             0000000180008e74 f   libvcruntime:per_thread_data.obj
 0001:00007ec4       __vcrt_getptd              0000000180008ec4 f   libvcruntime:per_thread_data.obj
 0001:00007ee0       __vcrt_getptd_noexit       0000000180008ee0 f   libvcruntime:per_thread_data.obj
 0001:00007f98       __vcrt_initialize_ptd      0000000180008f98 f   libvcruntime:per_thread_data.obj
 0001:00007fd8       __vcrt_uninitialize_ptd    0000000180008fd8 f   libvcruntime:per_thread_data.obj
 0001:00007ffc       __vcrt_initialize_locks    0000000180008ffc f   libvcruntime:locks.obj
 0001:00008044       __vcrt_uninitialize_locks  0000000180009044 f   libvcruntime:locks.obj
 0001:00008244       __vcrt_FlsAlloc            0000000180009244 f   libvcruntime:winapi_downlevel.obj
 0001:00008298       __vcrt_FlsFree             0000000180009298 f   libvcruntime:winapi_downlevel.obj
 0001:000082ec       __vcrt_FlsGetValue         00000001800092ec f   libvcruntime:winapi_downlevel.obj
 0001:00008340       __vcrt_FlsSetValue         0000000180009340 f   libvcruntime:winapi_downlevel.obj
 0001:000083a8       __vcrt_InitializeCriticalSectionEx 00000001800093a8 f   libvcruntime:winapi_downlevel.obj
 0001:00008420       __vcrt_initialize_winapi_thunks 0000000180009420 f   libvcruntime:winapi_downlevel.obj
 0001:0000846c       __vcrt_uninitialize_winapi_thunks 000000018000946c f   libvcruntime:winapi_downlevel.obj
 0001:000084ac       __vcrt_initialize_pure_virtual_call_handler 00000001800094ac f   libvcruntime:purevirt_data.obj
 0001:000084e0       _local_unwind              00000001800094e0 f   libvcruntime:_jmpuwind_.obj
 0001:00008510       _NLG_Notify                0000000180009510 f   libvcruntime:_jmpuwind_.obj
 0001:00008530       __NLG_Dispatch2            0000000180009530 f   libvcruntime:_jmpuwind_.obj
 0001:00008540       __NLG_Return2              0000000180009540 f   libvcruntime:_jmpuwind_.obj
 0001:00008544       free                       0000000180009544 f   libucrt:free.obj
 0001:00008f34       ??$ftprintf@PEAU_iobuf@@PEB_WAEBQEB_WAEBQEB_WAEBI@?$__crt_char_traits@_W@@SAH$$QEAPEAU_iobuf@@$$QEAPEB_WAEBQEB_W2AEBI@Z 0000000180009f34 f i libucrt:assert.obj
 0001:00008f5c       _wassert                   0000000180009f5c f   libucrt:assert.obj
 0001:00008fe0       fwprintf                   0000000180009fe0 f i libucrt:assert.obj
 0001:00009024       swprintf                   000000018000a024 f i libucrt:assert.obj
 0001:00009078       __acrt_call_reportfault    000000018000a078 f   libucrt:invalid_parameter.obj
 0001:000091d4       __acrt_initialize_invalid_parameter_handler 000000018000a1d4 f   libucrt:invalid_parameter.obj
 0001:000091dc       _invalid_parameter         000000018000a1dc f   libucrt:invalid_parameter.obj
 0001:00009284       _invalid_parameter_noinfo  000000018000a284 f   libucrt:invalid_parameter.obj
 0001:000092a4       _invalid_parameter_noinfo_noreturn 000000018000a2a4 f   libucrt:invalid_parameter.obj
 0001:000092d4       _invoke_watson             000000018000a2d4 f   libucrt:invalid_parameter.obj
 0001:0000931c       malloc                     000000018000a31c f   libucrt:malloc.obj
 0001:00009324       strncpy_s                  000000018000a324 f   libucrt:strncpy_s.obj
 0001:000093f8       ??$?RV<lambda_7b91131dde12e1c3dfc74ff76b3f2eac>@@AEAV<lambda_dd75445284c072d0bd3768540cc698fa>@@V<lambda_16bc4ecb55b4718497c16bceaea2ceaf>@@@?$__crt_seh_guarded_call@H@@QEAAH$$QEAV<lambda_7b91131dde12e1c3dfc74ff76b3f2eac>@@AEAV<lambda_dd75445284c072d0bd3768540cc698fa>@@$$QEAV<lambda_16bc4ecb55b4718497c16bceaea2ceaf>@@@Z 000000018000a3f8 f i libucrt:output.obj
 0001:000095e0       ??$ensure_buffer_is_big_enough@D@formatting_buffer@__crt_stdio_output@@QEAA_N_K@Z 000000018000a5e0 f i libucrt:output.obj
 0001:0000968c       ??$is_wide_character_specifier@D@__crt_stdio_output@@YA_N_KDW4length_modifier@0@@Z 000000018000a68c f i libucrt:output.obj
 0001:000096bc       ??$is_wide_character_specifier@_W@__crt_stdio_output@@YA_N_K_WW4length_modifier@0@@Z 000000018000a6bc f i libucrt:output.obj
 0001:00009700       ??$type_case_integer_parse_into_buffer@I@?$output_processor@DV?$string_output_adapter@D@__crt_stdio_output@@V?$format_validation_base@DV?$string_output_adapter@D@__crt_stdio_output@@@2@@__crt_stdio_output@@AEAAXII_N@Z 000000018000a700 f i libucrt:output.obj
 0001:00009700       ??$type_case_integer_parse_into_buffer@I@?$output_processor@_WV?$stream_output_adapter@_W@__crt_stdio_output@@V?$standard_base@_WV?$stream_output_adapter@_W@__crt_stdio_output@@@2@@__crt_stdio_output@@AEAAXII_N@Z 000000018000a700 f i libucrt:output.obj
 0001:00009700       ??$type_case_integer_parse_into_buffer@I@?$output_processor@_WV?$string_output_adapter@_W@__crt_stdio_output@@V?$standard_base@_WV?$string_output_adapter@_W@__crt_stdio_output@@@2@@__crt_stdio_output@@AEAAXII_N@Z 000000018000a700 f i libucrt:output.obj
 0001:0000979c       ??$type_case_integer_parse_into_buffer@_K@?$output_processor@_WV?$stream_output_adapter@_W@__crt_stdio_output@@V?$standard_base@_WV?$stream_output_adapter@_W@__crt_stdio_output@@@2@@__crt_stdio_output@@AEAAX_KI_N@Z 000000018000a79c f i libucrt:output.obj
 0001:0000979c       ??$type_case_integer_parse_into_buffer@_K@?$output_processor@DV?$string_output_adapter@D@__crt_stdio_output@@V?$format_validation_base@DV?$string_output_adapter@D@__crt_stdio_output@@@2@@__crt_stdio_output@@AEAAX_KI_N@Z 000000018000a79c f i libucrt:output.obj
 0001:0000979c       ??$type_case_integer_parse_into_buffer@_K@?$output_processor@_WV?$string_output_adapter@_W@__crt_stdio_output@@V?$standard_base@_WV?$string_output_adapter@_W@__crt_stdio_output@@@2@@__crt_stdio_output@@AEAAX_KI_N@Z 000000018000a79c f i libucrt:output.obj
 0001:00009838       ??$write_multiple_characters@V?$stream_output_adapter@_W@__crt_stdio_output@@D@__crt_stdio_output@@YAXAEBV?$stream_output_adapter@_W@0@DHQEAH@Z 000000018000a838 f i libucrt:output.obj
 0001:000098c8       ??$write_multiple_characters@V?$string_output_adapter@D@__crt_stdio_output@@D@__crt_stdio_output@@YAXAEBV?$string_output_adapter@D@0@DHQEAH@Z 000000018000a8c8 f i libucrt:output.obj
 0001:00009924       ??$write_multiple_characters@V?$string_output_adapter@_W@__crt_stdio_output@@D@__crt_stdio_output@@YAXAEBV?$string_output_adapter@_W@0@DHQEAH@Z 000000018000a924 f i libucrt:output.obj
 0001:00009994       ??0?$output_processor@DV?$string_output_adapter@D@__crt_stdio_output@@V?$format_validation_base@DV?$string_output_adapter@D@__crt_stdio_output@@@2@@__crt_stdio_output@@QEAA@AEBV?$string_output_adapter@D@1@_KQEBDQEAU__crt_locale_pointers@@QEAD@Z 000000018000a994 f i libucrt:output.obj
 0001:00009a10       ??0?$output_processor@_WV?$string_output_adapter@_W@__crt_stdio_output@@V?$standard_base@_WV?$string_output_adapter@_W@__crt_stdio_output@@@2@@__crt_stdio_output@@QEAA@AEBV?$string_output_adapter@_W@1@_KQEB_WQEAU__crt_locale_pointers@@QEAD@Z 000000018000aa10 f i libucrt:output.obj
 0001:00009a10       ??0?$output_processor@_WV?$stream_output_adapter@_W@__crt_stdio_output@@V?$standard_base@_WV?$stream_output_adapter@_W@__crt_stdio_output@@@2@@__crt_stdio_output@@QEAA@AEBV?$stream_output_adapter@_W@1@_KQEB_WQEAU__crt_locale_pointers@@QEAD@Z 000000018000aa10 f i libucrt:output.obj
 0001:00009a90       ??0_LocaleUpdate@@QEAA@QEAU__crt_locale_pointers@@@Z 000000018000aa90 f i libucrt:output.obj
 0001:00009c10       ?force_decimal_point@__crt_stdio_output@@YAXPEADQEAU__crt_locale_pointers@@@Z 000000018000ac10 f i libucrt:output.obj
 0001:00009c80       ?parse_int_from_format_string@?$output_processor@DV?$string_output_adapter@D@__crt_stdio_output@@V?$format_validation_base@DV?$string_output_adapter@D@__crt_stdio_output@@@2@@__crt_stdio_output@@AEAA_NQEAH@Z 000000018000ac80 f i libucrt:output.obj
 0001:00009d04       ?parse_int_from_format_string@?$output_processor@_WV?$string_output_adapter@_W@__crt_stdio_output@@V?$standard_base@_WV?$string_output_adapter@_W@__crt_stdio_output@@@2@@__crt_stdio_output@@AEAA_NQEAH@Z 000000018000ad04 f i libucrt:output.obj
 0001:00009d04       ?parse_int_from_format_string@?$output_processor@_WV?$stream_output_adapter@_W@__crt_stdio_output@@V?$standard_base@_WV?$stream_output_adapter@_W@__crt_stdio_output@@@2@@__crt_stdio_output@@AEAA_NQEAH@Z 000000018000ad04 f i libucrt:output.obj
 0001:00009d84       ?process@?$output_processor@DV?$string_output_adapter@D@__crt_stdio_output@@V?$format_validation_base@DV?$string_output_adapter@D@__crt_stdio_output@@@2@@__crt_stdio_output@@QEAAHXZ 000000018000ad84 f i libucrt:output.obj
 0001:00009f98       ?process@?$output_processor@_WV?$stream_output_adapter@_W@__crt_stdio_output@@V?$standard_base@_WV?$stream_output_adapter@_W@__crt_stdio_output@@@2@@__crt_stdio_output@@QEAAHXZ 000000018000af98 f i libucrt:output.obj
 0001:0000a210       ?process@?$output_processor@_WV?$string_output_adapter@_W@__crt_stdio_output@@V?$standard_base@_WV?$string_output_adapter@_W@__crt_stdio_output@@@2@@__crt_stdio_output@@QEAAHXZ 000000018000b210 f i libucrt:output.obj
 0001:0000a48c       ?state_case_normal@?$output_processor@DV?$string_output_adapter@D@__crt_stdio_output@@V?$format_validation_base@DV?$string_output_adapter@D@__crt_stdio_output@@@2@@__crt_stdio_output@@AEAA_NXZ 000000018000b48c f i libucrt:output.obj
 0001:0000a500       ?state_case_normal_tchar@?$output_processor@DV?$string_output_adapter@D@__crt_stdio_output@@V?$format_validation_base@DV?$string_output_adapter@D@__crt_stdio_output@@@2@@__crt_stdio_output@@AEAA_ND@Z 000000018000b500 f i libucrt:output.obj
 0001:0000a598       ?state_case_size@?$output_processor@DV?$string_output_adapter@D@__crt_stdio_output@@V?$format_validation_base@DV?$string_output_adapter@D@__crt_stdio_output@@@2@@__crt_stdio_output@@AEAA_NXZ 000000018000b598 f i libucrt:output.obj
 0001:0000a714       ?state_case_size@?$output_processor@_WV?$stream_output_adapter@_W@__crt_stdio_output@@V?$standard_base@_WV?$stream_output_adapter@_W@__crt_stdio_output@@@2@@__crt_stdio_output@@AEAA_NXZ 000000018000b714 f i libucrt:output.obj
 0001:0000a8b8       ?state_case_size@?$output_processor@_WV?$string_output_adapter@_W@__crt_stdio_output@@V?$standard_base@_WV?$string_output_adapter@_W@__crt_stdio_output@@@2@@__crt_stdio_output@@AEAA_NXZ 000000018000b8b8 f i libucrt:output.obj
 0001:0000aa5c       ?state_case_type@?$output_processor@DV?$string_output_adapter@D@__crt_stdio_output@@V?$format_validation_base@DV?$string_output_adapter@D@__crt_stdio_output@@@2@@__crt_stdio_output@@AEAA_NXZ 000000018000ba5c f i libucrt:output.obj
 0001:0000acd8       ?state_case_type@?$output_processor@_WV?$stream_output_adapter@_W@__crt_stdio_output@@V?$standard_base@_WV?$stream_output_adapter@_W@__crt_stdio_output@@@2@@__crt_stdio_output@@AEAA_NXZ 000000018000bcd8 f i libucrt:output.obj
 0001:0000afa4       ?state_case_type@?$output_processor@_WV?$string_output_adapter@_W@__crt_stdio_output@@V?$standard_base@_WV?$string_output_adapter@_W@__crt_stdio_output@@@2@@__crt_stdio_output@@AEAA_NXZ 000000018000bfa4 f i libucrt:output.obj
 0001:0000b270       ?type_case_Z@?$output_processor@DV?$string_output_adapter@D@__crt_stdio_output@@V?$format_validation_base@DV?$string_output_adapter@D@__crt_stdio_output@@@2@@__crt_stdio_output@@AEAA_NXZ 000000018000c270 f i libucrt:output.obj
 0001:0000b2f0       ?type_case_Z@?$output_processor@_WV?$stream_output_adapter@_W@__crt_stdio_output@@V?$standard_base@_WV?$stream_output_adapter@_W@__crt_stdio_output@@@2@@__crt_stdio_output@@AEAA_NXZ 000000018000c2f0 f i libucrt:output.obj
 0001:0000b2f0       ?type_case_Z@?$output_processor@_WV?$string_output_adapter@_W@__crt_stdio_output@@V?$standard_base@_WV?$string_output_adapter@_W@__crt_stdio_output@@@2@@__crt_stdio_output@@AEAA_NXZ 000000018000c2f0 f i libucrt:output.obj
 0001:0000b370       ?type_case_a@?$output_processor@DV?$string_output_adapter@D@__crt_stdio_output@@V?$format_validation_base@DV?$string_output_adapter@D@__crt_stdio_output@@@2@@__crt_stdio_output@@AEAA_NXZ 000000018000c370 f i libucrt:output.obj
 0001:0000b58c       ?type_case_a@?$output_processor@_WV?$stream_output_adapter@_W@__crt_stdio_output@@V?$standard_base@_WV?$stream_output_adapter@_W@__crt_stdio_output@@@2@@__crt_stdio_output@@AEAA_NXZ 000000018000c58c f i libucrt:output.obj
 0001:0000b58c       ?type_case_a@?$output_processor@_WV?$string_output_adapter@_W@__crt_stdio_output@@V?$standard_base@_WV?$string_output_adapter@_W@__crt_stdio_output@@@2@@__crt_stdio_output@@AEAA_NXZ 000000018000c58c f i libucrt:output.obj
 0001:0000b7d0       ?type_case_c_tchar@?$output_processor@DV?$string_output_adapter@D@__crt_stdio_output@@V?$format_validation_base@DV?$string_output_adapter@D@__crt_stdio_output@@@2@@__crt_stdio_output@@AEAA_ND@Z 000000018000c7d0 f i libucrt:output.obj
 0001:0000b884       ?type_case_c_tchar@?$output_processor@_WV?$stream_output_adapter@_W@__crt_stdio_output@@V?$standard_base@_WV?$stream_output_adapter@_W@__crt_stdio_output@@@2@@__crt_stdio_output@@AEAA_N_W@Z 000000018000c884 f i libucrt:output.obj
 0001:0000b884       ?type_case_c_tchar@?$output_processor@_WV?$string_output_adapter@_W@__crt_stdio_output@@V?$standard_base@_WV?$string_output_adapter@_W@__crt_stdio_output@@@2@@__crt_stdio_output@@AEAA_N_W@Z 000000018000c884 f i libucrt:output.obj
 0001:0000b92c       ?type_case_integer@?$output_processor@_WV?$string_output_adapter@_W@__crt_stdio_output@@V?$standard_base@_WV?$string_output_adapter@_W@__crt_stdio_output@@@2@@__crt_stdio_output@@AEAA_NI_N@Z 000000018000c92c f i libucrt:output.obj
 0001:0000b92c       ?type_case_integer@?$output_processor@_WV?$stream_output_adapter@_W@__crt_stdio_output@@V?$standard_base@_WV?$stream_output_adapter@_W@__crt_stdio_output@@@2@@__crt_stdio_output@@AEAA_NI_N@Z 000000018000c92c f i libucrt:output.obj
 0001:0000b92c       ?type_case_integer@?$output_processor@DV?$string_output_adapter@D@__crt_stdio_output@@V?$format_validation_base@DV?$string_output_adapter@D@__crt_stdio_output@@@2@@__crt_stdio_output@@AEAA_NI_N@Z 000000018000c92c f i libucrt:output.obj
 0001:0000bacc       ?type_case_n@?$output_processor@_WV?$stream_output_adapter@_W@__crt_stdio_output@@V?$standard_base@_WV?$stream_output_adapter@_W@__crt_stdio_output@@@2@@__crt_stdio_output@@AEAA_NXZ 000000018000cacc f i libucrt:output.obj
 0001:0000bacc       ?type_case_n@?$output_processor@_WV?$string_output_adapter@_W@__crt_stdio_output@@V?$standard_base@_WV?$string_output_adapter@_W@__crt_stdio_output@@@2@@__crt_stdio_output@@AEAA_NXZ 000000018000cacc f i libucrt:output.obj
 0001:0000bacc       ?type_case_n@?$output_processor@DV?$string_output_adapter@D@__crt_stdio_output@@V?$format_validation_base@DV?$string_output_adapter@D@__crt_stdio_output@@@2@@__crt_stdio_output@@AEAA_NXZ 000000018000cacc f i libucrt:output.obj
 0001:0000bba8       ?type_case_s@?$output_processor@DV?$string_output_adapter@D@__crt_stdio_output@@V?$format_validation_base@DV?$string_output_adapter@D@__crt_stdio_output@@@2@@__crt_stdio_output@@AEAA_NXZ 000000018000cba8 f i libucrt:output.obj
 0001:0000bc38       ?type_case_s@?$output_processor@_WV?$stream_output_adapter@_W@__crt_stdio_output@@V?$standard_base@_WV?$stream_output_adapter@_W@__crt_stdio_output@@@2@@__crt_stdio_output@@AEAA_NXZ 000000018000cc38 f i libucrt:output.obj
 0001:0000bc38       ?type_case_s@?$output_processor@_WV?$string_output_adapter@_W@__crt_stdio_output@@V?$standard_base@_WV?$string_output_adapter@_W@__crt_stdio_output@@@2@@__crt_stdio_output@@AEAA_NXZ 000000018000cc38 f i libucrt:output.obj
 0001:0000bd00       ?write_stored_string_tchar@?$output_processor@DV?$string_output_adapter@D@__crt_stdio_output@@V?$format_validation_base@DV?$string_output_adapter@D@__crt_stdio_output@@@2@@__crt_stdio_output@@AEAA_ND@Z 000000018000cd00 f i libucrt:output.obj
 0001:0000bdd8       ?write_stored_string_tchar@?$output_processor@_WV?$stream_output_adapter@_W@__crt_stdio_output@@V?$standard_base@_WV?$stream_output_adapter@_W@__crt_stdio_output@@@2@@__crt_stdio_output@@AEAA_N_W@Z 000000018000cdd8 f i libucrt:output.obj
 0001:0000bec4       ?write_stored_string_tchar@?$output_processor@_WV?$string_output_adapter@_W@__crt_stdio_output@@V?$standard_base@_WV?$string_output_adapter@_W@__crt_stdio_output@@@2@@__crt_stdio_output@@AEAA_N_W@Z 000000018000cec4 f i libucrt:output.obj
 0001:0000bfb4       ?write_string@?$stream_output_adapter@_W@__crt_stdio_output@@QEBAXQEB_WHQEAH1@Z 000000018000cfb4 f i libucrt:output.obj
 0001:0000c0c0       ?write_string@?$string_output_adapter@D@__crt_stdio_output@@QEBAXQEBDHQEAH1@Z 000000018000d0c0 f i libucrt:output.obj
 0001:0000c17c       ?write_string@?$string_output_adapter@_W@__crt_stdio_output@@QEBAXQEB_WHQEAH1@Z 000000018000d17c f i libucrt:output.obj
 0001:0000c23c       __stdio_common_vfwprintf   000000018000d23c f   libucrt:output.obj
 0001:0000c2c8       __stdio_common_vsnprintf_s 000000018000d2c8 f   libucrt:output.obj
 0001:0000c424       __stdio_common_vswprintf   000000018000d424 f   libucrt:output.obj
 0001:0000c670       strncpy                    000000018000d670 f   libucrt:strncpy.obj
 0001:0000c7d4       __acrt_initialize_new_handler 000000018000d7d4 f   libucrt:new_handler.obj
 0001:0000c7dc       _callnewh                  000000018000d7dc f   libucrt:new_handler.obj
 0001:0000c81c       _query_new_handler         000000018000d81c f   libucrt:new_handler.obj
 0001:0000c850       _seh_filter_dll            000000018000d850 f   libucrt:exception_filter.obj
 0001:0000c864       _seh_filter_exe            000000018000d864 f   libucrt:exception_filter.obj
 0001:0000cc24       __acrt_initialize_thread_local_exit_callback 000000018000dc24 f   libucrt:exit.obj
 0001:0000cc2c       _cexit                     000000018000dc2c f   libucrt:exit.obj
 0001:0000cc3c       _exit                      000000018000dc3c f   libucrt:exit.obj
 0001:0000cc48       _is_c_termination_complete 000000018000dc48 f   libucrt:exit.obj
 0001:0000ce0c       __acrt_allocate_buffer_for_argv 000000018000de0c f   libucrt:argv_parsing.obj
 0001:0000ce70       _configure_narrow_argv     000000018000de70 f   libucrt:argv_parsing.obj
 0001:0000d1cc       __dcrt_uninitialize_environments_nolock 000000018000e1cc f   libucrt:environment_initialization.obj
 0001:0000d204       _initialize_narrow_environment 000000018000e204 f   libucrt:environment_initialization.obj
 0001:0000d20c       ??$?RV<lambda_b8c45f8f788dd370798f47cfe8ac3a86>@@AEAV<lambda_4e60a939b0d047cfe11ddc22648dfba9>@@V<lambda_332c3edc96d0294ec56c57d38c1cdfd5>@@@?$__crt_seh_guarded_call@H@@QEAAH$$QEAV<lambda_b8c45f8f788dd370798f47cfe8ac3a86>@@AEAV<lambda_4e60a939b0d047cfe11ddc22648dfba9>@@$$QEAV<lambda_332c3edc96d0294ec56c57d38c1cdfd5>@@@Z 000000018000e20c f i libucrt:onexit.obj
 0001:0000d248       ??$?RV<lambda_e24bbb7b643b32fcea6fa61b31d4c984>@@AEAV<lambda_275893d493268fdec8709772e3fcec0e>@@V<lambda_9d71df4d7cf3f480f8d633942495c3b0>@@@?$__crt_seh_guarded_call@H@@QEAAH$$QEAV<lambda_e24bbb7b643b32fcea6fa61b31d4c984>@@AEAV<lambda_275893d493268fdec8709772e3fcec0e>@@$$QEAV<lambda_9d71df4d7cf3f480f8d633942495c3b0>@@@Z 000000018000e248 f i libucrt:onexit.obj
 0001:0000d5c4       _crt_atexit                000000018000e5c4 f   libucrt:onexit.obj
 0001:0000d5d4       _execute_onexit_table      000000018000e5d4 f   libucrt:onexit.obj
 0001:0000d610       _initialize_onexit_table   000000018000e610 f   libucrt:onexit.obj
 0001:0000d650       _register_onexit_function  000000018000e650 f   libucrt:onexit.obj
 0001:0000d6e0       __acrt_uninitialize_command_line 000000018000e6e0 f   libucrt:argv_data.obj
 0001:0000d7d0       __acrt_initialize          000000018000e7d0 f   libucrt:initialization.obj
 0001:0000d7e4       __acrt_thread_attach       000000018000e7e4 f   libucrt:initialization.obj
 0001:0000d7f8       __acrt_thread_detach       000000018000e7f8 f   libucrt:initialization.obj
 0001:0000d808       __acrt_uninitialize        000000018000e808 f   libucrt:initialization.obj
 0001:0000d81c       __acrt_uninitialize_critical 000000018000e81c f   libucrt:initialization.obj
 0001:0000d82c       _initterm                  000000018000e82c f   libucrt:initterm.obj
 0001:0000d8a4       _initterm_e                000000018000e8a4 f   libucrt:initterm.obj
 0001:0000d8f0       terminate                  000000018000e8f0 f   libucrt:terminate.obj
 0001:0000d918       __ascii_strnicmp           000000018000e918 f   libucrt:strnicmp.obj
 0001:0000d960       _strnicmp                  000000018000e960 f   libucrt:strnicmp.obj
 0001:0000d960       strnicmp                   000000018000e960 f   libucrt:strnicmp.obj
 0001:0000d9b0       _strnicmp_l                000000018000e9b0 f   libucrt:strnicmp.obj
 0001:0000da8c       _strdup                    000000018000ea8c f   libucrt:strdup.obj
 0001:0000da8c       strdup                     000000018000ea8c f   libucrt:strdup.obj
 0001:0000db04       strcpy_s                   000000018000eb04 f   libucrt:strcpy_s.obj
 0001:0000db64       _free_base                 000000018000eb64 f   libucrt:free_base.obj
 0001:0000dba4       _malloc_base               000000018000eba4 f   libucrt:malloc_base.obj
 0001:0000dc04       abort                      000000018000ec04 f   libucrt:abort.obj
 0001:0000dc5c       _calloc_base               000000018000ec5c f   libucrt:calloc_base.obj
 0001:0000dcd4       ??$is_overflow_condition@K@__crt_strtox@@YA_NIK@Z 000000018000ecd4 f i libucrt:atox.obj
 0001:0000dd00       ??$parse_integer@KV?$c_string_character_source@D@__crt_strtox@@@__crt_strtox@@YAKQEAU__crt_locale_pointers@@V?$c_string_character_source@D@0@H_N@Z 000000018000ed00 f i libucrt:atox.obj
 0001:0000e014       ??$parse_integer@KV?$c_string_character_source@_W@__crt_strtox@@@__crt_strtox@@YAKQEAU__crt_locale_pointers@@V?$c_string_character_source@_W@0@H_N@Z 000000018000f014 f i libucrt:atox.obj
 0001:0000e6e8       _query_app_type            000000018000f6e8 f   libucrt:report_runtime_error.obj
 0001:0000e6f0       __acrt_errno_from_os_error 000000018000f6f0 f   libucrt:errno.obj
 0001:0000e738       __acrt_errno_map_os_error  000000018000f738 f   libucrt:errno.obj
 0001:0000e788       __doserrno                 000000018000f788 f   libucrt:errno.obj
 0001:0000e7a8       _errno                     000000018000f7a8 f   libucrt:errno.obj
 0001:0000e8f0       _itow_s                    000000018000f8f0 f   libucrt:xtoa.obj
 0001:0000e910       _set_error_mode            000000018000f910 f   libucrt:set_error_mode.obj
 0001:0000e950       wcscat_s                   000000018000f950 f   libucrt:wcscat_s.obj
 0001:0000e9d0       wcscpy_s                   000000018000f9d0 f   libucrt:wcscpy_s.obj
 0001:0000ea38       wcsncat_s                  000000018000fa38 f   libucrt:wcsncat_s.obj
 0001:0000eb60       __acrt_show_wide_message_box 000000018000fb60 f   libucrt:crtmbox.obj
 0001:0000ec7c       __acrt_initialize_stdio    000000018000fc7c f   libucrt:_file.obj
 0001:0000ed9c       __acrt_iob_func            000000018000fd9c f   libucrt:_file.obj
 0001:0000edb0       __acrt_uninitialize_stdio  000000018000fdb0 f   libucrt:_file.obj
 0001:0000ee0c       _lock_file                 000000018000fe0c f   libucrt:_file.obj
 0001:0000ee18       _unlock_file               000000018000fe18 f   libucrt:_file.obj
 0001:0000ee24       __acrt_stdio_flush_nolock  000000018000fe24 f   libucrt:fflush.obj
 0001:0000ee9c       _fflush_nolock             000000018000fe9c f   libucrt:fflush.obj
 0001:0000eee8       _flushall                  000000018000fee8 f   libucrt:fflush.obj
 0001:0000efd8       fflush                     000000018000ffd8 f   libucrt:fflush.obj
 0001:0000f01c       ??$?RV<lambda_7a5ef57ff966f610505f1d28a3d40618>@@AEAV<lambda_b721fa326cdb32351d23dfa67958c160>@@V<lambda_5e0fb27672408a07956fe59e48ccb2aa>@@@?$__crt_seh_guarded_call@H@@QEAAH$$QEAV<lambda_7a5ef57ff966f610505f1d28a3d40618>@@AEAV<lambda_b721fa326cdb32351d23dfa67958c160>@@$$QEAV<lambda_5e0fb27672408a07956fe59e48ccb2aa>@@@Z 000000018001001c f i libucrt:setvbuf.obj
 0001:0000f14c       setvbuf                    000000018001014c f   libucrt:setvbuf.obj
 0001:0000f1ec       ??$?RV<lambda_c36588078e9f5dfd39652860aa6b3aaf>@@AEAV<lambda_ec61778202f4f5fc7e7711acc23c3bca>@@V<lambda_dc9d2797ccde5d239b4a0efae8ebd7db>@@@?$__crt_seh_guarded_call@P6AXH@Z@@QEAAP6AXH@Z$$QEAV<lambda_c36588078e9f5dfd39652860aa6b3aaf>@@AEAV<lambda_ec61778202f4f5fc7e7711acc23c3bca>@@$$QEAV<lambda_dc9d2797ccde5d239b4a0efae8ebd7db>@@@Z 00000001800101ec f i libucrt:signal.obj
 0001:0000f234       __acrt_get_sigabrt_handler 0000000180010234 f   libucrt:signal.obj
 0001:0000f264       __acrt_initialize_signal_handlers 0000000180010264 f   libucrt:signal.obj
 0001:0000f284       raise                      0000000180010284 f   libucrt:signal.obj
 0001:0000f520       ??$?RV<lambda_46352004c1216016012b18bd6f87e700>@@AEAV<lambda_3bd07e1a1191394380780325891bf33f>@@V<lambda_334532d3f185bcaa59b5be82d7d22bff>@@@?$__crt_seh_guarded_call@X@@QEAAX$$QEAV<lambda_46352004c1216016012b18bd6f87e700>@@AEAV<lambda_3bd07e1a1191394380780325891bf33f>@@$$QEAV<lambda_334532d3f185bcaa59b5be82d7d22bff>@@@Z 0000000180010520 f i libucrt:per_thread_data.obj
 0001:0000f580       ??$?RV<lambda_5e887d1dcbef67a5eb4283622ba103bf>@@AEAV<lambda_4466841279450cc726390878d4a41900>@@V<lambda_341c25c0346d94847f1f3c463c57e077>@@@?$__crt_seh_guarded_call@X@@QEAAX$$QEAV<lambda_5e887d1dcbef67a5eb4283622ba103bf>@@AEAV<lambda_4466841279450cc726390878d4a41900>@@$$QEAV<lambda_341c25c0346d94847f1f3c463c57e077>@@@Z 0000000180010580 f i libucrt:per_thread_data.obj
 0001:0000f5c8       ??$?RV<lambda_72d1df2b273a38828b1ce30cbf4cdab5>@@AEAV<lambda_876a65b173b8412d3a47c70a915b0cf4>@@V<lambda_41932305e351933ebe8f8be3ed8bb5dc>@@@?$__crt_seh_guarded_call@X@@QEAAX$$QEAV<lambda_72d1df2b273a38828b1ce30cbf4cdab5>@@AEAV<lambda_876a65b173b8412d3a47c70a915b0cf4>@@$$QEAV<lambda_41932305e351933ebe8f8be3ed8bb5dc>@@@Z 00000001800105c8 f i libucrt:per_thread_data.obj
 0001:0000f608       ??$?RV<lambda_fb3a7dec4e47f37f22dae91bb15c9095>@@AEAV<lambda_698284760c8add0bfb0756c19673e34b>@@V<lambda_dfb8eca1e75fef3034a8fb18dd509707>@@@?$__crt_seh_guarded_call@X@@QEAAX$$QEAV<lambda_fb3a7dec4e47f37f22dae91bb15c9095>@@AEAV<lambda_698284760c8add0bfb0756c19673e34b>@@$$QEAV<lambda_dfb8eca1e75fef3034a8fb18dd509707>@@@Z 0000000180010608 f i libucrt:per_thread_data.obj
 0001:0000f898       __acrt_freeptd             0000000180010898 f   libucrt:per_thread_data.obj
 0001:0000f8dc       __acrt_getptd              00000001800108dc f   libucrt:per_thread_data.obj
 0001:0000f970       __acrt_getptd_noexit       0000000180010970 f   libucrt:per_thread_data.obj
 0001:0000fa10       __acrt_initialize_ptd      0000000180010a10 f   libucrt:per_thread_data.obj
 0001:0000fa4c       __acrt_uninitialize_ptd    0000000180010a4c f   libucrt:per_thread_data.obj
 0001:0000fa70       isdigit                    0000000180010a70 f i libucrt:_ctype.obj
 0001:0000fb34       _tolower_l                 0000000180010b34 f   libucrt:tolower_toupper.obj
 0001:0000fc74       tolower                    0000000180010c74 f   libucrt:tolower_toupper.obj
 0001:0000fca0       ??$make_c_string_character_source@DPEAPEAD@__crt_strtox@@YA?AV?$c_string_character_source@D@0@QEBDQEAPEAD@Z 0000000180010ca0 f i libucrt:strtox.obj
 0001:0000fca0       ??$make_c_string_character_source@_WPEAPEA_W@__crt_strtox@@YA?AV?$c_string_character_source@_W@0@QEB_WQEAPEA_W@Z 0000000180010ca0 f i libucrt:strtox.obj
 0001:0000fcb4       strtol                     0000000180010cb4 f   libucrt:strtox.obj
 0001:0000fce4       wcstol                     0000000180010ce4 f   libucrt:strtox.obj
 0001:0000fd14       _mbtowc_l                  0000000180010d14 f   libucrt:mbtowc.obj
 0001:0000fe5c       mbtowc                     0000000180010e5c f   libucrt:mbtowc.obj
 0001:0000fe64       _wctomb_s_l                0000000180010e64 f   libucrt:wctomb.obj
 0001:0000ffe8       wctomb_s                   0000000180010fe8 f   libucrt:wctomb.obj
 0001:0000fffc       strnlen                    0000000180010ffc f   libucrt:strnlen.obj
 0001:00010158       wcsnlen                    0000000180011158 f   libucrt:strnlen.obj
 0001:00010348       __acrt_update_locale_info  0000000180011348 f   libucrt:locale_update.obj
 0001:0001037c       __acrt_update_multibyte_info 000000018001137c f   libucrt:locale_update.obj
 0001:000103b0       ?__acrt_fp_classify@@YA?AW4__acrt_fp_class@@AEBN@Z 00000001800113b0 f i libucrt:cvt.obj
 0001:00010de8       __acrt_fp_format           0000000180011de8 f   libucrt:cvt.obj
 0001:0001102c       _fputwc_nolock             000000018001202c f   libucrt:fputwc.obj
 0001:000111a8       _fileno                    00000001800121a8 f   libucrt:fileno.obj
 0001:000111d0       _fputc_nolock              00000001800121d0 f   libucrt:fputc.obj
 0001:000111e8       _get_printf_count_output   00000001800121e8 f   libucrt:printf_count_output.obj
 0001:00011200       __acrt_stdio_begin_temporary_buffering_nolock 0000000180012200 f   libucrt:_sftbuf.obj
 0001:000112d0       __acrt_stdio_end_temporary_buffering_nolock 00000001800122d0 f   libucrt:_sftbuf.obj
 0001:0001130c       __acrt_set_locale_changed  000000018001230c f   libucrt:wsetlocale.obj
 0001:00011318       __acrt_uninitialize_locale 0000000180012318 f   libucrt:wsetlocale.obj
 0001:00011548       __acrt_initialize_lowio    0000000180012548 f   libucrt:ioinit.obj
 0001:00011584       __acrt_uninitialize_lowio  0000000180012584 f   libucrt:ioinit.obj
 0001:000115c4       __acrt_initialize_locks    00000001800125c4 f   libucrt:locks.obj
 0001:0001160c       __acrt_lock                000000018001260c f   libucrt:locks.obj
 0001:00011628       __acrt_uninitialize_locks  0000000180012628 f   libucrt:locks.obj
 0001:00011660       __acrt_unlock              0000000180012660 f   libucrt:locks.obj
 0001:0001181c       __acrt_FlsAlloc            000000018001281c f   libucrt:winapi_thunks.obj
 0001:00011874       __acrt_FlsFree             0000000180012874 f   libucrt:winapi_thunks.obj
 0001:000118cc       __acrt_FlsGetValue         00000001800128cc f   libucrt:winapi_thunks.obj
 0001:00011924       __acrt_FlsSetValue         0000000180012924 f   libucrt:winapi_thunks.obj
 0001:0001198c       __acrt_InitializeCriticalSectionEx 000000018001298c f   libucrt:winapi_thunks.obj
 0001:00011a04       __acrt_LCMapStringEx       0000000180012a04 f   libucrt:winapi_thunks.obj
 0001:00011af4       __acrt_LocaleNameToLCID    0000000180012af4 f   libucrt:winapi_thunks.obj
 0001:00011b5c       __acrt_MessageBoxW         0000000180012b5c f   libucrt:winapi_thunks.obj
 0001:00011be4       __acrt_can_show_message_box 0000000180012be4 f   libucrt:winapi_thunks.obj
 0001:00011c40       __acrt_get_parent_window   0000000180012c40 f   libucrt:winapi_thunks.obj
 0001:00011cd0       __acrt_initialize_winapi_thunks 0000000180012cd0 f   libucrt:winapi_thunks.obj
 0001:00011d08       __acrt_is_interactive      0000000180012d08 f   libucrt:winapi_thunks.obj
 0001:00011ddc       __acrt_is_packaged_app     0000000180012ddc f   libucrt:winapi_thunks.obj
 0001:00011e64       __acrt_uninitialize_winapi_thunks 0000000180012e64 f   libucrt:winapi_thunks.obj
 0001:00012384       ?expand_if_necessary@?$argument_list@D@?A0xca0879c4@@AEAAHXZ 0000000180013384 f i libucrt:argv_wildcards.obj
 0001:0001244c       __acrt_expand_narrow_argv_wildcards 000000018001344c f   libucrt:argv_wildcards.obj
 0001:00012454       ??$?RV<lambda_99476a1ad63dd22509b5d3e65b0ffc95>@@AEAV<lambda_ad1ced32f4ac17aa236e5ef05d6b3b7c>@@V<lambda_f7424dd8d45958661754dc4f2697e9c3>@@@?$__crt_seh_guarded_call@X@@QEAAX$$QEAV<lambda_99476a1ad63dd22509b5d3e65b0ffc95>@@AEAV<lambda_ad1ced32f4ac17aa236e5ef05d6b3b7c>@@$$QEAV<lambda_f7424dd8d45958661754dc4f2697e9c3>@@@Z 0000000180013454 f i libucrt:mbctype.obj
 0001:00012b50       __acrt_initialize_multibyte 0000000180013b50 f   libucrt:mbctype.obj
 0001:00012b78       __acrt_update_thread_multibyte_data 0000000180013b78 f   libucrt:mbctype.obj
 0001:00012c38       _setmbcp_nolock            0000000180013c38 f   libucrt:mbctype.obj
 0001:00012f58       _ismbblead                 0000000180013f58 f   libucrt:ismbbyte.obj
 0001:00012f6c       __acrt_initialize_command_line 0000000180013f6c f   libucrt:argv_data.obj
 0001:00012f94       __dcrt_get_narrow_environment_from_os 0000000180013f94 f   libucrt:get_environment_from_os.obj
 0001:00013098       _recalloc                  0000000180014098 f   libucrt:recalloc.obj
 0001:000130a0       _recalloc_base             00000001800140a0 f   libucrt:recalloc.obj
 0001:00013138       __acrt_initialize_heap     0000000180014138 f   libucrt:heap_handle.obj
 0001:00013154       __acrt_uninitialize_heap   0000000180014154 f   libucrt:heap_handle.obj
 0001:00013160       __acrt_execute_initializers 0000000180014160 f   libucrt:shared_initialization.obj
 0001:000131f4       __acrt_execute_uninitializers 00000001800141f4 f   libucrt:shared_initialization.obj
 0001:00013244       __acrt_has_user_matherr    0000000180014244 f   libucrt:matherr.obj
 0001:00013264       __acrt_initialize_user_matherr 0000000180014264 f   libucrt:matherr.obj
 0001:0001326c       __acrt_invoke_user_matherr 000000018001426c f   libucrt:matherr.obj
 0001:000132b4       _query_new_mode            00000001800142b4 f   libucrt:new_mode.obj
 0001:000132bc       __pctype_func              00000001800142bc f   libucrt:ctype.obj
 0001:000132ec       iswctype                   00000001800142ec f   libucrt:iswctype.obj
 0001:0001335c       _isctype_l                 000000018001435c f   libucrt:isctype.obj
 0001:0001346c       _fcloseall                 000000018001446c f   libucrt:closeall.obj
 0001:00013520       __acrt_stdio_free_buffer_nolock 0000000180014520 f   libucrt:_freebuf.obj
 0001:00013560       ??$?RV<lambda_b521505b218e5242e90febf6bfebc422>@@AEAV<lambda_6978c1fb23f02e42e1d9e99668cc68aa>@@V<lambda_314360699dd331753a4119843814e9a7>@@@?$__crt_seh_guarded_call@H@@QEAAH$$QEAV<lambda_b521505b218e5242e90febf6bfebc422>@@AEAV<lambda_6978c1fb23f02e42e1d9e99668cc68aa>@@$$QEAV<lambda_314360699dd331753a4119843814e9a7>@@@Z 0000000180014560 f i libucrt:commit.obj
 0001:000135ec       _commit                    00000001800145ec f   libucrt:commit.obj
 0001:00013c20       _write                     0000000180014c20 f   libucrt:write.obj
 0001:00013d0c       _write_nolock              0000000180014d0c f   libucrt:write.obj
 0001:00013ff0       __acrt_add_locale_ref      0000000180014ff0 f   libucrt:locale_refcounting.obj
 0001:0001407c       __acrt_free_locale         000000018001507c f   libucrt:locale_refcounting.obj
 0001:000141f4       __acrt_locale_add_lc_time_reference 00000001800151f4 f   libucrt:locale_refcounting.obj
 0001:0001421c       __acrt_locale_free_lc_time_if_unreferenced 000000018001521c f   libucrt:locale_refcounting.obj
 0001:00014254       __acrt_locale_release_lc_time_reference 0000000180015254 f   libucrt:locale_refcounting.obj
 0001:0001427c       __acrt_release_locale_ref  000000018001527c f   libucrt:locale_refcounting.obj
 0001:00014324       __acrt_update_thread_locale_data 0000000180015324 f   libucrt:locale_refcounting.obj
 0001:00014394       _updatetlocinfoEx_nolock   0000000180015394 f   libucrt:locale_refcounting.obj
 0001:000143fc       _isleadbyte_l              00000001800153fc f i libucrt:_wctype.obj
 0001:00014798       __acrt_LCMapStringA        0000000180015798 f   libucrt:lcmapstringa.obj
 0001:00014830       __acrt_fp_strflt_to_string 0000000180015830 f   libucrt:_fptostr.obj
 0001:000148f0       ?divide@__crt_strtox@@YA_KAEAUbig_integer@1@AEBU21@@Z 00000001800158f0 f i libucrt:cfout.obj
 0001:00014dc0       __acrt_fltout              0000000180015dc0 f   libucrt:cfout.obj
 0001:000163c4       __acrt_stdio_flush_and_write_narrow_nolock 00000001800173c4 f   libucrt:_flsbuf.obj
 0001:000164ac       __acrt_stdio_flush_and_write_wide_nolock 00000001800174ac f   libucrt:_flsbuf.obj
 0001:00016598       _isatty                    0000000180017598 f   libucrt:isatty.obj
 0001:000165f8       __acrt_locale_free_monetary 00000001800175f8 f   libucrt:initmon.obj
 0001:00016704       __acrt_locale_free_numeric 0000000180017704 f   libucrt:initnum.obj
 0001:000167c8       __acrt_locale_free_time    00000001800177c8 f   libucrt:inittime.obj
 0001:000168d0       __acrt_GetStringTypeA      00000001800178d0 f   libucrt:getstringtypea.obj
 0001:00016a84       __acrt_lowio_create_handle_array 0000000180017a84 f   libucrt:osfinfo.obj
 0001:00016b1c       __acrt_lowio_destroy_handle_array 0000000180017b1c f   libucrt:osfinfo.obj
 0001:00016b6c       __acrt_lowio_ensure_fh_exists 0000000180017b6c f   libucrt:osfinfo.obj
 0001:00016c24       __acrt_lowio_lock_fh       0000000180017c24 f   libucrt:osfinfo.obj
 0001:00016c48       __acrt_lowio_unlock_fh     0000000180017c48 f   libucrt:osfinfo.obj
 0001:00016c6c       _free_osfhnd               0000000180017c6c f   libucrt:osfinfo.obj
 0001:00016d28       _get_osfhandle             0000000180017d28 f   libucrt:osfinfo.obj
 0001:00016e68       __acrt_DownlevelLocaleNameToLCID 0000000180017e68 f   libucrt:lcidtoname_downlevel.obj
 0001:00016f70       qsort                      0000000180017f70 f   libucrt:qsort.obj
 0001:000172a4       strpbrk                    00000001800182a4 f   libucrt:strpbrk.obj
 0001:00017344       _mbsdec                    0000000180018344 f   libucrt:mbsdec.obj
 0001:0001734c       _mbsdec_l                  000000018001834c f   libucrt:mbsdec.obj
 0001:000173fc       _msize                     00000001800183fc f   libucrt:msize.obj
 0001:00017438       _realloc_base              0000000180018438 f   libucrt:realloc_base.obj
 0001:000174bc       _fclose_nolock             00000001800184bc f   libucrt:fclose.obj
 0001:00017540       fclose                     0000000180018540 f   libucrt:fclose.obj
 0001:00017738       _lseeki64                  0000000180018738 f   libucrt:lseek.obj
 0001:00017740       _lseeki64_nolock           0000000180018740 f   libucrt:lseek.obj
 0001:00017748       _putwch_nolock             0000000180018748 f   libucrt:putwch.obj
 0001:000177a4       __strncnt                  00000001800187a4 f   libucrt:strncnt.obj
 0001:000177bc       fegetenv                   00000001800187bc f   libucrt:fegetenv.obj
 0001:000177dc       fesetenv                   00000001800187dc f   libucrt:fesetenv.obj
 0001:00017828       feholdexcept               0000000180018828 f   libucrt:feholdexcept.obj
 0001:00017878       ceil                       0000000180018878 f   libucrt:ceil.obj
 0001:00017940       log10                      0000000180018940 f   libucrt:log10.obj
 0001:00017eec       __acrt_stdio_allocate_buffer_nolock 0000000180018eec f   libucrt:_getbuf.obj
 0001:00017f50       ??$?RV<lambda_bfedae4ebbf01fab1bb6dcc6a9e276e0>@@AEAV<lambda_2fe9b910cf3cbf4a0ab98a02ba45b3ec>@@V<lambda_237c231691f317818eb88cc1d5d642d6>@@@?$__crt_seh_guarded_call@H@@QEAAH$$QEAV<lambda_bfedae4ebbf01fab1bb6dcc6a9e276e0>@@AEAV<lambda_2fe9b910cf3cbf4a0ab98a02ba45b3ec>@@$$QEAV<lambda_237c231691f317818eb88cc1d5d642d6>@@@Z 0000000180018f50 f i libucrt:close.obj
 0001:00017fc4       _close                     0000000180018fc4 f   libucrt:close.obj
 0001:00018068       _close_nolock              0000000180019068 f   libucrt:close.obj
 0001:00018124       ?__acrt_stdio_free_stream@@YAXV__crt_stdio_stream@@@Z 0000000180019124 f   libucrt:stream.obj
 0001:00018168       __dcrt_lowio_initialize_console_output 0000000180019168 f   libucrt:initcon.obj
 0001:000181a4       __dcrt_terminate_console_output 00000001800191a4 f   libucrt:initcon.obj
 0001:000181c4       _getfpcontrolword          00000001800191c4 f   libucrt:_fenvutils.obj
 0001:000181dc       _getfpstatusword           00000001800191dc f   libucrt:_fenvutils.obj
 0001:000181f0       _setfpcontrolword          00000001800191f0 f   libucrt:_fenvutils.obj
 0001:000181fc       _setfpstatusword           00000001800191fc f   libucrt:_fenvutils.obj
 0001:0001824c       _clearfp                   000000018001924c f   libucrt:ieee.obj
 0001:000182a0       _controlfp                 00000001800192a0 f   libucrt:ieee.obj
 0001:000182ac       _statusfp                  00000001800192ac f   libucrt:ieee.obj
 0001:000186b0       _handle_error              00000001800196b0 f   libucrt:libm_error.obj
 0001:000187d8       _handle_nan                00000001800197d8 f   libucrt:libm_error.obj
 0001:00018800       __acrt_initialize_fma3     0000000180019800 f   libucrt:fma3_available.obj
 0001:00018870       _log10_special             0000000180019870 f   libucrt:log_special.obj
 0001:00018940       _get_fpsr                  0000000180019940 f   libucrt:fpsr.obj
 0001:00018950       _set_fpsr                  0000000180019950 f   libucrt:fpsr.obj
 0001:0001895a       _fclrf                     000000018001995a f   libucrt:fpsr.obj
 0001:0001896e       _frnd                      000000018001996e f   libucrt:fpsr.obj
 0001:00018990       _raise_exc                 0000000180019990 f   libucrt:fpexcept.obj
 0001:000189b8       _raise_exc_ex              00000001800199b8 f   libucrt:fpexcept.obj
 0001:00018cc0       _set_errno_from_matherr    0000000180019cc0 f   libucrt:fpexcept.obj
 0001:00018cf0       _clrfp                     0000000180019cf0 f   libucrt:fpctrl.obj
 0001:00018d10       _ctrlfp                    0000000180019d10 f   libucrt:fpctrl.obj
 0001:00018d8c       _set_statfp                0000000180019d8c f   libucrt:fpctrl.obj
 0001:00018dac       _statfp                    0000000180019dac f   libucrt:fpctrl.obj
 0001:00018dbe       IsProcessorFeaturePresent  0000000180019dbe f   kernel32:KERNEL32.dll
 0001:00018dc4       RtlUnwindEx                0000000180019dc4 f   kernel32:KERNEL32.dll
 0001:00018dd0       _FindPESection             0000000180019dd0 f   LIBCMT:pesect.obj
 0001:00018e20       _IsNonwritableInCurrentImage 0000000180019e20 f   LIBCMT:pesect.obj
 0001:00018e70       _ValidateImageBase         0000000180019e70 f   LIBCMT:pesect.obj
 0001:00018ea0       __GSHandlerCheck           0000000180019ea0 f   LIBCMT:_gshandler_.obj
 0001:00018ec0       __GSHandlerCheckCommon     0000000180019ec0 f   LIBCMT:_gshandler_.obj
 0001:00018f30       _alloca_probe              0000000180019f30 f   LIBCMT:_chkstk_.obj
 0001:00018f30       __chkstk                   0000000180019f30 f   LIBCMT:_chkstk_.obj
 0001:00018f84       strrchr                    0000000180019f84 f   libvcruntime:strrchr.obj
 0001:000190e0       memcmp                     000000018001a0e0 f   libvcruntime:memcmp.obj
 0001:000191a8       __GSHandlerCheck_EH        000000018001a1a8 f   LIBCMT:gshandlereh.obj
 0001:00019228       ?_ExecutionInCatch@@YAHPEAU_xDISPATCHER_CONTEXT@@PEBU_s_FuncInfo@@@Z 000000018001a228 f   libvcruntime:trnsctrl.obj
 0001:0001929c       ?_GetEstablisherFrame@@YAPEA_KPEA_KPEAU_xDISPATCHER_CONTEXT@@PEBU_s_FuncInfo@@0@Z 000000018001a29c f   libvcruntime:trnsctrl.obj
 0001:00019368       ?_GetRangeOfTrysToCheck@@YAPEBU_s_TryBlockMapEntry@@PEA_KPEBU_s_FuncInfo@@HHPEAI2PEAU_xDISPATCHER_CONTEXT@@@Z 000000018001a368 f   libvcruntime:trnsctrl.obj
 0001:00019494       ?__FrameUnwindToEmptyState@@YAXPEA_KPEAU_xDISPATCHER_CONTEXT@@PEBU_s_FuncInfo@@@Z 000000018001a494 f   libvcruntime:trnsctrl.obj
 0001:00019528       ?__SehTransFilter@@YAHPEAU_EXCEPTION_POINTERS@@PEAUEHExceptionRecord@@PEA_KPEAU_CONTEXT@@PEAU_xDISPATCHER_CONTEXT@@PEBU_s_FuncInfo@@PEAH@Z 000000018001a528 f   libvcruntime:trnsctrl.obj
 0001:000195c0       _CallSETranslator          000000018001a5c0 f   libvcruntime:trnsctrl.obj
 0001:00019618       _CreateFrameInfo           000000018001a618 f   libvcruntime:trnsctrl.obj
 0001:00019654       _FindAndUnlinkFrame        000000018001a654 f   libvcruntime:trnsctrl.obj
 0001:000196ac       _GetImageBase              000000018001a6ac f   libvcruntime:trnsctrl.obj
 0001:000196c0       _GetThrowImageBase         000000018001a6c0 f   libvcruntime:trnsctrl.obj
 0001:000196d4       _IsExceptionObjectToBeDestroyed 000000018001a6d4 f   libvcruntime:trnsctrl.obj
 0001:00019704       _SetImageBase              000000018001a704 f   libvcruntime:trnsctrl.obj
 0001:0001971c       _SetThrowImageBase         000000018001a71c f   libvcruntime:trnsctrl.obj
 0001:00019734       _UnwindNestedFrames        000000018001a734 f   libvcruntime:trnsctrl.obj
 0001:00019858       __CxxFrameHandler3         000000018001a858 f   libvcruntime:trnsctrl.obj
 0001:000198d8       ?__GetCurrentState@@YAHPEA_KPEAU_xDISPATCHER_CONTEXT@@PEBU_s_FuncInfo@@@Z 000000018001a8d8 f   libvcruntime:ehstate.obj
 0001:00019900       ?__GetUnwindTryBlock@@YAHPEA_KPEAU_xDISPATCHER_CONTEXT@@PEBU_s_FuncInfo@@@Z 000000018001a900 f   libvcruntime:ehstate.obj
 0001:0001992c       ?__SetState@@YAXPEA_KPEAU_xDISPATCHER_CONTEXT@@PEBU_s_FuncInfo@@H@Z 000000018001a92c f   libvcruntime:ehstate.obj
 0001:00019938       ?__SetUnwindTryBlock@@YAXPEA_KPEAU_xDISPATCHER_CONTEXT@@PEBU_s_FuncInfo@@H@Z 000000018001a938 f   libvcruntime:ehstate.obj
 0001:00019974       ?__StateFromControlPc@@YAHPEBU_s_FuncInfo@@PEAU_xDISPATCHER_CONTEXT@@@Z 000000018001a974 f   libvcruntime:ehstate.obj
 0001:0001997c       ?__StateFromIp@@YAHPEBU_s_FuncInfo@@PEAU_xDISPATCHER_CONTEXT@@_J@Z 000000018001a97c f   libvcruntime:ehstate.obj
 0001:000199e8       __DestructExceptionObject  000000018001a9e8 f   libvcruntime:frame.obj
 0001:00019a70       ??0bad_exception@std@@QEAA@AEBV01@@Z 000000018001aa70 f i libvcruntime:frame.obj
 0001:00019ab0       ??0bad_exception@std@@QEAA@XZ 000000018001aab0 f i libvcruntime:frame.obj
 0001:00019ad0       ??1bad_alloc@std@@UEAA@XZ  000000018001aad0 f i libcpmt:xthrow.obj
 0001:00019ad0       ??1bad_array_new_length@std@@UEAA@XZ 000000018001aad0 f i LIBCMT:throw_bad_alloc.obj
 0001:00019ad0       ??1length_error@std@@UEAA@XZ 000000018001aad0 f i libcpmt:xthrow.obj
 0001:00019ad0       ??1bad_exception@std@@UEAA@XZ 000000018001aad0 f i libvcruntime:frame.obj
 0001:00019ad0       ??1out_of_range@std@@UEAA@XZ 000000018001aad0 f i libcpmt:xthrow.obj
 0001:0001a440       ?_CallMemberFunction0@@YAXPEAXP6AX0@Z@Z 000000018001b440 f i libvcruntime:frame.obj
 0001:0001a444       ?_CallMemberFunction1@@YAXPEAXP6AX0@Z0@Z 000000018001b444 f i libvcruntime:frame.obj
 0001:0001a450       ?_CallMemberFunction2@@YAXPEAXP6AX0@Z0H@Z 000000018001b450 f i libvcruntime:frame.obj
 0001:0001a460       __AdjustPointer            000000018001b460 f   libvcruntime:frame.obj
 0001:0001a484       __BuildCatchObject         000000018001b484 f   libvcruntime:frame.obj
 0001:0001a548       __BuildCatchObjectHelper   000000018001b548 f   libvcruntime:frame.obj
 0001:0001a728       __CxxCallCatchBlock        000000018001b728 f   libvcruntime:frame.obj
 0001:0001a914       __FrameUnwindFilter        000000018001b914 f   libvcruntime:frame.obj
 0001:0001a960       __FrameUnwindToState       000000018001b960 f   libvcruntime:frame.obj
 0001:0001aaf4       __InternalCxxFrameHandler  000000018001baf4 f   libvcruntime:frame.obj
 0001:0001ad4c       __TypeMatch                000000018001bd4c f   libvcruntime:frame.obj
 0001:0001aea0       _CallSettingFrame          000000018001bea0 f   libvcruntime:handlers.obj
 0001:0001aef0       _guard_dispatch_icall_nop  000000018001bef0 f   LIBCMT:_guard_dispatch_.obj
 0002:00000000       __imp_RegQueryValueExA     000000018001d000     advapi32:ADVAPI32.dll
 0002:00000008       __imp_RegCloseKey          000000018001d008     advapi32:ADVAPI32.dll
 0002:00000010       \177ADVAPI32_NULL_THUNK_DATA 000000018001d010     advapi32:ADVAPI32.dll
 0002:00000018       __imp_GetCommModemStatus   000000018001d018     kernel32:KERNEL32.dll
 0002:00000020       __imp_GetCommMask          000000018001d020     kernel32:KERNEL32.dll
 0002:00000028       __imp_GetLastError         000000018001d028     kernel32:KERNEL32.dll
 0002:00000030       __imp_EscapeCommFunction   000000018001d030     kernel32:KERNEL32.dll
 0002:00000038       __imp_CreateFileA          000000018001d038     kernel32:KERNEL32.dll
 0002:00000040       __imp_LoadLibraryA         000000018001d040     kernel32:KERNEL32.dll
 0002:00000048       __imp_GetCommState         000000018001d048     kernel32:KERNEL32.dll
 0002:00000050       __imp_CloseHandle          000000018001d050     kernel32:KERNEL32.dll
 0002:00000058       __imp_PurgeComm            000000018001d058     kernel32:KERNEL32.dll
 0002:00000060       __imp_SetCommMask          000000018001d060     kernel32:KERNEL32.dll
 0002:00000068       __imp_GetProcAddress       000000018001d068     kernel32:KERNEL32.dll
 0002:00000070       __imp_CreateEventA         000000018001d070     kernel32:KERNEL32.dll
 0002:00000078       __imp_SetCommTimeouts      000000018001d078     kernel32:KERNEL32.dll
 0002:00000080       __imp_SetCommState         000000018001d080     kernel32:KERNEL32.dll
 0002:00000088       __imp_FlushFileBuffers     000000018001d088     kernel32:KERNEL32.dll
 0002:00000090       __imp_WriteFile            000000018001d090     kernel32:KERNEL32.dll
 0002:00000098       __imp_GetOverlappedResult  000000018001d098     kernel32:KERNEL32.dll
 0002:000000a0       __imp_ReadFile             000000018001d0a0     kernel32:KERNEL32.dll
 0002:000000a8       __imp_CreateFileW          000000018001d0a8     kernel32:KERNEL32.dll
 0002:000000b0       __imp_SetFilePointerEx     000000018001d0b0     kernel32:KERNEL32.dll
 0002:000000b8       __imp_HeapReAlloc          000000018001d0b8     kernel32:KERNEL32.dll
 0002:000000c0       __imp_HeapSize             000000018001d0c0     kernel32:KERNEL32.dll
 0002:000000c8       __imp_SetStdHandle         000000018001d0c8     kernel32:KERNEL32.dll
 0002:000000d0       __imp_GetConsoleMode       000000018001d0d0     kernel32:KERNEL32.dll
 0002:000000d8       __imp_GetConsoleCP         000000018001d0d8     kernel32:KERNEL32.dll
 0002:000000e0       __imp_GetStringTypeW       000000018001d0e0     kernel32:KERNEL32.dll
 0002:000000e8       __imp_GetProcessHeap       000000018001d0e8     kernel32:KERNEL32.dll
 0002:000000f0       __imp_FreeEnvironmentStringsW 000000018001d0f0     kernel32:KERNEL32.dll
 0002:000000f8       __imp_GetEnvironmentStringsW 000000018001d0f8     kernel32:KERNEL32.dll
 0002:00000100       __imp_GetCommandLineW      000000018001d100     kernel32:KERNEL32.dll
 0002:00000108       __imp_GetCommandLineA      000000018001d108     kernel32:KERNEL32.dll
 0002:00000110       __imp_GetCPInfo            000000018001d110     kernel32:KERNEL32.dll
 0002:00000118       __imp_GetOEMCP             000000018001d118     kernel32:KERNEL32.dll
 0002:00000120       __imp_IsValidCodePage      000000018001d120     kernel32:KERNEL32.dll
 0002:00000128       __imp_FindNextFileA        000000018001d128     kernel32:KERNEL32.dll
 0002:00000130       __imp_FindFirstFileExA     000000018001d130     kernel32:KERNEL32.dll
 0002:00000138       __imp_FindClose            000000018001d138     kernel32:KERNEL32.dll
 0002:00000140       __imp_LCMapStringW         000000018001d140     kernel32:KERNEL32.dll
 0002:00000148       __imp_GetACP               000000018001d148     kernel32:KERNEL32.dll
 0002:00000150       __imp_CreateThread         000000018001d150     kernel32:KERNEL32.dll
 0002:00000158       __imp_WaitForSingleObjectEx 000000018001d158     kernel32:KERNEL32.dll
 0002:00000160       __imp_OutputDebugStringW   000000018001d160     kernel32:KERNEL32.dll
 0002:00000168       __imp_HeapAlloc            000000018001d168     kernel32:KERNEL32.dll
 0002:00000170       __imp_HeapFree             000000018001d170     kernel32:KERNEL32.dll
 0002:00000178       __imp_WideCharToMultiByte  000000018001d178     kernel32:KERNEL32.dll
 0002:00000180       __imp_MultiByteToWideChar  000000018001d180     kernel32:KERNEL32.dll
 0002:00000188       __imp_ExitProcess          000000018001d188     kernel32:KERNEL32.dll
 0002:00000190       __imp_WriteConsoleW        000000018001d190     kernel32:KERNEL32.dll
 0002:00000198       __imp_GetModuleHandleExW   000000018001d198     kernel32:KERNEL32.dll
 0002:000001a0       __imp_GetModuleFileNameW   000000018001d1a0     kernel32:KERNEL32.dll
 0002:000001a8       __imp_GetModuleFileNameA   000000018001d1a8     kernel32:KERNEL32.dll
 0002:000001b0       __imp_GetFileType          000000018001d1b0     kernel32:KERNEL32.dll
 0002:000001b8       __imp_GetStdHandle         000000018001d1b8     kernel32:KERNEL32.dll
 0002:000001c0       __imp_LoadLibraryExW       000000018001d1c0     kernel32:KERNEL32.dll
 0002:000001c8       __imp_FreeLibrary          000000018001d1c8     kernel32:KERNEL32.dll
 0002:000001d0       __imp_TlsFree              000000018001d1d0     kernel32:KERNEL32.dll
 0002:000001d8       __imp_TlsSetValue          000000018001d1d8     kernel32:KERNEL32.dll
 0002:000001e0       __imp_TlsGetValue          000000018001d1e0     kernel32:KERNEL32.dll
 0002:000001e8       __imp_TlsAlloc             000000018001d1e8     kernel32:KERNEL32.dll
 0002:000001f0       __imp_InitializeCriticalSectionAndSpinCount 000000018001d1f0     kernel32:KERNEL32.dll
 0002:000001f8       __imp_DeleteCriticalSection 000000018001d1f8     kernel32:KERNEL32.dll
 0002:00000200       __imp_LeaveCriticalSection 000000018001d200     kernel32:KERNEL32.dll
 0002:00000208       __imp_EnterCriticalSection 000000018001d208     kernel32:KERNEL32.dll
 0002:00000210       __imp_SetLastError         000000018001d210     kernel32:KERNEL32.dll
 0002:00000218       __imp_InterlockedFlushSList 000000018001d218     kernel32:KERNEL32.dll
 0002:00000220       __imp_RtlUnwindEx          000000018001d220     kernel32:KERNEL32.dll
 0002:00000228       __imp_RaiseException       000000018001d228     kernel32:KERNEL32.dll
 0002:00000230       __imp_RtlPcToFileHeader    000000018001d230     kernel32:KERNEL32.dll
 0002:00000238       __imp_InitializeSListHead  000000018001d238     kernel32:KERNEL32.dll
 0002:00000240       __imp_GetSystemTimeAsFileTime 000000018001d240     kernel32:KERNEL32.dll
 0002:00000248       __imp_EncodePointer        000000018001d248     kernel32:KERNEL32.dll
 0002:00000250       __imp_GetCurrentThreadId   000000018001d250     kernel32:KERNEL32.dll
 0002:00000258       __imp_GetCurrentProcessId  000000018001d258     kernel32:KERNEL32.dll
 0002:00000260       __imp_QueryPerformanceCounter 000000018001d260     kernel32:KERNEL32.dll
 0002:00000268       __imp_GetModuleHandleW     000000018001d268     kernel32:KERNEL32.dll
 0002:00000270       __imp_GetStartupInfoW      000000018001d270     kernel32:KERNEL32.dll
 0002:00000278       __imp_IsDebuggerPresent    000000018001d278     kernel32:KERNEL32.dll
 0002:00000280       __imp_IsProcessorFeaturePresent 000000018001d280     kernel32:KERNEL32.dll
 0002:00000288       __imp_TerminateProcess     000000018001d288     kernel32:KERNEL32.dll
 0002:00000290       __imp_RtlCaptureContext    000000018001d290     kernel32:KERNEL32.dll
 0002:00000298       __imp_RtlLookupFunctionEntry 000000018001d298     kernel32:KERNEL32.dll
 0002:000002a0       __imp_RtlVirtualUnwind     000000018001d2a0     kernel32:KERNEL32.dll
 0002:000002a8       __imp_UnhandledExceptionFilter 000000018001d2a8     kernel32:KERNEL32.dll
 0002:000002b0       __imp_SetUnhandledExceptionFilter 000000018001d2b0     kernel32:KERNEL32.dll
 0002:000002b8       __imp_GetCurrentProcess    000000018001d2b8     kernel32:KERNEL32.dll
 0002:000002c0       \177KERNEL32_NULL_THUNK_DATA 000000018001d2c0     kernel32:KERNEL32.dll
 0002:000002c8       __imp_SetupDiGetDeviceRegistryPropertyA 000000018001d2c8     setupapi:SETUPAPI.dll
 0002:000002d0       __imp_SetupDiEnumDeviceInfo 000000018001d2d0     setupapi:SETUPAPI.dll
 0002:000002d8       __imp_SetupDiGetDeviceInstanceIdA 000000018001d2d8     setupapi:SETUPAPI.dll
 0002:000002e0       __imp_SetupDiOpenDevRegKey 000000018001d2e0     setupapi:SETUPAPI.dll
 0002:000002e8       __imp_SetupDiGetClassDevsA 000000018001d2e8     setupapi:SETUPAPI.dll
 0002:000002f0       __imp_SetupDiDestroyDeviceInfoList 000000018001d2f0     setupapi:SETUPAPI.dll
 0002:000002f8       \177SETUPAPI_NULL_THUNK_DATA 000000018001d2f8     setupapi:SETUPAPI.dll
 0002:00000300       __imp_?Data@Buffer@node@@YAPEADV?$Local@VObject@v8@@@v8@@@Z 000000018001d300     iojs:node.dll
 0002:00000308       __imp_?HasInstance@Buffer@node@@YA_NV?$Local@VValue@v8@@@v8@@@Z 000000018001d308     iojs:node.dll
 0002:00000310       __imp_?Set@Object@v8@@QEAA?AV?$Maybe@_N@2@V?$Local@VContext@v8@@@2@IV?$Local@VValue@v8@@@2@@Z 000000018001d310     iojs:node.dll
[...]
 0004:0000138c       $pdata$??$common_lseek_nolock@_J@@YA_JH_JH@Z 000000018002f38c     libucrt:lseek.obj
 0004:00001398       $pdata$_putwch_nolock      000000018002f398     libucrt:putwch.obj
 0004:000013a4       $pdata$fegetenv            000000018002f3a4     libucrt:fegetenv.obj
 0004:000013b0       $pdata$fesetenv            000000018002f3b0     libucrt:fesetenv.obj
 0004:000013bc       $pdata$feholdexcept        000000018002f3bc     libucrt:feholdexcept.obj
 0004:000013d4       $pdata$__acrt_stdio_allocate_buffer_nolock 000000018002f3d4     libucrt:_getbuf.obj
 0004:000013e0       $pdata$??$?RV<lambda_bfedae4ebbf01fab1bb6dcc6a9e276e0>@@AEAV<lambda_2fe9b910cf3cbf4a0ab98a02ba45b3ec>@@V<lambda_237c231691f317818eb88cc1d5d642d6>@@@?$__crt_seh_guarded_call@H@@QEAAH$$QEAV<lambda_bfedae4ebbf01fab1bb6dcc6a9e276e0>@@AEAV<lambda_2fe9b910cf3cbf4a0ab98a02ba45b3ec>@@$$QEAV<lambda_237c231691f317818eb88cc1d5d642d6>@@@Z 000000018002f3e0     libucrt:close.obj
 0004:000013ec       $pdata$_close              000000018002f3ec     libucrt:close.obj
 0004:000013f8       $pdata$_close_nolock       000000018002f3f8     libucrt:close.obj
 0004:00001404       $pdata$__dcrt_lowio_initialize_console_output 000000018002f404     libucrt:initcon.obj
 0004:00001410       $pdata$__dcrt_terminate_console_output 000000018002f410     libucrt:initcon.obj
 0004:0000141c       $pdata$_getfpcontrolword   000000018002f41c     libucrt:_fenvutils.obj
 0004:00001428       $pdata$_getfpstatusword    000000018002f428     libucrt:_fenvutils.obj
 0004:00001434       $pdata$_setfpstatusword    000000018002f434     libucrt:_fenvutils.obj
 0004:00001440       $pdata$_clearfp            000000018002f440     libucrt:ieee.obj
 0004:0000144c       $pdata$common_control87    000000018002f44c     libucrt:ieee.obj
 0004:00001458       $pdata$_call_matherr       000000018002f458     libucrt:libm_error.obj
 0004:00001464       $pdata$_exception_enabled  000000018002f464     libucrt:libm_error.obj
 0004:00001470       $pdata$_handle_error       000000018002f470     libucrt:libm_error.obj
 0004:0000147c       $pdata$__acrt_initialize_fma3 000000018002f47c     libucrt:fma3_available.obj
 0004:00001488       $pdata$_log10_special      000000018002f488     libucrt:log_special.obj
 0004:00001494       $pdata$_log_special_common 000000018002f494     libucrt:log_special.obj
 0004:000014ac       $pdata$_raise_exc          000000018002f4ac     libucrt:fpexcept.obj
 0004:000014b8       $pdata$_raise_exc_ex       000000018002f4b8     libucrt:fpexcept.obj
 0004:000014c4       $pdata$_set_errno_from_matherr 000000018002f4c4     libucrt:fpexcept.obj
 0004:000014d0       $pdata$_clrfp              000000018002f4d0     libucrt:fpctrl.obj
 0004:000014dc       $pdata$_ctrlfp             000000018002f4dc     libucrt:fpctrl.obj
 0004:000014e8       $pdata$_set_statfp         000000018002f4e8     libucrt:fpctrl.obj
 0004:000014f4       $pdata$_statfp             000000018002f4f4     libucrt:fpctrl.obj
 0004:00001500       $pdata$_IsNonwritableInCurrentImage 000000018002f500     LIBCMT:pesect.obj
 0004:0000150c       $pdata$__GSHandlerCheck    000000018002f50c     LIBCMT:_gshandler_.obj
 0004:00001518       $pdata$__GSHandlerCheckCommon 000000018002f518     LIBCMT:_gshandler_.obj
 0004:00001530       $pdata$strrchr             000000018002f530     libvcruntime:strrchr.obj
 0004:00001548       $pdata$__GSHandlerCheck_EH 000000018002f548     LIBCMT:gshandlereh.obj
 0004:00001554       $pdata$?_ExecutionInCatch@@YAHPEAU_xDISPATCHER_CONTEXT@@PEBU_s_FuncInfo@@@Z 000000018002f554     libvcruntime:trnsctrl.obj
 0004:00001560       $pdata$?_GetEstablisherFrame@@YAPEA_KPEA_KPEAU_xDISPATCHER_CONTEXT@@PEBU_s_FuncInfo@@0@Z 000000018002f560     libvcruntime:trnsctrl.obj
 0004:0000156c       $pdata$?_GetRangeOfTrysToCheck@@YAPEBU_s_TryBlockMapEntry@@PEA_KPEBU_s_FuncInfo@@HHPEAI2PEAU_xDISPATCHER_CONTEXT@@@Z 000000018002f56c     libvcruntime:trnsctrl.obj
 0004:00001578       $pdata$?__FrameUnwindToEmptyState@@YAXPEA_KPEAU_xDISPATCHER_CONTEXT@@PEBU_s_FuncInfo@@@Z 000000018002f578     libvcruntime:trnsctrl.obj
 0004:00001584       $pdata$?__SehTransFilter@@YAHPEAU_EXCEPTION_POINTERS@@PEAUEHExceptionRecord@@PEA_KPEAU_CONTEXT@@PEAU_xDISPATCHER_CONTEXT@@PEBU_s_FuncInfo@@PEAH@Z 000000018002f584     libvcruntime:trnsctrl.obj
 0004:00001590       $pdata$_CallSETranslator   000000018002f590     libvcruntime:trnsctrl.obj
 0004:0000159c       $pdata$_CreateFrameInfo    000000018002f59c     libvcruntime:trnsctrl.obj
 0004:000015a8       $pdata$_FindAndUnlinkFrame 000000018002f5a8     libvcruntime:trnsctrl.obj
 0004:000015b4       $pdata$_GetImageBase       000000018002f5b4     libvcruntime:trnsctrl.obj
 0004:000015c0       $pdata$_GetThrowImageBase  000000018002f5c0     libvcruntime:trnsctrl.obj
 0004:000015cc       $pdata$_IsExceptionObjectToBeDestroyed 000000018002f5cc     libvcruntime:trnsctrl.obj
 0004:000015d8       $pdata$_SetImageBase       000000018002f5d8     libvcruntime:trnsctrl.obj
 0004:000015e4       $pdata$_SetThrowImageBase  000000018002f5e4     libvcruntime:trnsctrl.obj
 0004:000015f0       $pdata$_UnwindNestedFrames 000000018002f5f0     libvcruntime:trnsctrl.obj
 0004:000015fc       $pdata$__CxxFrameHandler3  000000018002f5fc     libvcruntime:trnsctrl.obj
 0004:00001608       $pdata$?__GetCurrentState@@YAHPEA_KPEAU_xDISPATCHER_CONTEXT@@PEBU_s_FuncInfo@@@Z 000000018002f608     libvcruntime:ehstate.obj
 0004:00001614       $pdata$?__GetUnwindTryBlock@@YAHPEA_KPEAU_xDISPATCHER_CONTEXT@@PEBU_s_FuncInfo@@@Z 000000018002f614     libvcruntime:ehstate.obj
 0004:00001620       $pdata$?__SetUnwindTryBlock@@YAXPEA_KPEAU_xDISPATCHER_CONTEXT@@PEBU_s_FuncInfo@@H@Z 000000018002f620     libvcruntime:ehstate.obj
 0004:0000162c       $pdata$?__StateFromIp@@YAHPEBU_s_FuncInfo@@PEAU_xDISPATCHER_CONTEXT@@_J@Z 000000018002f62c     libvcruntime:ehstate.obj
 0004:00001638       $pdata$__DestructExceptionObject 000000018002f638     libvcruntime:frame.obj
 0004:00001644       $pdata$??0bad_exception@std@@QEAA@AEBV01@@Z 000000018002f644     libvcruntime:frame.obj
 0004:00001650       $pdata$?CatchIt@@YAXPEAUEHExceptionRecord@@PEA_KPEAU_CONTEXT@@PEAU_xDISPATCHER_CONTEXT@@PEBU_s_FuncInfo@@PEBU_s_HandlerType@@PEBU_s_CatchableType@@PEBU_s_TryBlockMapEntry@@H1EE@Z 000000018002f650     libvcruntime:frame.obj
 0004:0000165c       $pdata$?ExFilterRethrow@@YAHPEAU_EXCEPTION_POINTERS@@PEAUEHExceptionRecord@@PEAH@Z 000000018002f65c     libvcruntime:frame.obj
 0004:00001668       $pdata$?FindHandler@@YAXPEAUEHExceptionRecord@@PEA_KPEAU_CONTEXT@@PEAU_xDISPATCHER_CONTEXT@@PEBU_s_FuncInfo@@EH1@Z 000000018002f668     libvcruntime:frame.obj
 0004:00001674       $pdata$?FindHandlerForForeignException@@YAXPEAUEHExceptionRecord@@PEA_KPEAU_CONTEXT@@PEAU_xDISPATCHER_CONTEXT@@PEBU_s_FuncInfo@@HH1@Z 000000018002f674     libvcruntime:frame.obj
 0004:00001680       $pdata$?IsInExceptionSpec@@YAEPEAUEHExceptionRecord@@PEBU_s_ESTypeList@@@Z 000000018002f680     libvcruntime:frame.obj
 0004:0000168c       $pdata$__BuildCatchObject  000000018002f68c     libvcruntime:frame.obj
 0004:00001698       $pdata$__BuildCatchObjectHelper 000000018002f698     libvcruntime:frame.obj
 0004:000016a4       $pdata$__CxxCallCatchBlock 000000018002f6a4     libvcruntime:frame.obj
 0004:000016b0       $pdata$__FrameUnwindFilter 000000018002f6b0     libvcruntime:frame.obj
 0004:000016bc       $pdata$__FrameUnwindToState 000000018002f6bc     libvcruntime:frame.obj
 0004:000016c8       $pdata$__InternalCxxFrameHandler 000000018002f6c8     libvcruntime:frame.obj
 0004:000016d4       $pdata$__TypeMatch         000000018002f6d4     libvcruntime:frame.obj
 0004:000016f8       $pdata$?dtor$1@?0??Open@@YAXAEBV?$FunctionCallbackInfo@VValue@v8@@@Nan@@@Z@4HA 000000018002f6f8     serialport.obj
 0004:00001704       $pdata$?dtor$0@?0??Update@@YAXAEBV?$FunctionCallbackInfo@VValue@v8@@@Nan@@@Z@4HA 000000018002f704     serialport.obj
 0004:00001710       $pdata$?dtor$0@?0??Close@@YAXAEBV?$FunctionCallbackInfo@VValue@v8@@@Nan@@@Z@4HA 000000018002f710     serialport.obj
 0004:0000171c       $pdata$?dtor$0@?0??Drain@@YAXAEBV?$FunctionCallbackInfo@VValue@v8@@@Nan@@@Z@4HA 000000018002f71c     serialport.obj
 0004:0000171c       $pdata$?dtor$0@?0??Flush@@YAXAEBV?$FunctionCallbackInfo@VValue@v8@@@Nan@@@Z@4HA 000000018002f71c     serialport.obj
 0004:00001728       $pdata$?dtor$0@?0??Set@@YAXAEBV?$FunctionCallbackInfo@VValue@v8@@@Nan@@@Z@4HA 000000018002f728     serialport.obj
 0004:00001734       $pdata$?dtor$0@?0??Get@@YAXAEBV?$FunctionCallbackInfo@VValue@v8@@@Nan@@@Z@4HA 000000018002f734     serialport.obj
 0004:00001740       $pdata$?dtor$0@?0??Write@@YAXAEBV?$FunctionCallbackInfo@VValue@v8@@@Nan@@@Z@4HA 000000018002f740     serialport_win.obj
 0004:0000174c       $pdata$?dtor$0@?0??Read@@YAXAEBV?$FunctionCallbackInfo@VValue@v8@@@Nan@@@Z@4HA 000000018002f74c     serialport_win.obj
 0004:00001758       $pdata$?dtor$0@?0??List@@YAXAEBV?$FunctionCallbackInfo@VValue@v8@@@Nan@@@Z@4HA 000000018002f758     serialport_win.obj
 0004:00001764       $pdata$?dtor$0@?0??EIO_List@@YAXPEAUuv_work_s@@@Z@4HA 000000018002f764     serialport_win.obj
 0004:00001770       $pdata$__scrt_is_nonwritable_in_current_image$filt$0 000000018002f770     LIBCMT:utility.obj
 0004:0000177c       $pdata$?fin$0@?0??dllmain_crt_process_attach@@YAHQEAUHINSTANCE__@@QEAX@Z@4HA 000000018002f77c     LIBCMT:dll_dllmain.obj
 0004:00001788       $pdata$?fin$0@?0??dllmain_crt_process_detach@@YAH_N@Z@4HA 000000018002f788     LIBCMT:dll_dllmain.obj
 0004:00001794       $pdata$?filt$0@?0??dllmain_dispatch@@YAHQEAUHINSTANCE__@@KQEAX@Z@4HA 000000018002f794     LIBCMT:dll_dllmain.obj
 0004:000017a0       $pdata$_query_new_handler$fin$0 000000018002f7a0     libucrt:new_handler.obj
 0004:000017ac       $pdata$?filt$0@?0??common_exit@@YAXHW4_crt_exit_cleanup_mode@@W4_crt_exit_return_mode@@@Z@4HA 000000018002f7ac     libucrt:exit.obj
 0004:000017b8       $pdata$?fin$1@?0??common_exit@@YAXHW4_crt_exit_cleanup_mode@@W4_crt_exit_return_mode@@@Z@4HA 000000018002f7b8     libucrt:exit.obj
 0004:000017c4       $pdata$?fin$0@?0???$?RV<lambda_e24bbb7b643b32fcea6fa61b31d4c984>@@AEAV<lambda_275893d493268fdec8709772e3fcec0e>@@V<lambda_9d71df4d7cf3f480f8d633942495c3b0>@@@?$__crt_seh_guarded_call@H@@QEAAH$$QEAV<lambda_e24bbb7b643b32fcea6fa61b31d4c984>@@AEAV<lambda_275893d493268fdec8709772e3fcec0e>@@$$QEAV<lambda_9d71df4d7cf3f480f8d633942495c3b0>@@@Z@4HA 000000018002f7c4     libucrt:onexit.obj
 0004:000017d0       $pdata$common_flush_all$fin$0 000000018002f7d0     libucrt:fflush.obj
 0004:000017dc       $pdata$common_flush_all$fin$1 000000018002f7dc     libucrt:fflush.obj
 0004:000017e8       $pdata$fflush$fin$0        000000018002f7e8     libucrt:fflush.obj
 0004:000017e8       $pdata$fclose$fin$0        000000018002f7e8     libucrt:fclose.obj
 0004:000017f4       $pdata$?fin$0@?0???$?RV<lambda_7b91131dde12e1c3dfc74ff76b3f2eac>@@AEAV<lambda_dd75445284c072d0bd3768540cc698fa>@@V<lambda_16bc4ecb55b4718497c16bceaea2ceaf>@@@?$__crt_seh_guarded_call@H@@QEAAH$$QEAV<lambda_7b91131dde12e1c3dfc74ff76b3f2eac>@@AEAV<lambda_dd75445284c072d0bd3768540cc698fa>@@$$QEAV<lambda_16bc4ecb55b4718497c16bceaea2ceaf>@@@Z@4HA 000000018002f7f4     libucrt:output.obj
 0004:000017f4       $pdata$?fin$0@?0???$?RV<lambda_7a5ef57ff966f610505f1d28a3d40618>@@AEAV<lambda_b721fa326cdb32351d23dfa67958c160>@@V<lambda_5e0fb27672408a07956fe59e48ccb2aa>@@@?$__crt_seh_guarded_call@H@@QEAAH$$QEAV<lambda_7a5ef57ff966f610505f1d28a3d40618>@@AEAV<lambda_b721fa326cdb32351d23dfa67958c160>@@$$QEAV<lambda_5e0fb27672408a07956fe59e48ccb2aa>@@@Z@4HA 000000018002f7f4     libucrt:setvbuf.obj
 0004:00001800       $pdata$?fin$0@?0???$?RV<lambda_fb3a7dec4e47f37f22dae91bb15c9095>@@AEAV<lambda_698284760c8add0bfb0756c19673e34b>@@V<lambda_dfb8eca1e75fef3034a8fb18dd509707>@@@?$__crt_seh_guarded_call@X@@QEAAX$$QEAV<lambda_fb3a7dec4e47f37f22dae91bb15c9095>@@AEAV<lambda_698284760c8add0bfb0756c19673e34b>@@$$QEAV<lambda_dfb8eca1e75fef3034a8fb18dd509707>@@@Z@4HA 000000018002f800     libucrt:per_thread_data.obj
 0004:00001800       $pdata$?fin$0@?0???$?RV<lambda_b8c45f8f788dd370798f47cfe8ac3a86>@@AEAV<lambda_4e60a939b0d047cfe11ddc22648dfba9>@@V<lambda_332c3edc96d0294ec56c57d38c1cdfd5>@@@?$__crt_seh_guarded_call@H@@QEAAH$$QEAV<lambda_b8c45f8f788dd370798f47cfe8ac3a86>@@AEAV<lambda_4e60a939b0d047cfe11ddc22648dfba9>@@$$QEAV<lambda_332c3edc96d0294ec56c57d38c1cdfd5>@@@Z@4HA 000000018002f800     libucrt:onexit.obj
 0004:00001800       $pdata$?fin$0@?0???$?RV<lambda_72d1df2b273a38828b1ce30cbf4cdab5>@@AEAV<lambda_876a65b173b8412d3a47c70a915b0cf4>@@V<lambda_41932305e351933ebe8f8be3ed8bb5dc>@@@?$__crt_seh_guarded_call@X@@QEAAX$$QEAV<lambda_72d1df2b273a38828b1ce30cbf4cdab5>@@AEAV<lambda_876a65b173b8412d3a47c70a915b0cf4>@@$$QEAV<lambda_41932305e351933ebe8f8be3ed8bb5dc>@@@Z@4HA 000000018002f800     libucrt:per_thread_data.obj
 0004:00001800       $pdata$?fin$0@?0???$?RV<lambda_99476a1ad63dd22509b5d3e65b0ffc95>@@AEAV<lambda_ad1ced32f4ac17aa236e5ef05d6b3b7c>@@V<lambda_f7424dd8d45958661754dc4f2697e9c3>@@@?$__crt_seh_guarded_call@X@@QEAAX$$QEAV<lambda_99476a1ad63dd22509b5d3e65b0ffc95>@@AEAV<lambda_ad1ced32f4ac17aa236e5ef05d6b3b7c>@@$$QEAV<lambda_f7424dd8d45958661754dc4f2697e9c3>@@@Z@4HA 000000018002f800     libucrt:mbctype.obj
 0004:00001800       $pdata$?fin$0@?0???$?RV<lambda_46352004c1216016012b18bd6f87e700>@@AEAV<lambda_3bd07e1a1191394380780325891bf33f>@@V<lambda_334532d3f185bcaa59b5be82d7d22bff>@@@?$__crt_seh_guarded_call@X@@QEAAX$$QEAV<lambda_46352004c1216016012b18bd6f87e700>@@AEAV<lambda_3bd07e1a1191394380780325891bf33f>@@$$QEAV<lambda_334532d3f185bcaa59b5be82d7d22bff>@@@Z@4HA 000000018002f800     libucrt:per_thread_data.obj
 0004:00001800       $pdata$?fin$0@?0???$?RV<lambda_5e887d1dcbef67a5eb4283622ba103bf>@@AEAV<lambda_4466841279450cc726390878d4a41900>@@V<lambda_341c25c0346d94847f1f3c463c57e077>@@@?$__crt_seh_guarded_call@X@@QEAAX$$QEAV<lambda_5e887d1dcbef67a5eb4283622ba103bf>@@AEAV<lambda_4466841279450cc726390878d4a41900>@@$$QEAV<lambda_341c25c0346d94847f1f3c463c57e077>@@@Z@4HA 000000018002f800     libucrt:per_thread_data.obj
 0004:00001800       $pdata$?fin$0@?0???$?RV<lambda_c36588078e9f5dfd39652860aa6b3aaf>@@AEAV<lambda_ec61778202f4f5fc7e7711acc23c3bca>@@V<lambda_dc9d2797ccde5d239b4a0efae8ebd7db>@@@?$__crt_seh_guarded_call@P6AXH@Z@@QEAAP6AXH@Z$$QEAV<lambda_c36588078e9f5dfd39652860aa6b3aaf>@@AEAV<lambda_ec61778202f4f5fc7e7711acc23c3bca>@@$$QEAV<lambda_dc9d2797ccde5d239b4a0efae8ebd7db>@@@Z@4HA 000000018002f800     libucrt:signal.obj
 0004:0000180c       $pdata$raise$fin$0         000000018002f80c     libucrt:signal.obj
 0004:00001818       $pdata$__acrt_lowio_ensure_fh_exists$fin$0 000000018002f818     libucrt:osfinfo.obj
 0004:00001818       $pdata$__acrt_initialize_lowio$fin$0 000000018002f818     libucrt:ioinit.obj
 0004:00001824       $pdata$__acrt_update_thread_multibyte_data$fin$0 000000018002f824     libucrt:mbctype.obj
 0004:00001830       $pdata$_fcloseall$fin$0    000000018002f830     libucrt:closeall.obj
 0004:0000183c       $pdata$?fin$0@?0???$?RV<lambda_b521505b218e5242e90febf6bfebc422>@@AEAV<lambda_6978c1fb23f02e42e1d9e99668cc68aa>@@V<lambda_314360699dd331753a4119843814e9a7>@@@?$__crt_seh_guarded_call@H@@QEAAH$$QEAV<lambda_b521505b218e5242e90febf6bfebc422>@@AEAV<lambda_6978c1fb23f02e42e1d9e99668cc68aa>@@$$QEAV<lambda_314360699dd331753a4119843814e9a7>@@@Z@4HA 000000018002f83c     libucrt:commit.obj
 0004:0000183c       $pdata$?fin$0@?0???$?RV<lambda_bfedae4ebbf01fab1bb6dcc6a9e276e0>@@AEAV<lambda_2fe9b910cf3cbf4a0ab98a02ba45b3ec>@@V<lambda_237c231691f317818eb88cc1d5d642d6>@@@?$__crt_seh_guarded_call@H@@QEAAH$$QEAV<lambda_bfedae4ebbf01fab1bb6dcc6a9e276e0>@@AEAV<lambda_2fe9b910cf3cbf4a0ab98a02ba45b3ec>@@$$QEAV<lambda_237c231691f317818eb88cc1d5d642d6>@@@Z@4HA 000000018002f83c     libucrt:close.obj
 0004:00001848       $pdata$__acrt_update_thread_locale_data$fin$0 000000018002f848     libucrt:locale_refcounting.obj
 0004:00001848       $pdata$__acrt_uninitialize_locale$fin$0 000000018002f848     libucrt:wsetlocale.obj
 0004:00001854       $pdata$?fin$0@?0???$common_lseek@_J@@YA_JH_JH@Z@4HA 000000018002f854     libucrt:lseek.obj
 0004:00001854       $pdata$_write$fin$0        000000018002f854     libucrt:write.obj
 0004:00001860       $pdata$common_control87$filt$0 000000018002f860     libucrt:ieee.obj
 0004:00001860       $pdata$_ctrlfp$filt$0      000000018002f860     libucrt:fpctrl.obj
 0004:0000186c       $pdata$_IsNonwritableInCurrentImage$filt$0 000000018002f86c     LIBCMT:pesect.obj
 0004:00001878       $pdata$_CallSETranslator$filt$0 000000018002f878     libvcruntime:trnsctrl.obj
 0004:00001884       $pdata$__CxxCallCatchBlock$filt$0 000000018002f884     libvcruntime:frame.obj
 0004:00001890       $pdata$__CxxCallCatchBlock$fin$1 000000018002f890     libvcruntime:frame.obj
 0004:0000189c       $pdata$__DestructExceptionObject$filt$0 000000018002f89c     libvcruntime:frame.obj
 0004:000018a8       $pdata$__FrameUnwindToState$filt$0 000000018002f8a8     libvcruntime:frame.obj
 0004:000018b4       $pdata$__FrameUnwindToState$fin$1 000000018002f8b4     libvcruntime:frame.obj
 0004:000018c0       $pdata$??__Fg_closingHandles@@YAXXZ 000000018002f8c0     serialport_win.obj
 0005:00000000       __guard_fids__             0000000180030000     libucrt:initialization.obj
 0005:00000060       __guard_fids___acrt_show_wide_message_box 0000000180030060     libucrt:crtmbox.obj
 0005:00000064       __guard_fids___acrt_initialize_ptd 0000000180030064     libucrt:per_thread_data.obj
 0005:00000068       __guard_fids_??$expand_argument_wildcards@D@@YAHQEAD0AEAV?$argument_list@D@?A0xca0879c4@@@Z 0000000180030068     libucrt:argv_wildcards.obj
 0005:0000006c       __guard_fids__             000000018003006c     libucrt:stdio_initializer.obj
 0005:00000070       __guard_fids__             0000000180030070     libucrt:stdio_initializer.obj
 0005:00000074       __guard_fids__             0000000180030074     libucrt:locale_initializer.obj
 0005:00000078       __guard_fids__             0000000180030078     libucrt:multibyte_initializer.obj
 0005:0000007c       __guard_fids__             000000018003007c     libucrt:console_output_initializer.obj
 0005:00000080       __guard_fids__             0000000180030080     libucrt:fma3_initializer.obj
 0005:00000084       __guard_fids__             0000000180030084     libcpmt:xthrow.obj
 0005:0000008c       __guard_fids__             000000018003008c     libcpmt:xthrow.obj
 0005:00000094       __guard_fids__             0000000180030094     libcpmt:xthrow.obj
 0005:0000009c       __guard_fids__             000000018003009c     libcpmt:xthrow.obj
 0005:000000a4       __guard_fids__             00000001800300a4     libcpmt:xthrow.obj
 0005:000000ac       __guard_fids_?dllmain_crt_process_attach@@YAHQEAUHINSTANCE__@@QEAX@Z 00000001800300ac     LIBCMT:dll_dllmain.obj
 0005:000000b4       __guard_fids_?dllmain_dispatch@@YAHQEAUHINSTANCE__@@KQEAX@Z 00000001800300b4     LIBCMT:dll_dllmain.obj
 0005:000000b8       __guard_fids__             00000001800300b8     LIBCMT:std_type_info_static.obj
 0005:000000bc       __guard_fids__             00000001800300bc     LIBCMT:throw_bad_alloc.obj
 0005:000000c4       __guard_fids__             00000001800300c4     LIBCMT:guard_support.obj
 0005:000000c8       __guard_fids___vcrt_initialize_ptd 00000001800300c8     libvcruntime:per_thread_data.obj
 0005:000000cc       __guard_fids__UnwindNestedFrames 00000001800300cc     libvcruntime:trnsctrl.obj
 0005:000000d0       __guard_fids__             00000001800300d0     libvcruntime:frame.obj
 0005:000000d4       __guard_fids__             00000001800300d4     libvcruntime:frame.obj
 0006:00000060       $R000000                   0000000180031060     * linker generated manifest res *

 Exports

  ordinal    name

        1    _register_serialport_
