 serialport

 Timestamp is 5aabf423 (Fri Mar 16 17:43:15 2018)

 Preferred load address is 0000000180000000

 Start         Length     Name                   Class
 0001:00000000 00000060H .text$di                CODE
 0001:00000060 000203a0H .text$mn                CODE
 0001:00020400 00000020H .text$mn$00             CODE
 0001:00020420 00001200H .text$x                 CODE
 0001:00021620 0000007eH .text$yd                CODE
 0002:00000000 00000560H .idata$5                DATA
 0002:00000560 00000010H .00cfg                  DATA
 0002:00000570 00000008H .CRT$XCA                DATA
 0002:00000578 00000010H .CRT$XCU                DATA
 0002:00000588 00000008H .CRT$XCZ                DATA
 0002:00000590 00000008H .CRT$XIA                DATA
 0002:00000598 00000020H .CRT$XIC                DATA
 0002:000005b8 00000008H .CRT$XIZ                DATA
 0002:000005c0 00000008H .CRT$XPA                DATA
 0002:000005c8 00000010H .CRT$XPX                DATA
 0002:000005d8 00000008H .CRT$XPXA               DATA
 0002:000005e0 00000008H .CRT$XPZ                DATA
 0002:000005e8 00000008H .CRT$XTA                DATA
 0002:000005f0 00000010H .CRT$XTZ                DATA
 0002:00000600 00009a58H .rdata                  DATA
 0002:0000a058 00000404H .rdata$r                DATA
 0002:0000a45c 000003a4H .rdata$zzzdbg           DATA
 0002:0000a800 00000008H .rtc$IAA                DATA
 0002:0000a808 00000008H .rtc$IZZ                DATA
 0002:0000a810 00000008H .rtc$TAA                DATA
 0002:0000a818 00000008H .rtc$TZZ                DATA
 0002:0000a820 00002b70H .xdata                  DATA
 0002:0000d390 00000250H .xdata$x                DATA
 0002:0000d5e0 00000058H .edata                  DATA
 0002:0000d638 00000064H .idata$2                DATA
 0002:0000d69c 00000014H .idata$3                DATA
 0002:0000d6b0 00000560H .idata$4                DATA
 0002:0000dc10 0000161eH .idata$6                DATA
 0003:00000000 00000a40H .data                   DATA
 0003:00000a40 00000140H .data$r                 DATA
 0003:00000b80 000012f8H .bss                    DATA
 0004:00000000 00001d58H .pdata                  DATA
 0005:00000000 00000088H .gfids$x                DATA
 0005:00000088 00000058H .gfids$y                DATA
 0006:00000000 00000060H .rsrc$01                DATA
 0006:00000060 00000180H .rsrc$02                DATA

  Address         Publics by Value              Rva+Base               Lib:Object

 0000:00000000       __guard_iat_table          0000000000000000     <absolute>
 0000:00000000       __dynamic_value_reloc_table 0000000000000000     <absolute>
 0000:00000000       __guard_iat_count          0000000000000000     <absolute>
 0000:00000000       __guard_longjmp_table      0000000000000000     <absolute>
 0000:00000000       __guard_longjmp_count      0000000000000000     <absolute>
 0000:00000000       __guard_fids_count         0000000000000000     <absolute>
 0000:00000000       ___safe_se_handler_table   0000000000000000     <absolute>
 0000:00000000       ___safe_se_handler_count   0000000000000000     <absolute>
 0000:00000000       __guard_fids_table         0000000000000000     <absolute>
 0000:00000100       __guard_flags              0000000000000100     <absolute>
 0000:00000000       __ImageBase                0000000180000000     <linker-defined>
 0001:00000130       ?NewInstance@Nan@@YA?AV?$MaybeLocal@VObject@v8@@@v8@@V?$Local@VObjectTemplate@v8@@@3@@Z 0000000180001130 f i serialport.obj
 0001:000001b0       ?GetFunction@Nan@@YA?AV?$MaybeLocal@VFunction@v8@@@v8@@V?$Local@VFunctionTemplate@v8@@@3@@Z 00000001800011b0 f i serialport.obj
 0001:00000230       ?Set@Nan@@YA?AV?$Maybe@_N@v8@@V?$Local@VObject@v8@@@3@V?$Local@VValue@v8@@@3@1@Z 0000000180001230 f i serialport.obj
 0001:000002c0       ?Set@Nan@@YA?AV?$Maybe@_N@v8@@V?$Local@VObject@v8@@@3@IV?$Local@VValue@v8@@@3@@Z 00000001800012c0 f i serialport.obj
 0001:00000350       ?Get@Nan@@YA?AV?$MaybeLocal@VValue@v8@@@v8@@V?$Local@VObject@v8@@@3@V?$Local@VValue@v8@@@3@@Z 0000000180001350 f i serialport.obj
 0001:000003e0       ?Has@Nan@@YA?AV?$Maybe@_N@v8@@V?$Local@VObject@v8@@@3@V?$Local@VString@v8@@@3@@Z 00000001800013e0 f i serialport.obj
 0001:00000460       ?convert@?$ToFactory@VInt32@v8@@@imp@Nan@@SA?AV?$MaybeLocal@VInt32@v8@@@v8@@V?$Local@VValue@v8@@@5@@Z 0000000180001460 f i serialport.obj
 0001:000004e0       ?New@?$Factory@VFunctionTemplate@v8@@@imp@Nan@@SA?AV?$Local@VFunctionTemplate@v8@@@v8@@P6AXAEBV?$FunctionCallbackInfo@VValue@v8@@@3@@ZV?$Local@VValue@v8@@@5@V?$Local@VSignature@v8@@@5@@Z 00000001800014e0 f i serialport.obj
 0001:00000660       ??1EscapableHandleScope@Nan@@QEAA@XZ 0000000180001660 f i serialport.obj
 0001:00000690       ??1HandleScope@Nan@@QEAA@XZ 0000000180001690 f i serialport.obj
 0001:000006b0       ?ThrowTypeError@Nan@@YAXPEBD@Z 00000001800016b0 f i serialport.obj
 0001:00000750       ??0Utf8String@Nan@@QEAA@V?$Local@VValue@v8@@@v8@@@Z 0000000180001750 f i serialport.obj
 0001:00000860       ??1Utf8String@Nan@@QEAA@XZ 0000000180001860 f i serialport.obj
 0001:00000890       ??1Callback@Nan@@QEAA@XZ   0000000180001890 f i serialport.obj
 0001:000008d0       ?Call@Callback@Nan@@QEBA?AV?$Local@VValue@v8@@@v8@@HQEAV34@@Z 00000001800018d0 f i serialport.obj
 0001:00000980       ?Call_@Callback@Nan@@AEBA?AV?$Local@VValue@v8@@@v8@@PEAVIsolate@4@V?$Local@VObject@v8@@@4@HQEAV34@@Z 0000000180001980 f i serialport.obj
 0001:00000a40       ??1?$Persistent@VFunction@v8@@V?$NonCopyablePersistentTraits@VFunction@v8@@@2@@Nan@@QEAA@XZ 0000000180001a40 f i serialport.obj
 0001:00000a40       ??1?$Persistent@VObject@v8@@V?$NonCopyablePersistentTraits@VObject@v8@@@2@@Nan@@QEAA@XZ 0000000180001a40 f i serialport.obj
 0001:00000a60       ??1QueuedWrite@@QEAA@XZ    0000000180001a60 f i serialport.obj
 0001:00000bc0       ??_G_WriteQueue@@QEAAPEAXI@Z 0000000180001bc0 f i serialport.obj
 0001:00000c30       ?getValueFromObject@@YA?AV?$Local@VValue@v8@@@v8@@V?$Local@VObject@v8@@@2@V?$basic_string@DU?$char_traits@D@std@@V?$allocator@D@2@@std@@@Z 0000000180001c30 f   serialport.obj
 0001:00000d00       ?getIntFromObject@@YAHV?$Local@VObject@v8@@@v8@@V?$basic_string@DU?$char_traits@D@std@@V?$allocator@D@2@@std@@@Z 0000000180001d00 f   serialport.obj
 0001:00000dc0       ?getBoolFromObject@@YA_NV?$Local@VObject@v8@@@v8@@V?$basic_string@DU?$char_traits@D@std@@V?$allocator@D@2@@std@@@Z 0000000180001dc0 f   serialport.obj
 0001:00000e80       ?getStringFromObj@@YA?AV?$Local@VString@v8@@@v8@@V?$Local@VObject@v8@@@2@V?$basic_string@DU?$char_traits@D@std@@V?$allocator@D@2@@std@@@Z 0000000180001e80 f   serialport.obj
 0001:00000f30       ?getDoubleFromObject@@YANV?$Local@VObject@v8@@@v8@@V?$basic_string@DU?$char_traits@D@std@@V?$allocator@D@2@@std@@@Z 0000000180001f30 f   serialport.obj
 0001:00000ff0       ?Open@@YAXAEBV?$FunctionCallbackInfo@VValue@v8@@@Nan@@@Z 0000000180001ff0 f   serialport.obj
 0001:00001730       ?EIO_AfterOpen@@YAXPEAUuv_work_s@@@Z 0000000180002730 f   serialport.obj
 0001:00001980       ?Update@@YAXAEBV?$FunctionCallbackInfo@VValue@v8@@@Nan@@@Z 0000000180002980 f   serialport.obj
 0001:00001c60       ?EIO_AfterUpdate@@YAXPEAUuv_work_s@@@Z 0000000180002c60 f   serialport.obj
 0001:00001d70       ?Write@@YAXAEBV?$FunctionCallbackInfo@VValue@v8@@@Nan@@@Z 0000000180002d70 f   serialport.obj
 0001:000020c0       ?EIO_AfterWrite@@YAXPEAUuv_work_s@@@Z 00000001800030c0 f   serialport.obj
 0001:00002340       ?Close@@YAXAEBV?$FunctionCallbackInfo@VValue@v8@@@Nan@@@Z 0000000180003340 f   serialport.obj
 0001:000024e0       ?EIO_AfterClose@@YAXPEAUuv_work_s@@@Z 00000001800034e0 f   serialport.obj
 0001:00002740       ?List@@YAXAEBV?$FunctionCallbackInfo@VValue@v8@@@Nan@@@Z 0000000180003740 f   serialport.obj
 0001:00002890       ?setIfNotEmpty@@YAXV?$Local@VObject@v8@@@v8@@V?$basic_string@DU?$char_traits@D@std@@V?$allocator@D@2@@std@@PEBD@Z 0000000180003890 f   serialport.obj
 0001:000029a0       ?EIO_AfterList@@YAXPEAUuv_work_s@@@Z 00000001800039a0 f   serialport.obj
 0001:00003100       ??1ListBaton@@QEAA@XZ      0000000180004100 f i serialport.obj
 0001:00003190       ?Flush@@YAXAEBV?$FunctionCallbackInfo@VValue@v8@@@Nan@@@Z 0000000180004190 f   serialport.obj
 0001:00003330       ?EIO_AfterFlush@@YAXPEAUuv_work_s@@@Z 0000000180004330 f   serialport.obj
 0001:000034a0       ?Set@@YAXAEBV?$FunctionCallbackInfo@VValue@v8@@@Nan@@@Z 00000001800044a0 f   serialport.obj
 0001:000037f0       ?EIO_AfterSet@@YAXPEAUuv_work_s@@@Z 00000001800047f0 f   serialport.obj
 0001:00003900       ?Drain@@YAXAEBV?$FunctionCallbackInfo@VValue@v8@@@Nan@@@Z 0000000180004900 f   serialport.obj
 0001:00003aa0       ?EIO_AfterDrain@@YAXPEAUuv_work_s@@@Z 0000000180004aa0 f   serialport.obj
 0001:00003bb0       ?ToParityEnum@@YA?AW4SerialPortParity@@AEBV?$Local@VString@v8@@@v8@@@Z 0000000180004bb0 f i serialport.obj
 0001:00003cf0       init                       0000000180004cf0 f   serialport.obj
 0001:000041c0       ??1?$list@PEAUListResultItem@@V?$allocator@PEAUListResultItem@@@std@@@std@@QEAA@XZ 00000001800051c0 f i serialport.obj
 0001:00004220       ??1?$Persistent@VFunction@v8@@V?$NonCopyablePersistentTraits@VFunction@v8@@@2@@v8@@QEAA@XZ 0000000180005220 f i serialport.obj
 0001:00004220       ??1?$Persistent@VObject@v8@@V?$NonCopyablePersistentTraits@VObject@v8@@@2@@v8@@QEAA@XZ 0000000180005220 f i serialport.obj
 0001:00004240       ??1?$basic_string@DU?$char_traits@D@std@@V?$allocator@D@2@@std@@QEAA@XZ 0000000180005240 f i serialport.obj
 0001:000042d0       ??1?$_List_buy@PEAUListResultItem@@V?$allocator@PEAUListResultItem@@@std@@@std@@QEAA@XZ 00000001800052d0 f i serialport.obj
 0001:000042f0       ??1?$_List_alloc@U?$_List_base_types@PEAUListResultItem@@V?$allocator@PEAUListResultItem@@@std@@@std@@@std@@QEAA@XZ 00000001800052f0 f i serialport.obj
 0001:00004300       ?assign@?$basic_string@DU?$char_traits@D@std@@V?$allocator@D@2@@std@@QEAAAEAV12@PEBD_K@Z 0000000180005300 f i serialport.obj
 0001:00004430       ?assign@?$basic_string@DU?$char_traits@D@std@@V?$allocator@D@2@@std@@QEAAAEAV12@AEBV12@_K1@Z 0000000180005430 f i serialport.obj
 0001:00004560       ?erase@?$basic_string@DU?$char_traits@D@std@@V?$allocator@D@2@@std@@QEAAAEAV12@_K0@Z 0000000180005560 f i serialport.obj
 0001:00004600       ?_Copy@?$basic_string@DU?$char_traits@D@std@@V?$allocator@D@2@@std@@QEAAX_K0@Z 0000000180005600 f i serialport.obj
 0001:00004780       ??$New@VString@v8@@V?$basic_string@DU?$char_traits@D@std@@V?$allocator@D@2@@std@@@Nan@@YA?AV?$MaybeLocal@VString@v8@@@v8@@V?$basic_string@DU?$char_traits@D@std@@V?$allocator@D@2@@std@@@Z 0000000180005780 f i serialport.obj
 0001:00004830       ??$SetMethodAux@V?$Local@VObject@v8@@@v8@@@imp@Nan@@YAXV?$Local@VObject@v8@@@v8@@V?$Local@VString@v8@@@3@V?$Local@VFunctionTemplate@v8@@@3@ZZ 0000000180005830 f i serialport.obj
 0001:00004880       __local_stdio_printf_options 0000000180005880 f i serialport_win.obj
 0001:00004890       _snprintf_s                0000000180005890 f i serialport_win.obj
 0001:000048f0       ?Error@Nan@@YA?AV?$Local@VValue@v8@@@v8@@PEBD@Z 00000001800058f0 f i serialport_win.obj
 0001:000049a0       ?ErrorCodeToString@@YAXPEBDHPEAD@Z 00000001800059a0 f   serialport_win.obj
 0001:00004a30       ?EIO_Open@@YAXPEAUuv_work_s@@@Z 0000000180005a30 f   serialport_win.obj
 0001:00004e10       ?EIO_Update@@YAXPEAUuv_work_s@@@Z 0000000180005e10 f   serialport_win.obj
 0001:00004f50       ?EIO_Set@@YAXPEAUuv_work_s@@@Z 0000000180005f50 f   serialport_win.obj
 0001:000050a0       ?EIO_WatchPort@@YAXPEAUuv_work_s@@@Z 00000001800060a0 f   serialport_win.obj
 0001:000051c0       ?IsClosingHandle@@YA_NH@Z  00000001800061c0 f   serialport_win.obj
 0001:00005290       ?DisposeWatchPortCallbacks@@YAXPEAUWatchPortBaton@@@Z 0000000180006290 f   serialport_win.obj
 0001:00005390       ?EIO_AfterWatchPort@@YAXPEAUuv_work_s@@@Z 0000000180006390 f   serialport_win.obj
 0001:00005560       ?AfterOpenSuccess@@YAXHPEAVCallback@Nan@@00@Z 0000000180006560 f   serialport_win.obj
 0001:00005620       ?EIO_Write@@YAXPEAUuv_work_s@@@Z 0000000180006620 f   serialport_win.obj
 0001:00005810       ?EIO_Close@@YAXPEAUuv_work_s@@@Z 0000000180006810 f   serialport_win.obj
 0001:00005900       ?EIO_List@@YAXPEAUuv_work_s@@@Z 0000000180006900 f   serialport_win.obj
 0001:00005eb0       ?EIO_Flush@@YAXPEAUuv_work_s@@@Z 0000000180006eb0 f   serialport_win.obj
 0001:00005f60       ?EIO_Drain@@YAXPEAUuv_work_s@@@Z 0000000180006f60 f   serialport_win.obj
 0001:00006010       ??1?$vector@IV?$allocator@I@std@@@std@@QEAA@XZ 0000000180007010 f i serialport_win.obj
 0001:00006020       ??1?$CDhComPtr@UIEnumVARIANT@@@@QEAA@XZ 0000000180007020 f i serialport_win.obj
 0001:00006020       ??1?$CDhComPtr@UIDispatch@@@@QEAA@XZ 0000000180007020 f i serialport_win.obj
 0001:00006050       ??1?$_List_buy@HV?$allocator@H@std@@@std@@QEAA@XZ 0000000180007050 f i serialport_win.obj
 0001:00006080       ??1?$_List_alloc@U?$_List_base_types@HV?$allocator@H@std@@@std@@@std@@QEAA@XZ 0000000180007080 f i serialport_win.obj
 0001:00006090       ?_Tidy@?$vector@IV?$allocator@I@std@@@std@@IEAAXXZ 0000000180007090 f i serialport_win.obj
 0001:00006130       ??$_Insert@AEBH@?$list@HV?$allocator@H@std@@@std@@QEAAXV?$_List_unchecked_const_iterator@V?$_List_val@U?$_List_simple_types@H@std@@@std@@U_Iterator_base0@2@@1@AEBH@Z 0000000180007130 f i serialport_win.obj
 0001:000061e0       ??$_Insert@AEBQEAUListResultItem@@@?$list@PEAUListResultItem@@V?$allocator@PEAUListResultItem@@@std@@@std@@QEAAXV?$_List_unchecked_const_iterator@V?$_List_val@U?$_List_simple_types@PEAUListResultItem@@@std@@@std@@U_Iterator_base0@2@@1@AEBQEAUListResultItem@@@Z 00000001800071e0 f i serialport_win.obj
 0001:00006290       ??$destroy@PEAU?$_List_node@HPEAX@std@@@?$_Wrap_alloc@V?$allocator@U?$_List_node@HPEAX@std@@@std@@@std@@QEAAXPEAPEAU?$_List_node@HPEAX@1@@Z 0000000180007290 f i serialport_win.obj
 0001:00006290       ??$destroy@H@?$_Wrap_alloc@V?$allocator@U?$_List_node@HPEAX@std@@@std@@@std@@QEAAXPEAH@Z 0000000180007290 f i serialport_win.obj
 0001:00006290       __except_validate_context_record 0000000180007290 f i libvcruntime:jbcxrval.obj
 0001:00006290       _guard_check_icall_nop     0000000180007290 f i LIBCMT:guard_support.obj
 0001:000062a0       ??0?$_Wrap_alloc@V?$allocator@U?$_List_node@HPEAX@std@@@std@@@std@@QEAA@XZ 00000001800072a0 f i serialport_win.obj
 0001:000062b0       _snwprintf                 00000001800072b0 f i disphelper.obj
 0001:00006310       dhGetObjectEx              0000000180007310 f   disphelper.obj
 0001:000063f0       dhGetObject                00000001800073f0 f   disphelper.obj
 0001:000064b0       dhGetValue                 00000001800074b0 f   disphelper.obj
 0001:000065a0       dhInvokeArray              00000001800075a0 f   disphelper.obj
 0001:000067a0       dhGetValueV                00000001800077a0 f   disphelper.obj
 0001:00006b40       dhInvokeV                  0000000180007b40 f   disphelper.obj
 0001:00007610       dhEnumBeginV               0000000180008610 f   disphelper.obj
 0001:00007850       dhEnumNextObject           0000000180008850 f   disphelper.obj
 0001:00007b00       dhEnumBegin                0000000180008b00 f   disphelper.obj
 0001:00007bf0       ConvertFileTimeToVariantTime 0000000180008bf0 f   disphelper.obj
 0001:00007c90       ConvertVariantTimeToFileTime 0000000180008c90 f   disphelper.obj
 0001:00007d50       ConvertVariantTimeToSystemTime 0000000180008d50 f   disphelper.obj
 0001:00007e50       ConvertVariantTimeToTimeT  0000000180008e50 f   disphelper.obj
 0001:00007ed0       ConvertTimeTToVariantTime  0000000180008ed0 f   disphelper.obj
 0001:00007ff0       ConvertAnsiStrToBStr       0000000180008ff0 f   disphelper.obj
 0001:000080e0       ConvertBStrToAnsiStr       00000001800090e0 f   disphelper.obj
 0001:000081d0       dhExitEx                   00000001800091d0 f   disphelper.obj
 0001:00008480       dhFormatExceptionW         0000000180009480 f   disphelper.obj
 0001:000087a0       dhCleanupThreadException   00000001800097a0 f   disphelper.obj
 0001:00008870       ??1CAutoHeapAlloc@@QEAA@XZ 0000000180009870 f i enumser.obj
 0001:000088b0       ?UsingQueryDosDevice@CEnumerateSerial@@SAHAEAV?$vector@IV?$allocator@I@std@@@std@@@Z 00000001800098b0 f   enumser.obj
 0001:00008b60       ?_Reserve@?$vector@IV?$allocator@I@std@@@std@@IEAAX_K@Z 0000000180009b60 f i enumser.obj
 0001:00008bf0       ?_Reallocate@?$vector@IV?$allocator@I@std@@@std@@IEAAX_K@Z 0000000180009bf0 f i enumser.obj
 0001:00008d2c       ??0bad_alloc@std@@QEAA@AEBV01@@Z 0000000180009d2c f i libcpmt:xthrow.obj
 0001:00008d6c       ??0bad_alloc@std@@QEAA@XZ  0000000180009d6c f i libcpmt:xthrow.obj
 0001:00008d8c       ??0exception@std@@QEAA@AEBV01@@Z 0000000180009d8c f i libcpmt:xthrow.obj
 0001:00008dc4       ??0length_error@std@@QEAA@AEBV01@@Z 0000000180009dc4 f i libcpmt:xthrow.obj
 0001:00008e04       ??0length_error@std@@QEAA@PEBD@Z 0000000180009e04 f i libcpmt:xthrow.obj
 0001:00008e50       ??0logic_error@std@@QEAA@AEBV01@@Z 0000000180009e50 f i libcpmt:xthrow.obj
 0001:00008e90       ??0out_of_range@std@@QEAA@AEBV01@@Z 0000000180009e90 f i libcpmt:xthrow.obj
 0001:00008ed0       ??0out_of_range@std@@QEAA@PEBD@Z 0000000180009ed0 f i libcpmt:xthrow.obj
 0001:00008f1c       ??1bad_array_new_length@std@@UEAA@XZ 0000000180009f1c f i LIBCMT:throw_bad_alloc.obj
 0001:00008f1c       ??1bad_alloc@std@@UEAA@XZ  0000000180009f1c f i libcpmt:xthrow.obj
 0001:00008f1c       ??1bad_exception@std@@UEAA@XZ 0000000180009f1c f i libvcruntime:frame.obj
 0001:00008f1c       ??1length_error@std@@UEAA@XZ 0000000180009f1c f i libcpmt:xthrow.obj
 0001:00008f1c       ??1out_of_range@std@@UEAA@XZ 0000000180009f1c f i libcpmt:xthrow.obj
 0001:00008f30       ?_Xbad_alloc@std@@YAXXZ    0000000180009f30 f   libcpmt:xthrow.obj
 0001:00008f30       ?__scrt_throw_std_bad_alloc@@YAXXZ 0000000180009f30 f   LIBCMT:throw_bad_alloc.obj
 0001:00008f50       ?_Xlength_error@std@@YAXPEBD@Z 0000000180009f50 f   libcpmt:xthrow.obj
 0001:00008f74       ?_Xout_of_range@std@@YAXPEBD@Z 0000000180009f74 f   libcpmt:xthrow.obj
 0001:00008f98       ?what@exception@std@@UEBAPEBDXZ 0000000180009f98 f i libcpmt:xthrow.obj
 0001:00008fc0       __security_check_cookie    0000000180009fc0 f   LIBCMT:_amdsecgs_.obj
 0001:00008fe4       ??2@YAPEAX_K@Z             0000000180009fe4 f   LIBCMT:new_scalar.obj
 0001:00009020       ??3@YAXPEAX@Z              000000018000a020 f   LIBCMT:delete_scalar.obj
 0001:00009028       ??3@YAXPEAX_K@Z            000000018000a028 f   LIBCMT:delete_scalar_size.obj
 0001:00009030       __scrt_acquire_startup_lock 000000018000a030 f   LIBCMT:utility.obj
 0001:0000906c       __scrt_dllmain_after_initialize_c 000000018000a06c f   LIBCMT:utility.obj
 0001:000090a0       __scrt_dllmain_before_initialize_c 000000018000a0a0 f   LIBCMT:utility.obj
 0001:000090b8       __scrt_dllmain_crt_thread_attach 000000018000a0b8 f   LIBCMT:utility.obj
 0001:000090e0       __scrt_dllmain_crt_thread_detach 000000018000a0e0 f   LIBCMT:utility.obj
 0001:000090f8       __scrt_dllmain_exception_filter 000000018000a0f8 f   LIBCMT:utility.obj
 0001:0000915c       __scrt_dllmain_uninitialize_c 000000018000a15c f   LIBCMT:utility.obj
 0001:0000918c       __scrt_dllmain_uninitialize_critical 000000018000a18c f   LIBCMT:utility.obj
 0001:000091a0       __scrt_initialize_crt      000000018000a1a0 f   LIBCMT:utility.obj
 0001:000091ec       __scrt_initialize_onexit_tables 000000018000a1ec f   LIBCMT:utility.obj
 0001:000092b8       __scrt_is_nonwritable_in_current_image 000000018000a2b8 f   LIBCMT:utility.obj
 0001:00009354       __scrt_release_startup_lock 000000018000a354 f   LIBCMT:utility.obj
 0001:00009378       __scrt_uninitialize_crt    000000018000a378 f   LIBCMT:utility.obj
 0001:000093a4       _onexit                    000000018000a3a4 f   LIBCMT:utility.obj
 0001:000093f4       atexit                     000000018000a3f4 f   LIBCMT:utility.obj
 0001:00009758       _DllMainCRTStartup         000000018000a758 f   LIBCMT:dll_dllmain.obj
 0001:00009798       ??_Etype_info@@UEAAPEAXI@Z 000000018000a798 f i LIBCMT:std_type_info_static.obj
 0001:00009798       ??_Gtype_info@@UEAAPEAXI@Z 000000018000a798 f i LIBCMT:std_type_info_static.obj
 0001:000097c4       __raise_securityfailure    000000018000a7c4 f   LIBCMT:gs_report.obj
 0001:000097f8       __report_gsfailure         000000018000a7f8 f   LIBCMT:gs_report.obj
 0001:000098cc       __report_rangecheckfailure 000000018000a8cc f   LIBCMT:gs_report.obj
 0001:000098e0       __report_securityfailure   000000018000a8e0 f   LIBCMT:gs_report.obj
 0001:00009a60       ??0bad_array_new_length@std@@QEAA@AEBV01@@Z 000000018000aa60 f i LIBCMT:throw_bad_alloc.obj
 0001:00009aa0       ??0bad_array_new_length@std@@QEAA@XZ 000000018000aaa0 f i LIBCMT:throw_bad_alloc.obj
 0001:00009ac0       ??_Gexception@std@@UEAAPEAXI@Z 000000018000aac0 f i libcpmt:xthrow.obj
 0001:00009ac0       ??_Gbad_alloc@std@@UEAAPEAXI@Z 000000018000aac0 f i libcpmt:xthrow.obj
 0001:00009ac0       ??_Ebad_alloc@std@@UEAAPEAXI@Z 000000018000aac0 f i libcpmt:xthrow.obj
 0001:00009ac0       ??_Elogic_error@std@@UEAAPEAXI@Z 000000018000aac0 f i libcpmt:xthrow.obj
 0001:00009ac0       ??_Glength_error@std@@UEAAPEAXI@Z 000000018000aac0 f i libcpmt:xthrow.obj
 0001:00009ac0       ??_Eout_of_range@std@@UEAAPEAXI@Z 000000018000aac0 f i libcpmt:xthrow.obj
 0001:00009ac0       ??_Glogic_error@std@@UEAAPEAXI@Z 000000018000aac0 f i libcpmt:xthrow.obj
 0001:00009ac0       ??_Elength_error@std@@UEAAPEAXI@Z 000000018000aac0 f i libcpmt:xthrow.obj
 0001:00009ac0       ??_Gout_of_range@std@@UEAAPEAXI@Z 000000018000aac0 f i libcpmt:xthrow.obj
 0001:00009ac0       ??_Gbad_exception@std@@UEAAPEAXI@Z 000000018000aac0 f i libvcruntime:frame.obj
 0001:00009ac0       ??_Eexception@std@@UEAAPEAXI@Z 000000018000aac0 f i libcpmt:xthrow.obj
 0001:00009ac0       ??_Ebad_array_new_length@std@@UEAAPEAXI@Z 000000018000aac0 f i LIBCMT:throw_bad_alloc.obj
 0001:00009ac0       ??_Ebad_exception@std@@UEAAPEAXI@Z 000000018000aac0 f i libvcruntime:frame.obj
 0001:00009ac0       ??_Gbad_array_new_length@std@@UEAAPEAXI@Z 000000018000aac0 f i LIBCMT:throw_bad_alloc.obj
 0001:00009b04       ?__scrt_throw_std_bad_array_new_length@@YAXXZ 000000018000ab04 f   LIBCMT:throw_bad_alloc.obj
 0001:00009b24       __isa_available_init       000000018000ab24 f   LIBCMT:_cpu_disp_.obj
 0001:00009cec       DllMain                    000000018000acec f   LIBCMT:dll_dllmain_stub.obj
 0001:00009cec       _get_startup_argv_mode     000000018000acec f   LIBCMT:argv_mode.obj
 0001:00009cf4       __scrt_is_ucrt_dll_in_use  000000018000acf4 f   LIBCMT:ucrt_detection.obj
 0001:00009d00       __crt_debugger_hook        000000018000ad00 f   LIBCMT:utility_desktop.obj
 0001:00009d08       __scrt_fastfail            000000018000ad08 f   LIBCMT:utility_desktop.obj
 0001:00009e50       _guard_check_icall         000000018000ae50 f i LIBCMT:checkcfg.obj
 0001:00009e58       __security_init_cookie     000000018000ae58 f   LIBCMT:gs_support.obj
 0001:00009f04       ?__scrt_initialize_type_info@@YAXXZ 000000018000af04 f   LIBCMT:tncleanup.obj
 0001:00009f14       ?__scrt_uninitialize_type_info@@YAXXZ 000000018000af14 f   LIBCMT:tncleanup.obj
 0001:00009f20       __local_stdio_scanf_options 000000018000af20 f i LIBCMT:default_local_stdio_options.obj
 0001:00009f28       __scrt_initialize_default_local_stdio_options 000000018000af28 f   LIBCMT:default_local_stdio_options.obj
 0001:00009f44       __scrt_get_dyn_tls_init_callback 000000018000af44 f   LIBCMT:dyn_tls_init.obj
 0001:00009f4c       _RTC_Initialize            000000018000af4c f   LIBCMT:_initsect_.obj
 0001:00009f98       _RTC_Terminate             000000018000af98 f   LIBCMT:_initsect_.obj
 0001:0000a000       memmove                    000000018000b000 f   libvcruntime:memcpy.obj
 0001:0000a000       memcpy                     000000018000b000 f   libvcruntime:memcpy.obj
 0001:0000a438       strstr                     000000018000b438 f   libvcruntime:strstr.obj
 0001:0000a62c       wcschr                     000000018000b62c f   libvcruntime:wcschr.obj
 0001:0000a6c0       __std_exception_copy       000000018000b6c0 f   libvcruntime:std_exception.obj
 0001:0000a750       __std_exception_destroy    000000018000b750 f   libvcruntime:std_exception.obj
 0001:0000a778       _CxxThrowException         000000018000b778 f   libvcruntime:throw.obj
 0001:0000a850       __vcrt_initialize          000000018000b850 f   libvcruntime:initialization.obj
 0001:0000a884       __vcrt_thread_attach       000000018000b884 f   libvcruntime:initialization.obj
 0001:0000a898       __vcrt_thread_detach       000000018000b898 f   libvcruntime:initialization.obj
 0001:0000a8ac       __vcrt_uninitialize        000000018000b8ac f   libvcruntime:initialization.obj
 0001:0000a8cc       __vcrt_uninitialize_critical 000000018000b8cc f   libvcruntime:initialization.obj
 0001:0000a8dc       __C_specific_handler       000000018000b8dc f   libvcruntime:_chandler_.obj
 0001:0000aaf0       memset                     000000018000baf0 f   libvcruntime:memset.obj
 0001:0000ac90       __std_type_info_compare    000000018000bc90 f   libvcruntime:std_type_info.obj
 0001:0000acb8       __std_type_info_destroy_list 000000018000bcb8 f   libvcruntime:std_type_info.obj
 0001:0000ace4       __vcrt_freefls             000000018000bce4 f   libvcruntime:per_thread_data.obj
 0001:0000ad04       __vcrt_freeptd             000000018000bd04 f   libvcruntime:per_thread_data.obj
 0001:0000ad54       __vcrt_getptd              000000018000bd54 f   libvcruntime:per_thread_data.obj
 0001:0000ad70       __vcrt_getptd_noexit       000000018000bd70 f   libvcruntime:per_thread_data.obj
 0001:0000ae28       __vcrt_initialize_ptd      000000018000be28 f   libvcruntime:per_thread_data.obj
 0001:0000ae68       __vcrt_uninitialize_ptd    000000018000be68 f   libvcruntime:per_thread_data.obj
 0001:0000ae8c       __vcrt_initialize_locks    000000018000be8c f   libvcruntime:locks.obj
 0001:0000aed4       __vcrt_uninitialize_locks  000000018000bed4 f   libvcruntime:locks.obj
 0001:0000b0d4       __vcrt_FlsAlloc            000000018000c0d4 f   libvcruntime:winapi_downlevel.obj
 0001:0000b128       __vcrt_FlsFree             000000018000c128 f   libvcruntime:winapi_downlevel.obj
 0001:0000b17c       __vcrt_FlsGetValue         000000018000c17c f   libvcruntime:winapi_downlevel.obj
 0001:0000b1d0       __vcrt_FlsSetValue         000000018000c1d0 f   libvcruntime:winapi_downlevel.obj
 0001:0000b238       __vcrt_InitializeCriticalSectionEx 000000018000c238 f   libvcruntime:winapi_downlevel.obj
 0001:0000b2b0       __vcrt_initialize_winapi_thunks 000000018000c2b0 f   libvcruntime:winapi_downlevel.obj
 0001:0000b2fc       __vcrt_uninitialize_winapi_thunks 000000018000c2fc f   libvcruntime:winapi_downlevel.obj
 0001:0000b33c       __vcrt_initialize_pure_virtual_call_handler 000000018000c33c f   libvcruntime:purevirt_data.obj
 0001:0000b370       _local_unwind              000000018000c370 f   libvcruntime:_jmpuwind_.obj
 0001:0000b3a0       _NLG_Notify                000000018000c3a0 f   libvcruntime:_jmpuwind_.obj
 0001:0000b3c0       __NLG_Dispatch2            000000018000c3c0 f   libvcruntime:_jmpuwind_.obj
 0001:0000b3d0       __NLG_Return2              000000018000c3d0 f   libvcruntime:_jmpuwind_.obj
 0001:0000b3d4       free                       000000018000c3d4 f   libucrt:free.obj
 0001:0000bdc4       ??$ftprintf@PEAU_iobuf@@PEB_WAEBQEB_WAEBQEB_WAEBI@?$__crt_char_traits@_W@@SAH$$QEAPEAU_iobuf@@$$QEAPEB_WAEBQEB_W2AEBI@Z 000000018000cdc4 f i libucrt:assert.obj
 0001:0000bdec       _wassert                   000000018000cdec f   libucrt:assert.obj
 0001:0000be70       fwprintf                   000000018000ce70 f i libucrt:assert.obj
 0001:0000beb4       swprintf                   000000018000ceb4 f i libucrt:assert.obj
 0001:0000bf08       __acrt_call_reportfault    000000018000cf08 f   libucrt:invalid_parameter.obj
 0001:0000c064       __acrt_initialize_invalid_parameter_handler 000000018000d064 f   libucrt:invalid_parameter.obj
 0001:0000c06c       _invalid_parameter         000000018000d06c f   libucrt:invalid_parameter.obj
 0001:0000c114       _invalid_parameter_noinfo  000000018000d114 f   libucrt:invalid_parameter.obj
 0001:0000c134       _invalid_parameter_noinfo_noreturn 000000018000d134 f   libucrt:invalid_parameter.obj
 0001:0000c164       _invoke_watson             000000018000d164 f   libucrt:invalid_parameter.obj
 0001:0000c1ac       malloc                     000000018000d1ac f   libucrt:malloc.obj
 0001:0000c1b4       strtok                     000000018000d1b4 f   libucrt:strtok.obj
 0001:0000c1e4       strncpy_s                  000000018000d1e4 f   libucrt:strncpy_s.obj
 0001:0000c2b8       ??$?RV<lambda_7b91131dde12e1c3dfc74ff76b3f2eac>@@AEAV<lambda_dd75445284c072d0bd3768540cc698fa>@@V<lambda_16bc4ecb55b4718497c16bceaea2ceaf>@@@?$__crt_seh_guarded_call@H@@QEAAH$$QEAV<lambda_7b91131dde12e1c3dfc74ff76b3f2eac>@@AEAV<lambda_dd75445284c072d0bd3768540cc698fa>@@$$QEAV<lambda_16bc4ecb55b4718497c16bceaea2ceaf>@@@Z 000000018000d2b8 f i libucrt:output.obj
 0001:0000c4a0       ??$ensure_buffer_is_big_enough@D@formatting_buffer@__crt_stdio_output@@QEAA_N_K@Z 000000018000d4a0 f i libucrt:output.obj
 0001:0000c54c       ??$is_wide_character_specifier@D@__crt_stdio_output@@YA_N_KDW4length_modifier@0@@Z 000000018000d54c f i libucrt:output.obj
 0001:0000c57c       ??$is_wide_character_specifier@_W@__crt_stdio_output@@YA_N_K_WW4length_modifier@0@@Z 000000018000d57c f i libucrt:output.obj
 0001:0000c5c0       ??$type_case_integer_parse_into_buffer@I@?$output_processor@DV?$string_output_adapter@D@__crt_stdio_output@@V?$format_validation_base@DV?$string_output_adapter@D@__crt_stdio_output@@@2@@__crt_stdio_output@@AEAAXII_N@Z 000000018000d5c0 f i libucrt:output.obj
 0001:0000c5c0       ??$type_case_integer_parse_into_buffer@I@?$output_processor@_WV?$string_output_adapter@_W@__crt_stdio_output@@V?$standard_base@_WV?$string_output_adapter@_W@__crt_stdio_output@@@2@@__crt_stdio_output@@AEAAXII_N@Z 000000018000d5c0 f i libucrt:output.obj
 0001:0000c5c0       ??$type_case_integer_parse_into_buffer@I@?$output_processor@_WV?$stream_output_adapter@_W@__crt_stdio_output@@V?$standard_base@_WV?$stream_output_adapter@_W@__crt_stdio_output@@@2@@__crt_stdio_output@@AEAAXII_N@Z 000000018000d5c0 f i libucrt:output.obj
 0001:0000c65c       ??$type_case_integer_parse_into_buffer@_K@?$output_processor@DV?$string_output_adapter@D@__crt_stdio_output@@V?$format_validation_base@DV?$string_output_adapter@D@__crt_stdio_output@@@2@@__crt_stdio_output@@AEAAX_KI_N@Z 000000018000d65c f i libucrt:output.obj
 0001:0000c65c       ??$type_case_integer_parse_into_buffer@_K@?$output_processor@_WV?$stream_output_adapter@_W@__crt_stdio_output@@V?$standard_base@_WV?$stream_output_adapter@_W@__crt_stdio_output@@@2@@__crt_stdio_output@@AEAAX_KI_N@Z 000000018000d65c f i libucrt:output.obj
 0001:0000c65c       ??$type_case_integer_parse_into_buffer@_K@?$output_processor@_WV?$string_output_adapter@_W@__crt_stdio_output@@V?$standard_base@_WV?$string_output_adapter@_W@__crt_stdio_output@@@2@@__crt_stdio_output@@AEAAX_KI_N@Z 000000018000d65c f i libucrt:output.obj
 0001:0000c6f8       ??$write_multiple_characters@V?$stream_output_adapter@_W@__crt_stdio_output@@D@__crt_stdio_output@@YAXAEBV?$stream_output_adapter@_W@0@DHQEAH@Z 000000018000d6f8 f i libucrt:output.obj
 0001:0000c788       ??$write_multiple_characters@V?$string_output_adapter@D@__crt_stdio_output@@D@__crt_stdio_output@@YAXAEBV?$string_output_adapter@D@0@DHQEAH@Z 000000018000d788 f i libucrt:output.obj
 0001:0000c7e4       ??$write_multiple_characters@V?$string_output_adapter@_W@__crt_stdio_output@@D@__crt_stdio_output@@YAXAEBV?$string_output_adapter@_W@0@DHQEAH@Z 000000018000d7e4 f i libucrt:output.obj
 0001:0000c854       ??0?$output_processor@DV?$string_output_adapter@D@__crt_stdio_output@@V?$format_validation_base@DV?$string_output_adapter@D@__crt_stdio_output@@@2@@__crt_stdio_output@@QEAA@AEBV?$string_output_adapter@D@1@_KQEBDQEAU__crt_locale_pointers@@QEAD@Z 000000018000d854 f i libucrt:output.obj
 0001:0000c8d0       ??0?$output_processor@_WV?$string_output_adapter@_W@__crt_stdio_output@@V?$standard_base@_WV?$string_output_adapter@_W@__crt_stdio_output@@@2@@__crt_stdio_output@@QEAA@AEBV?$string_output_adapter@_W@1@_KQEB_WQEAU__crt_locale_pointers@@QEAD@Z 000000018000d8d0 f i libucrt:output.obj
 0001:0000c8d0       ??0?$output_processor@_WV?$stream_output_adapter@_W@__crt_stdio_output@@V?$standard_base@_WV?$stream_output_adapter@_W@__crt_stdio_output@@@2@@__crt_stdio_output@@QEAA@AEBV?$stream_output_adapter@_W@1@_KQEB_WQEAU__crt_locale_pointers@@QEAD@Z 000000018000d8d0 f i libucrt:output.obj
 0001:0000c950       ??0_LocaleUpdate@@QEAA@QEAU__crt_locale_pointers@@@Z 000000018000d950 f i libucrt:output.obj
 0001:0000cad0       ?force_decimal_point@__crt_stdio_output@@YAXPEADQEAU__crt_locale_pointers@@@Z 000000018000dad0 f i libucrt:output.obj
 0001:0000cb40       ?parse_int_from_format_string@?$output_processor@DV?$string_output_adapter@D@__crt_stdio_output@@V?$format_validation_base@DV?$string_output_adapter@D@__crt_stdio_output@@@2@@__crt_stdio_output@@AEAA_NQEAH@Z 000000018000db40 f i libucrt:output.obj
 0001:0000cbc4       ?parse_int_from_format_string@?$output_processor@_WV?$stream_output_adapter@_W@__crt_stdio_output@@V?$standard_base@_WV?$stream_output_adapter@_W@__crt_stdio_output@@@2@@__crt_stdio_output@@AEAA_NQEAH@Z 000000018000dbc4 f i libucrt:output.obj
 0001:0000cbc4       ?parse_int_from_format_string@?$output_processor@_WV?$string_output_adapter@_W@__crt_stdio_output@@V?$standard_base@_WV?$string_output_adapter@_W@__crt_stdio_output@@@2@@__crt_stdio_output@@AEAA_NQEAH@Z 000000018000dbc4 f i libucrt:output.obj
 0001:0000cc44       ?process@?$output_processor@DV?$string_output_adapter@D@__crt_stdio_output@@V?$format_validation_base@DV?$string_output_adapter@D@__crt_stdio_output@@@2@@__crt_stdio_output@@QEAAHXZ 000000018000dc44 f i libucrt:output.obj
 0001:0000ce58       ?process@?$output_processor@_WV?$stream_output_adapter@_W@__crt_stdio_output@@V?$standard_base@_WV?$stream_output_adapter@_W@__crt_stdio_output@@@2@@__crt_stdio_output@@QEAAHXZ 000000018000de58 f i libucrt:output.obj
 0001:0000d0d0       ?process@?$output_processor@_WV?$string_output_adapter@_W@__crt_stdio_output@@V?$standard_base@_WV?$string_output_adapter@_W@__crt_stdio_output@@@2@@__crt_stdio_output@@QEAAHXZ 000000018000e0d0 f i libucrt:output.obj
 0001:0000d34c       ?state_case_normal@?$output_processor@DV?$string_output_adapter@D@__crt_stdio_output@@V?$format_validation_base@DV?$string_output_adapter@D@__crt_stdio_output@@@2@@__crt_stdio_output@@AEAA_NXZ 000000018000e34c f i libucrt:output.obj
 0001:0000d3c0       ?state_case_normal_tchar@?$output_processor@DV?$string_output_adapter@D@__crt_stdio_output@@V?$format_validation_base@DV?$string_output_adapter@D@__crt_stdio_output@@@2@@__crt_stdio_output@@AEAA_ND@Z 000000018000e3c0 f i libucrt:output.obj
 0001:0000d458       ?state_case_size@?$output_processor@DV?$string_output_adapter@D@__crt_stdio_output@@V?$format_validation_base@DV?$string_output_adapter@D@__crt_stdio_output@@@2@@__crt_stdio_output@@AEAA_NXZ 000000018000e458 f i libucrt:output.obj
 0001:0000d5d4       ?state_case_size@?$output_processor@_WV?$stream_output_adapter@_W@__crt_stdio_output@@V?$standard_base@_WV?$stream_output_adapter@_W@__crt_stdio_output@@@2@@__crt_stdio_output@@AEAA_NXZ 000000018000e5d4 f i libucrt:output.obj
 0001:0000d778       ?state_case_size@?$output_processor@_WV?$string_output_adapter@_W@__crt_stdio_output@@V?$standard_base@_WV?$string_output_adapter@_W@__crt_stdio_output@@@2@@__crt_stdio_output@@AEAA_NXZ 000000018000e778 f i libucrt:output.obj
 0001:0000d91c       ?state_case_type@?$output_processor@DV?$string_output_adapter@D@__crt_stdio_output@@V?$format_validation_base@DV?$string_output_adapter@D@__crt_stdio_output@@@2@@__crt_stdio_output@@AEAA_NXZ 000000018000e91c f i libucrt:output.obj
 0001:0000db98       ?state_case_type@?$output_processor@_WV?$stream_output_adapter@_W@__crt_stdio_output@@V?$standard_base@_WV?$stream_output_adapter@_W@__crt_stdio_output@@@2@@__crt_stdio_output@@AEAA_NXZ 000000018000eb98 f i libucrt:output.obj
 0001:0000de64       ?state_case_type@?$output_processor@_WV?$string_output_adapter@_W@__crt_stdio_output@@V?$standard_base@_WV?$string_output_adapter@_W@__crt_stdio_output@@@2@@__crt_stdio_output@@AEAA_NXZ 000000018000ee64 f i libucrt:output.obj
 0001:0000e130       ?type_case_Z@?$output_processor@DV?$string_output_adapter@D@__crt_stdio_output@@V?$format_validation_base@DV?$string_output_adapter@D@__crt_stdio_output@@@2@@__crt_stdio_output@@AEAA_NXZ 000000018000f130 f i libucrt:output.obj
 0001:0000e1b0       ?type_case_Z@?$output_processor@_WV?$stream_output_adapter@_W@__crt_stdio_output@@V?$standard_base@_WV?$stream_output_adapter@_W@__crt_stdio_output@@@2@@__crt_stdio_output@@AEAA_NXZ 000000018000f1b0 f i libucrt:output.obj
 0001:0000e1b0       ?type_case_Z@?$output_processor@_WV?$string_output_adapter@_W@__crt_stdio_output@@V?$standard_base@_WV?$string_output_adapter@_W@__crt_stdio_output@@@2@@__crt_stdio_output@@AEAA_NXZ 000000018000f1b0 f i libucrt:output.obj
 0001:0000e230       ?type_case_a@?$output_processor@DV?$string_output_adapter@D@__crt_stdio_output@@V?$format_validation_base@DV?$string_output_adapter@D@__crt_stdio_output@@@2@@__crt_stdio_output@@AEAA_NXZ 000000018000f230 f i libucrt:output.obj
 0001:0000e44c       ?type_case_a@?$output_processor@_WV?$stream_output_adapter@_W@__crt_stdio_output@@V?$standard_base@_WV?$stream_output_adapter@_W@__crt_stdio_output@@@2@@__crt_stdio_output@@AEAA_NXZ 000000018000f44c f i libucrt:output.obj
 0001:0000e44c       ?type_case_a@?$output_processor@_WV?$string_output_adapter@_W@__crt_stdio_output@@V?$standard_base@_WV?$string_output_adapter@_W@__crt_stdio_output@@@2@@__crt_stdio_output@@AEAA_NXZ 000000018000f44c f i libucrt:output.obj
 0001:0000e690       ?type_case_c_tchar@?$output_processor@DV?$string_output_adapter@D@__crt_stdio_output@@V?$format_validation_base@DV?$string_output_adapter@D@__crt_stdio_output@@@2@@__crt_stdio_output@@AEAA_ND@Z 000000018000f690 f i libucrt:output.obj
 0001:0000e744       ?type_case_c_tchar@?$output_processor@_WV?$stream_output_adapter@_W@__crt_stdio_output@@V?$standard_base@_WV?$stream_output_adapter@_W@__crt_stdio_output@@@2@@__crt_stdio_output@@AEAA_N_W@Z 000000018000f744 f i libucrt:output.obj
 0001:0000e744       ?type_case_c_tchar@?$output_processor@_WV?$string_output_adapter@_W@__crt_stdio_output@@V?$standard_base@_WV?$string_output_adapter@_W@__crt_stdio_output@@@2@@__crt_stdio_output@@AEAA_N_W@Z 000000018000f744 f i libucrt:output.obj
 0001:0000e7ec       ?type_case_integer@?$output_processor@DV?$string_output_adapter@D@__crt_stdio_output@@V?$format_validation_base@DV?$string_output_adapter@D@__crt_stdio_output@@@2@@__crt_stdio_output@@AEAA_NI_N@Z 000000018000f7ec f i libucrt:output.obj
 0001:0000e7ec       ?type_case_integer@?$output_processor@_WV?$string_output_adapter@_W@__crt_stdio_output@@V?$standard_base@_WV?$string_output_adapter@_W@__crt_stdio_output@@@2@@__crt_stdio_output@@AEAA_NI_N@Z 000000018000f7ec f i libucrt:output.obj
 0001:0000e7ec       ?type_case_integer@?$output_processor@_WV?$stream_output_adapter@_W@__crt_stdio_output@@V?$standard_base@_WV?$stream_output_adapter@_W@__crt_stdio_output@@@2@@__crt_stdio_output@@AEAA_NI_N@Z 000000018000f7ec f i libucrt:output.obj
 0001:0000e98c       ?type_case_n@?$output_processor@DV?$string_output_adapter@D@__crt_stdio_output@@V?$format_validation_base@DV?$string_output_adapter@D@__crt_stdio_output@@@2@@__crt_stdio_output@@AEAA_NXZ 000000018000f98c f i libucrt:output.obj
 0001:0000e98c       ?type_case_n@?$output_processor@_WV?$string_output_adapter@_W@__crt_stdio_output@@V?$standard_base@_WV?$string_output_adapter@_W@__crt_stdio_output@@@2@@__crt_stdio_output@@AEAA_NXZ 000000018000f98c f i libucrt:output.obj
 0001:0000e98c       ?type_case_n@?$output_processor@_WV?$stream_output_adapter@_W@__crt_stdio_output@@V?$standard_base@_WV?$stream_output_adapter@_W@__crt_stdio_output@@@2@@__crt_stdio_output@@AEAA_NXZ 000000018000f98c f i libucrt:output.obj
 0001:0000ea68       ?type_case_s@?$output_processor@DV?$string_output_adapter@D@__crt_stdio_output@@V?$format_validation_base@DV?$string_output_adapter@D@__crt_stdio_output@@@2@@__crt_stdio_output@@AEAA_NXZ 000000018000fa68 f i libucrt:output.obj
 0001:0000eaf8       ?type_case_s@?$output_processor@_WV?$string_output_adapter@_W@__crt_stdio_output@@V?$standard_base@_WV?$string_output_adapter@_W@__crt_stdio_output@@@2@@__crt_stdio_output@@AEAA_NXZ 000000018000faf8 f i libucrt:output.obj
 0001:0000eaf8       ?type_case_s@?$output_processor@_WV?$stream_output_adapter@_W@__crt_stdio_output@@V?$standard_base@_WV?$stream_output_adapter@_W@__crt_stdio_output@@@2@@__crt_stdio_output@@AEAA_NXZ 000000018000faf8 f i libucrt:output.obj
 0001:0000ebc0       ?write_stored_string_tchar@?$output_processor@DV?$string_output_adapter@D@__crt_stdio_output@@V?$format_validation_base@DV?$string_output_adapter@D@__crt_stdio_output@@@2@@__crt_stdio_output@@AEAA_ND@Z 000000018000fbc0 f i libucrt:output.obj
 0001:0000ec98       ?write_stored_string_tchar@?$output_processor@_WV?$stream_output_adapter@_W@__crt_stdio_output@@V?$standard_base@_WV?$stream_output_adapter@_W@__crt_stdio_output@@@2@@__crt_stdio_output@@AEAA_N_W@Z 000000018000fc98 f i libucrt:output.obj
 0001:0000ed84       ?write_stored_string_tchar@?$output_processor@_WV?$string_output_adapter@_W@__crt_stdio_output@@V?$standard_base@_WV?$string_output_adapter@_W@__crt_stdio_output@@@2@@__crt_stdio_output@@AEAA_N_W@Z 000000018000fd84 f i libucrt:output.obj
 0001:0000ee74       ?write_string@?$stream_output_adapter@_W@__crt_stdio_output@@QEBAXQEB_WHQEAH1@Z 000000018000fe74 f i libucrt:output.obj
 0001:0000ef80       ?write_string@?$string_output_adapter@D@__crt_stdio_output@@QEBAXQEBDHQEAH1@Z 000000018000ff80 f i libucrt:output.obj
 0001:0000f03c       ?write_string@?$string_output_adapter@_W@__crt_stdio_output@@QEBAXQEB_WHQEAH1@Z 000000018001003c f i libucrt:output.obj
 0001:0000f0fc       __stdio_common_vfwprintf   00000001800100fc f   libucrt:output.obj
 0001:0000f188       __stdio_common_vsnprintf_s 0000000180010188 f   libucrt:output.obj
 0001:0000f2e4       __stdio_common_vswprintf   00000001800102e4 f   libucrt:output.obj
 0001:0000f530       strncpy                    0000000180010530 f   libucrt:strncpy.obj
 0001:0000f694       ??$__crt_time_is_leap_year@_J@@YA_N_J@Z 0000000180010694 f i libucrt:mktime.obj
 0001:0000fa68       _mktime64                  0000000180010a68 f   libucrt:mktime.obj
 0001:0000fa70       ??$__crt_time_is_leap_year@H@@YA_NH@Z 0000000180010a70 f i libucrt:gmtime.obj
 0001:0000fd44       __getgmtimebuf             0000000180010d44 f   libucrt:gmtime.obj
 0001:0000fd90       _gmtime64                  0000000180010d90 f   libucrt:gmtime.obj
 0001:0000fdd8       _gmtime64_s                0000000180010dd8 f   libucrt:gmtime.obj
 0001:000100fc       _localtime64               00000001800110fc f   libucrt:localtime.obj
 0001:00010144       _localtime64_s             0000000180011144 f   libucrt:localtime.obj
 0001:0001014c       _isleadbyte_l              000000018001114c f i libucrt:_wctype.obj
 0001:0001018c       __ascii_strnicmp           000000018001118c f   libucrt:strnicmp.obj
 0001:000101d4       strnicmp                   00000001800111d4 f   libucrt:strnicmp.obj
 0001:000101d4       _strnicmp                  00000001800111d4 f   libucrt:strnicmp.obj
 0001:00010224       _strnicmp_l                0000000180011224 f   libucrt:strnicmp.obj
 0001:00010300       ??$is_overflow_condition@K@__crt_strtox@@YA_NIK@Z 0000000180011300 f i libucrt:atox.obj
 0001:0001032c       ??$parse_integer@KV?$c_string_character_source@D@__crt_strtox@@@__crt_strtox@@YAKQEAU__crt_locale_pointers@@V?$c_string_character_source@D@0@H_N@Z 000000018001132c f i libucrt:atox.obj
 0001:00010640       ??$parse_integer@KV?$c_string_character_source@_W@__crt_strtox@@@__crt_strtox@@YAKQEAU__crt_locale_pointers@@V?$c_string_character_source@_W@0@H_N@Z 0000000180011640 f i libucrt:atox.obj
 0001:00010d14       atol                       0000000180011d14 f   libucrt:atox.obj
 0001:00010d14       atoi                       0000000180011d14 f   libucrt:atox.obj
 0001:00010d40       isdigit                    0000000180011d40 f i libucrt:_ctype.obj
 0001:00010db4       __ascii_stricmp            0000000180011db4 f   libucrt:stricmp.obj
 0001:00010df0       stricmp                    0000000180011df0 f   libucrt:stricmp.obj
 0001:00010df0       _stricmp                   0000000180011df0 f   libucrt:stricmp.obj
 0001:00010e38       _stricmp_l                 0000000180011e38 f   libucrt:stricmp.obj
 0001:00010eec       __acrt_initialize_new_handler 0000000180011eec f   libucrt:new_handler.obj
 0001:00010ef4       _callnewh                  0000000180011ef4 f   libucrt:new_handler.obj
 0001:00010f34       _query_new_handler         0000000180011f34 f   libucrt:new_handler.obj
 0001:00010f68       _seh_filter_dll            0000000180011f68 f   libucrt:exception_filter.obj
 0001:00010f7c       _seh_filter_exe            0000000180011f7c f   libucrt:exception_filter.obj
 0001:0001133c       __acrt_initialize_thread_local_exit_callback 000000018001233c f   libucrt:exit.obj
 0001:00011344       _cexit                     0000000180012344 f   libucrt:exit.obj
 0001:00011354       _exit                      0000000180012354 f   libucrt:exit.obj
 0001:00011360       _is_c_termination_complete 0000000180012360 f   libucrt:exit.obj
 0001:00011524       __acrt_allocate_buffer_for_argv 0000000180012524 f   libucrt:argv_parsing.obj
 0001:00011588       _configure_narrow_argv     0000000180012588 f   libucrt:argv_parsing.obj
 0001:00011a00       __dcrt_get_or_create_narrow_environment_nolock 0000000180012a00 f   libucrt:environment_initialization.obj
 0001:00011a08       __dcrt_uninitialize_environments_nolock 0000000180012a08 f   libucrt:environment_initialization.obj
 0001:00011a40       _initialize_narrow_environment 0000000180012a40 f   libucrt:environment_initialization.obj
 0001:00011a48       ??$?RV<lambda_b8c45f8f788dd370798f47cfe8ac3a86>@@AEAV<lambda_4e60a939b0d047cfe11ddc22648dfba9>@@V<lambda_332c3edc96d0294ec56c57d38c1cdfd5>@@@?$__crt_seh_guarded_call@H@@QEAAH$$QEAV<lambda_b8c45f8f788dd370798f47cfe8ac3a86>@@AEAV<lambda_4e60a939b0d047cfe11ddc22648dfba9>@@$$QEAV<lambda_332c3edc96d0294ec56c57d38c1cdfd5>@@@Z 0000000180012a48 f i libucrt:onexit.obj
 0001:00011a84       ??$?RV<lambda_e24bbb7b643b32fcea6fa61b31d4c984>@@AEAV<lambda_275893d493268fdec8709772e3fcec0e>@@V<lambda_9d71df4d7cf3f480f8d633942495c3b0>@@@?$__crt_seh_guarded_call@H@@QEAAH$$QEAV<lambda_e24bbb7b643b32fcea6fa61b31d4c984>@@AEAV<lambda_275893d493268fdec8709772e3fcec0e>@@$$QEAV<lambda_9d71df4d7cf3f480f8d633942495c3b0>@@@Z 0000000180012a84 f i libucrt:onexit.obj
 0001:00011e00       _crt_atexit                0000000180012e00 f   libucrt:onexit.obj
 0001:00011e10       _execute_onexit_table      0000000180012e10 f   libucrt:onexit.obj
 0001:00011e4c       _initialize_onexit_table   0000000180012e4c f   libucrt:onexit.obj
 0001:00011e8c       _register_onexit_function  0000000180012e8c f   libucrt:onexit.obj
 0001:00012008       __acrt_uninitialize_command_line 0000000180013008 f   libucrt:argv_data.obj
 0001:0001200c       __acrt_initialize          000000018001300c f   libucrt:initialization.obj
 0001:00012020       __acrt_thread_attach       0000000180013020 f   libucrt:initialization.obj
 0001:00012034       __acrt_thread_detach       0000000180013034 f   libucrt:initialization.obj
 0001:00012044       __acrt_uninitialize        0000000180013044 f   libucrt:initialization.obj
 0001:00012058       __acrt_uninitialize_critical 0000000180013058 f   libucrt:initialization.obj
 0001:00012068       _initterm                  0000000180013068 f   libucrt:initterm.obj
 0001:000120e0       _initterm_e                00000001800130e0 f   libucrt:initterm.obj
 0001:0001212c       terminate                  000000018001312c f   libucrt:terminate.obj
 0001:00012154       strcpy_s                   0000000180013154 f   libucrt:strcpy_s.obj
 0001:000121b4       _free_base                 00000001800131b4 f   libucrt:free_base.obj
 0001:000121f4       _malloc_base               00000001800131f4 f   libucrt:malloc_base.obj
 0001:00012254       abort                      0000000180013254 f   libucrt:abort.obj
 0001:000122ac       _calloc_base               00000001800132ac f   libucrt:calloc_base.obj
 0001:00012324       _query_app_type            0000000180013324 f   libucrt:report_runtime_error.obj
 0001:0001232c       __acrt_errno_from_os_error 000000018001332c f   libucrt:errno.obj
 0001:00012374       __acrt_errno_map_os_error  0000000180013374 f   libucrt:errno.obj
 0001:000123c4       __doserrno                 00000001800133c4 f   libucrt:errno.obj
 0001:000123e4       _errno                     00000001800133e4 f   libucrt:errno.obj
 0001:0001252c       _itow_s                    000000018001352c f   libucrt:xtoa.obj
 0001:0001254c       _set_error_mode            000000018001354c f   libucrt:set_error_mode.obj
 0001:0001258c       wcscat_s                   000000018001358c f   libucrt:wcscat_s.obj
 0001:0001260c       wcscpy_s                   000000018001360c f   libucrt:wcscpy_s.obj
 0001:00012674       wcsncat_s                  0000000180013674 f   libucrt:wcsncat_s.obj
 0001:0001279c       __acrt_show_wide_message_box 000000018001379c f   libucrt:crtmbox.obj
 0001:000128b8       __acrt_initialize_stdio    00000001800138b8 f   libucrt:_file.obj
 0001:000129d8       __acrt_iob_func            00000001800139d8 f   libucrt:_file.obj
 0001:000129ec       __acrt_uninitialize_stdio  00000001800139ec f   libucrt:_file.obj
 0001:00012a48       _lock_file                 0000000180013a48 f   libucrt:_file.obj
 0001:00012a54       _unlock_file               0000000180013a54 f   libucrt:_file.obj
 0001:00012a60       __acrt_stdio_flush_nolock  0000000180013a60 f   libucrt:fflush.obj
 0001:00012ad8       _fflush_nolock             0000000180013ad8 f   libucrt:fflush.obj
 0001:00012b24       _flushall                  0000000180013b24 f   libucrt:fflush.obj
 0001:00012c14       fflush                     0000000180013c14 f   libucrt:fflush.obj
 0001:00012c58       ??$?RV<lambda_7a5ef57ff966f610505f1d28a3d40618>@@AEAV<lambda_b721fa326cdb32351d23dfa67958c160>@@V<lambda_5e0fb27672408a07956fe59e48ccb2aa>@@@?$__crt_seh_guarded_call@H@@QEAAH$$QEAV<lambda_7a5ef57ff966f610505f1d28a3d40618>@@AEAV<lambda_b721fa326cdb32351d23dfa67958c160>@@$$QEAV<lambda_5e0fb27672408a07956fe59e48ccb2aa>@@@Z 0000000180013c58 f i libucrt:setvbuf.obj
 0001:00012d88       setvbuf                    0000000180013d88 f   libucrt:setvbuf.obj
 0001:00012e28       ??$?RV<lambda_c36588078e9f5dfd39652860aa6b3aaf>@@AEAV<lambda_ec61778202f4f5fc7e7711acc23c3bca>@@V<lambda_dc9d2797ccde5d239b4a0efae8ebd7db>@@@?$__crt_seh_guarded_call@P6AXH@Z@@QEAAP6AXH@Z$$QEAV<lambda_c36588078e9f5dfd39652860aa6b3aaf>@@AEAV<lambda_ec61778202f4f5fc7e7711acc23c3bca>@@$$QEAV<lambda_dc9d2797ccde5d239b4a0efae8ebd7db>@@@Z 0000000180013e28 f i libucrt:signal.obj
 0001:00012e70       __acrt_get_sigabrt_handler 0000000180013e70 f   libucrt:signal.obj
 0001:00012ea0       __acrt_initialize_signal_handlers 0000000180013ea0 f   libucrt:signal.obj
 0001:00012ec0       raise                      0000000180013ec0 f   libucrt:signal.obj
 0001:0001315c       ??$?RV<lambda_46352004c1216016012b18bd6f87e700>@@AEAV<lambda_3bd07e1a1191394380780325891bf33f>@@V<lambda_334532d3f185bcaa59b5be82d7d22bff>@@@?$__crt_seh_guarded_call@X@@QEAAX$$QEAV<lambda_46352004c1216016012b18bd6f87e700>@@AEAV<lambda_3bd07e1a1191394380780325891bf33f>@@$$QEAV<lambda_334532d3f185bcaa59b5be82d7d22bff>@@@Z 000000018001415c f i libucrt:per_thread_data.obj
 0001:000131bc       ??$?RV<lambda_5e887d1dcbef67a5eb4283622ba103bf>@@AEAV<lambda_4466841279450cc726390878d4a41900>@@V<lambda_341c25c0346d94847f1f3c463c57e077>@@@?$__crt_seh_guarded_call@X@@QEAAX$$QEAV<lambda_5e887d1dcbef67a5eb4283622ba103bf>@@AEAV<lambda_4466841279450cc726390878d4a41900>@@$$QEAV<lambda_341c25c0346d94847f1f3c463c57e077>@@@Z 00000001800141bc f i libucrt:per_thread_data.obj
 0001:00013204       ??$?RV<lambda_72d1df2b273a38828b1ce30cbf4cdab5>@@AEAV<lambda_876a65b173b8412d3a47c70a915b0cf4>@@V<lambda_41932305e351933ebe8f8be3ed8bb5dc>@@@?$__crt_seh_guarded_call@X@@QEAAX$$QEAV<lambda_72d1df2b273a38828b1ce30cbf4cdab5>@@AEAV<lambda_876a65b173b8412d3a47c70a915b0cf4>@@$$QEAV<lambda_41932305e351933ebe8f8be3ed8bb5dc>@@@Z 0000000180014204 f i libucrt:per_thread_data.obj
 0001:00013244       ??$?RV<lambda_fb3a7dec4e47f37f22dae91bb15c9095>@@AEAV<lambda_698284760c8add0bfb0756c19673e34b>@@V<lambda_dfb8eca1e75fef3034a8fb18dd509707>@@@?$__crt_seh_guarded_call@X@@QEAAX$$QEAV<lambda_fb3a7dec4e47f37f22dae91bb15c9095>@@AEAV<lambda_698284760c8add0bfb0756c19673e34b>@@$$QEAV<lambda_dfb8eca1e75fef3034a8fb18dd509707>@@@Z 0000000180014244 f i libucrt:per_thread_data.obj
 0001:000134d4       __acrt_freeptd             00000001800144d4 f   libucrt:per_thread_data.obj
 0001:00013518       __acrt_getptd              0000000180014518 f   libucrt:per_thread_data.obj
 0001:000135ac       __acrt_getptd_noexit       00000001800145ac f   libucrt:per_thread_data.obj
 0001:0001364c       __acrt_initialize_ptd      000000018001464c f   libucrt:per_thread_data.obj
 0001:00013688       __acrt_uninitialize_ptd    0000000180014688 f   libucrt:per_thread_data.obj
 0001:000136ac       __acrt_strtok_s_novalidation 00000001800146ac f   libucrt:strtok_s.obj
 0001:00013804       _tolower_l                 0000000180014804 f   libucrt:tolower_toupper.obj
 0001:00013944       tolower                    0000000180014944 f   libucrt:tolower_toupper.obj
 0001:00013970       ??$make_c_string_character_source@_WPEAPEA_W@__crt_strtox@@YA?AV?$c_string_character_source@_W@0@QEB_WQEAPEA_W@Z 0000000180014970 f i libucrt:strtox.obj
 0001:00013970       ??$make_c_string_character_source@DPEAPEAD@__crt_strtox@@YA?AV?$c_string_character_source@D@0@QEBDQEAPEAD@Z 0000000180014970 f i libucrt:strtox.obj
 0001:00013970       ??$make_c_string_character_source@D$$T@__crt_strtox@@YA?AV?$c_string_character_source@D@0@QEBD$$T@Z 0000000180014970 f i libucrt:atox.obj
 0001:00013984       strtol                     0000000180014984 f   libucrt:strtox.obj
 0001:000139b4       wcstol                     00000001800149b4 f   libucrt:strtox.obj
 0001:000139e4       _mbtowc_l                  00000001800149e4 f   libucrt:mbtowc.obj
 0001:00013b2c       mbtowc                     0000000180014b2c f   libucrt:mbtowc.obj
 0001:00013b34       _wctomb_s_l                0000000180014b34 f   libucrt:wctomb.obj
 0001:00013cb8       wctomb_s                   0000000180014cb8 f   libucrt:wctomb.obj
 0001:00013ccc       strnlen                    0000000180014ccc f   libucrt:strnlen.obj
 0001:00013e28       wcsnlen                    0000000180014e28 f   libucrt:strnlen.obj
 0001:00014018       __acrt_update_locale_info  0000000180015018 f   libucrt:locale_update.obj
 0001:0001404c       __acrt_update_multibyte_info 000000018001504c f   libucrt:locale_update.obj
 0001:00014080       ?__acrt_fp_classify@@YA?AW4__acrt_fp_class@@AEBN@Z 0000000180015080 f i libucrt:cvt.obj
 0001:00014ab8       __acrt_fp_format           0000000180015ab8 f   libucrt:cvt.obj
 0001:00014cfc       _fputwc_nolock             0000000180015cfc f   libucrt:fputwc.obj
 0001:00014e78       _fileno                    0000000180015e78 f   libucrt:fileno.obj
 0001:00014ea0       _fputc_nolock              0000000180015ea0 f   libucrt:fputc.obj
 0001:00014eb8       _get_printf_count_output   0000000180015eb8 f   libucrt:printf_count_output.obj
 0001:00014ed0       __acrt_stdio_begin_temporary_buffering_nolock 0000000180015ed0 f   libucrt:_sftbuf.obj
 0001:00014fa0       __acrt_stdio_end_temporary_buffering_nolock 0000000180015fa0 f   libucrt:_sftbuf.obj
 0001:00014fdc       __acrt_set_locale_changed  0000000180015fdc f   libucrt:wsetlocale.obj
 0001:00014fe8       __acrt_uninitialize_locale 0000000180015fe8 f   libucrt:wsetlocale.obj
 0001:00015218       __acrt_initialize_lowio    0000000180016218 f   libucrt:ioinit.obj
 0001:00015254       __acrt_uninitialize_lowio  0000000180016254 f   libucrt:ioinit.obj
 0001:00015294       __acrt_initialize_timeset  0000000180016294 f   libucrt:timeset.obj
 0001:000152c4       __daylight                 00000001800162c4 f   libucrt:timeset.obj
 0001:000152cc       __dstbias                  00000001800162cc f   libucrt:timeset.obj
 0001:000152d4       __timezone                 00000001800162d4 f   libucrt:timeset.obj
 0001:000152dc       __tzname                   00000001800162dc f   libucrt:timeset.obj
 0001:000152e4       _get_daylight              00000001800162e4 f   libucrt:timeset.obj
 0001:00015314       _get_dstbias               0000000180016314 f   libucrt:timeset.obj
 0001:00015344       _get_timezone              0000000180016344 f   libucrt:timeset.obj
 0001:00015db0       __tzset                    0000000180016db0 f   libucrt:tzset.obj
 0001:00015dec       _isindst                   0000000180016dec f   libucrt:tzset.obj
 0001:00015e1c       iswctype                   0000000180016e1c f   libucrt:iswctype.obj
 0001:00015e8c       __pctype_func              0000000180016e8c f   libucrt:ctype.obj
 0001:00015ebc       _isctype_l                 0000000180016ebc f   libucrt:isctype.obj
 0001:00015fcc       __acrt_initialize_locks    0000000180016fcc f   libucrt:locks.obj
 0001:00016014       __acrt_lock                0000000180017014 f   libucrt:locks.obj
 0001:00016030       __acrt_uninitialize_locks  0000000180017030 f   libucrt:locks.obj
 0001:00016068       __acrt_unlock              0000000180017068 f   libucrt:locks.obj
 0001:00016224       __acrt_CompareStringEx     0000000180017224 f   libucrt:winapi_thunks.obj
 0001:00016314       __acrt_FlsAlloc            0000000180017314 f   libucrt:winapi_thunks.obj
 0001:0001636c       __acrt_FlsFree             000000018001736c f   libucrt:winapi_thunks.obj
 0001:000163c4       __acrt_FlsGetValue         00000001800173c4 f   libucrt:winapi_thunks.obj
 0001:0001641c       __acrt_FlsSetValue         000000018001741c f   libucrt:winapi_thunks.obj
 0001:00016484       __acrt_InitializeCriticalSectionEx 0000000180017484 f   libucrt:winapi_thunks.obj
 0001:000164fc       __acrt_LCMapStringEx       00000001800174fc f   libucrt:winapi_thunks.obj
 0001:000165ec       __acrt_LocaleNameToLCID    00000001800175ec f   libucrt:winapi_thunks.obj
 0001:00016654       __acrt_MessageBoxW         0000000180017654 f   libucrt:winapi_thunks.obj
 0001:000166dc       __acrt_can_show_message_box 00000001800176dc f   libucrt:winapi_thunks.obj
 0001:00016738       __acrt_get_parent_window   0000000180017738 f   libucrt:winapi_thunks.obj
 0001:000167c8       __acrt_initialize_winapi_thunks 00000001800177c8 f   libucrt:winapi_thunks.obj
 0001:00016800       __acrt_is_interactive      0000000180017800 f   libucrt:winapi_thunks.obj
 0001:000168d4       __acrt_is_packaged_app     00000001800178d4 f   libucrt:winapi_thunks.obj
 0001:0001695c       __acrt_uninitialize_winapi_thunks 000000018001795c f   libucrt:winapi_thunks.obj
 0001:00016e7c       ?expand_if_necessary@?$argument_list@D@?A0xca0879c4@@AEAAHXZ 0000000180017e7c f i libucrt:argv_wildcards.obj
 0001:00016f44       __acrt_expand_narrow_argv_wildcards 0000000180017f44 f   libucrt:argv_wildcards.obj
 0001:00016f4c       ??$?RV<lambda_99476a1ad63dd22509b5d3e65b0ffc95>@@AEAV<lambda_ad1ced32f4ac17aa236e5ef05d6b3b7c>@@V<lambda_f7424dd8d45958661754dc4f2697e9c3>@@@?$__crt_seh_guarded_call@X@@QEAAX$$QEAV<lambda_99476a1ad63dd22509b5d3e65b0ffc95>@@AEAV<lambda_ad1ced32f4ac17aa236e5ef05d6b3b7c>@@$$QEAV<lambda_f7424dd8d45958661754dc4f2697e9c3>@@@Z 0000000180017f4c f i libucrt:mbctype.obj
 0001:00017648       __acrt_initialize_multibyte 0000000180018648 f   libucrt:mbctype.obj
 0001:00017670       __acrt_update_thread_multibyte_data 0000000180018670 f   libucrt:mbctype.obj
 0001:00017730       _setmbcp_nolock            0000000180018730 f   libucrt:mbctype.obj
 0001:00017a50       _ismbblead                 0000000180018a50 f   libucrt:ismbbyte.obj
 0001:00017a64       __acrt_initialize_command_line 0000000180018a64 f   libucrt:argv_data.obj
 0001:00017a8c       __dcrt_get_narrow_environment_from_os 0000000180018a8c f   libucrt:get_environment_from_os.obj
 0001:00017f6c       __dcrt_set_variable_in_narrow_environment_nolock 0000000180018f6c f   libucrt:setenv.obj
 0001:00017f74       _recalloc                  0000000180018f74 f   libucrt:recalloc.obj
 0001:00017f7c       _recalloc_base             0000000180018f7c f   libucrt:recalloc.obj
 0001:00018014       __acrt_initialize_heap     0000000180019014 f   libucrt:heap_handle.obj
 0001:00018030       __acrt_uninitialize_heap   0000000180019030 f   libucrt:heap_handle.obj
 0001:0001803c       __acrt_execute_initializers 000000018001903c f   libucrt:shared_initialization.obj
 0001:000180d0       __acrt_execute_uninitializers 00000001800190d0 f   libucrt:shared_initialization.obj
 0001:00018120       __acrt_has_user_matherr    0000000180019120 f   libucrt:matherr.obj
 0001:00018140       __acrt_initialize_user_matherr 0000000180019140 f   libucrt:matherr.obj
 0001:00018148       __acrt_invoke_user_matherr 0000000180019148 f   libucrt:matherr.obj
 0001:00018190       _query_new_mode            0000000180019190 f   libucrt:new_mode.obj
 0001:00018198       _fcloseall                 0000000180019198 f   libucrt:closeall.obj
 0001:0001824c       __acrt_stdio_free_buffer_nolock 000000018001924c f   libucrt:_freebuf.obj
 0001:0001828c       ??$?RV<lambda_b521505b218e5242e90febf6bfebc422>@@AEAV<lambda_6978c1fb23f02e42e1d9e99668cc68aa>@@V<lambda_314360699dd331753a4119843814e9a7>@@@?$__crt_seh_guarded_call@H@@QEAAH$$QEAV<lambda_b521505b218e5242e90febf6bfebc422>@@AEAV<lambda_6978c1fb23f02e42e1d9e99668cc68aa>@@$$QEAV<lambda_314360699dd331753a4119843814e9a7>@@@Z 000000018001928c f i libucrt:commit.obj
 0001:00018318       _commit                    0000000180019318 f   libucrt:commit.obj
 0001:0001894c       _write                     000000018001994c f   libucrt:write.obj
 0001:00018a38       _write_nolock              0000000180019a38 f   libucrt:write.obj
 0001:00018d1c       __acrt_add_locale_ref      0000000180019d1c f   libucrt:locale_refcounting.obj
 0001:00018da8       __acrt_free_locale         0000000180019da8 f   libucrt:locale_refcounting.obj
 0001:00018f20       __acrt_locale_add_lc_time_reference 0000000180019f20 f   libucrt:locale_refcounting.obj
 0001:00018f48       __acrt_locale_free_lc_time_if_unreferenced 0000000180019f48 f   libucrt:locale_refcounting.obj
 0001:00018f80       __acrt_locale_release_lc_time_reference 0000000180019f80 f   libucrt:locale_refcounting.obj
 0001:00018fa8       __acrt_release_locale_ref  0000000180019fa8 f   libucrt:locale_refcounting.obj
 0001:00019050       __acrt_update_thread_locale_data 000000018001a050 f   libucrt:locale_refcounting.obj
 0001:000190c0       _updatetlocinfoEx_nolock   000000018001a0c0 f   libucrt:locale_refcounting.obj
 0001:00019484       __acrt_LCMapStringA        000000018001a484 f   libucrt:lcmapstringa.obj
 0001:0001951c       ___lc_codepage_func        000000018001a51c f   libucrt:initctype.obj
 0001:0001954c       __acrt_fp_strflt_to_string 000000018001a54c f   libucrt:_fptostr.obj
 0001:00019610       ?divide@__crt_strtox@@YA_KAEAUbig_integer@1@AEBU21@@Z 000000018001a610 f i libucrt:cfout.obj
 0001:00019ae0       __acrt_fltout              000000018001aae0 f   libucrt:cfout.obj
 0001:0001b0e4       __acrt_stdio_flush_and_write_narrow_nolock 000000018001c0e4 f   libucrt:_flsbuf.obj
 0001:0001b1cc       __acrt_stdio_flush_and_write_wide_nolock 000000018001c1cc f   libucrt:_flsbuf.obj
 0001:0001b2b8       _isatty                    000000018001c2b8 f   libucrt:isatty.obj
 0001:0001b318       __acrt_locale_free_monetary 000000018001c318 f   libucrt:initmon.obj
 0001:0001b424       __acrt_locale_free_numeric 000000018001c424 f   libucrt:initnum.obj
 0001:0001b4e8       __acrt_locale_free_time    000000018001c4e8 f   libucrt:inittime.obj
 0001:0001b5f0       __acrt_GetStringTypeA      000000018001c5f0 f   libucrt:getstringtypea.obj
 0001:0001b7a4       __acrt_lowio_create_handle_array 000000018001c7a4 f   libucrt:osfinfo.obj
 0001:0001b83c       __acrt_lowio_destroy_handle_array 000000018001c83c f   libucrt:osfinfo.obj
 0001:0001b88c       __acrt_lowio_ensure_fh_exists 000000018001c88c f   libucrt:osfinfo.obj
 0001:0001b944       __acrt_lowio_lock_fh       000000018001c944 f   libucrt:osfinfo.obj
 0001:0001b968       __acrt_lowio_unlock_fh     000000018001c968 f   libucrt:osfinfo.obj
 0001:0001b98c       _free_osfhnd               000000018001c98c f   libucrt:osfinfo.obj
 0001:0001ba48       _get_osfhandle             000000018001ca48 f   libucrt:osfinfo.obj
 0001:0001bc48       getenv_s                   000000018001cc48 f   libucrt:getenv.obj
 0001:0001bd18       __acrt_DownlevelLocaleNameToLCID 000000018001cd18 f   libucrt:lcidtoname_downlevel.obj
 0001:0001be20       qsort                      000000018001ce20 f   libucrt:qsort.obj
 0001:0001c154       strpbrk                    000000018001d154 f   libucrt:strpbrk.obj
 0001:0001c1f4       _mbsdec                    000000018001d1f4 f   libucrt:mbsdec.obj
 0001:0001c1fc       _mbsdec_l                  000000018001d1fc f   libucrt:mbsdec.obj
 0001:0001c2ac       _strnicoll                 000000018001d2ac f   libucrt:strnicol.obj
 0001:0001c2c4       _strnicoll_l               000000018001d2c4 f   libucrt:strnicol.obj
 0001:0001c3c4       _msize                     000000018001d3c4 f   libucrt:msize.obj
 0001:0001c400       _realloc_base              000000018001d400 f   libucrt:realloc_base.obj
 0001:0001c484       _fclose_nolock             000000018001d484 f   libucrt:fclose.obj
 0001:0001c508       fclose                     000000018001d508 f   libucrt:fclose.obj
 0001:0001c700       _lseeki64                  000000018001d700 f   libucrt:lseek.obj
 0001:0001c708       _lseeki64_nolock           000000018001d708 f   libucrt:lseek.obj
 0001:0001c710       _putwch_nolock             000000018001d710 f   libucrt:putwch.obj
 0001:0001c76c       __strncnt                  000000018001d76c f   libucrt:strncnt.obj
 0001:0001c784       fegetenv                   000000018001d784 f   libucrt:fegetenv.obj
 0001:0001c7a4       fesetenv                   000000018001d7a4 f   libucrt:fesetenv.obj
 0001:0001c7f0       feholdexcept               000000018001d7f0 f   libucrt:feholdexcept.obj
 0001:0001c840       ceil                       000000018001d840 f   libucrt:ceil.obj
 0001:0001c910       log10                      000000018001d910 f   libucrt:log10.obj
 0001:0001cebc       __acrt_stdio_allocate_buffer_nolock 000000018001debc f   libucrt:_getbuf.obj
 0001:0001d2b4       __acrt_CompareStringA      000000018001e2b4 f   libucrt:comparestringa.obj
 0001:0001d340       ??$?RV<lambda_bfedae4ebbf01fab1bb6dcc6a9e276e0>@@AEAV<lambda_2fe9b910cf3cbf4a0ab98a02ba45b3ec>@@V<lambda_237c231691f317818eb88cc1d5d642d6>@@@?$__crt_seh_guarded_call@H@@QEAAH$$QEAV<lambda_bfedae4ebbf01fab1bb6dcc6a9e276e0>@@AEAV<lambda_2fe9b910cf3cbf4a0ab98a02ba45b3ec>@@$$QEAV<lambda_237c231691f317818eb88cc1d5d642d6>@@@Z 000000018001e340 f i libucrt:close.obj
 0001:0001d3b4       _close                     000000018001e3b4 f   libucrt:close.obj
 0001:0001d458       _close_nolock              000000018001e458 f   libucrt:close.obj
 0001:0001d514       ?__acrt_stdio_free_stream@@YAXV__crt_stdio_stream@@@Z 000000018001e514 f   libucrt:stream.obj
 0001:0001d558       __dcrt_lowio_initialize_console_output 000000018001e558 f   libucrt:initcon.obj
 0001:0001d594       __dcrt_terminate_console_output 000000018001e594 f   libucrt:initcon.obj
 0001:0001d5b4       _getfpcontrolword          000000018001e5b4 f   libucrt:_fenvutils.obj
 0001:0001d5cc       _getfpstatusword           000000018001e5cc f   libucrt:_fenvutils.obj
 0001:0001d5e0       _setfpcontrolword          000000018001e5e0 f   libucrt:_fenvutils.obj
 0001:0001d5ec       _setfpstatusword           000000018001e5ec f   libucrt:_fenvutils.obj
 0001:0001d63c       _clearfp                   000000018001e63c f   libucrt:ieee.obj
 0001:0001d690       _controlfp                 000000018001e690 f   libucrt:ieee.obj
 0001:0001d69c       _statusfp                  000000018001e69c f   libucrt:ieee.obj
 0001:0001daa0       _handle_error              000000018001eaa0 f   libucrt:libm_error.obj
 0001:0001dbc8       _handle_nan                000000018001ebc8 f   libucrt:libm_error.obj
 0001:0001dbf0       __acrt_initialize_fma3     000000018001ebf0 f   libucrt:fma3_available.obj
 0001:0001dc60       _log10_special             000000018001ec60 f   libucrt:log_special.obj
 0001:0001dd30       _get_fpsr                  000000018001ed30 f   libucrt:fpsr.obj
 0001:0001dd40       _set_fpsr                  000000018001ed40 f   libucrt:fpsr.obj
 0001:0001dd4a       _fclrf                     000000018001ed4a f   libucrt:fpsr.obj
 0001:0001dd5e       _frnd                      000000018001ed5e f   libucrt:fpsr.obj
 0001:0001dd80       _raise_exc                 000000018001ed80 f   libucrt:fpexcept.obj
 0001:0001dda8       _raise_exc_ex              000000018001eda8 f   libucrt:fpexcept.obj
 0001:0001e0b0       _set_errno_from_matherr    000000018001f0b0 f   libucrt:fpexcept.obj
 0001:0001e0e0       _clrfp                     000000018001f0e0 f   libucrt:fpctrl.obj
 0001:0001e100       _ctrlfp                    000000018001f100 f   libucrt:fpctrl.obj
 0001:0001e17c       _set_statfp                000000018001f17c f   libucrt:fpctrl.obj
 0001:0001e19c       _statfp                    000000018001f19c f   libucrt:fpctrl.obj
 0001:0001e1ae       IsProcessorFeaturePresent  000000018001f1ae f   kernel32:KERNEL32.dll
 0001:0001e1b4       RtlUnwindEx                000000018001f1b4 f   kernel32:KERNEL32.dll
 0001:0001e1c0       _FindPESection             000000018001f1c0 f   LIBCMT:pesect.obj
 0001:0001e210       _IsNonwritableInCurrentImage 000000018001f210 f   LIBCMT:pesect.obj
 0001:0001e260       _ValidateImageBase         000000018001f260 f   LIBCMT:pesect.obj
 0001:0001e290       __GSHandlerCheck           000000018001f290 f   LIBCMT:_gshandler_.obj
 0001:0001e2b0       __GSHandlerCheckCommon     000000018001f2b0 f   LIBCMT:_gshandler_.obj
 0001:0001e320       __chkstk                   000000018001f320 f   LIBCMT:_chkstk_.obj
 0001:0001e320       _alloca_probe              000000018001f320 f   LIBCMT:_chkstk_.obj
 0001:0001e374       strrchr                    000000018001f374 f   libvcruntime:strrchr.obj
 0001:0001e4d0       memcmp                     000000018001f4d0 f   libvcruntime:memcmp.obj
 0001:0001e598       strchr                     000000018001f598 f   libvcruntime:strchr.obj
 0001:0001e624       __GSHandlerCheck_EH        000000018001f624 f   LIBCMT:gshandlereh.obj
 0001:0001e6a4       ?_ExecutionInCatch@@YAHPEAU_xDISPATCHER_CONTEXT@@PEBU_s_FuncInfo@@@Z 000000018001f6a4 f   libvcruntime:trnsctrl.obj
 0001:0001e718       ?_GetEstablisherFrame@@YAPEA_KPEA_KPEAU_xDISPATCHER_CONTEXT@@PEBU_s_FuncInfo@@0@Z 000000018001f718 f   libvcruntime:trnsctrl.obj
 0001:0001e7e4       ?_GetRangeOfTrysToCheck@@YAPEBU_s_TryBlockMapEntry@@PEA_KPEBU_s_FuncInfo@@HHPEAI2PEAU_xDISPATCHER_CONTEXT@@@Z 000000018001f7e4 f   libvcruntime:trnsctrl.obj
 0001:0001e910       ?__FrameUnwindToEmptyState@@YAXPEA_KPEAU_xDISPATCHER_CONTEXT@@PEBU_s_FuncInfo@@@Z 000000018001f910 f   libvcruntime:trnsctrl.obj
 0001:0001e9a4       ?__SehTransFilter@@YAHPEAU_EXCEPTION_POINTERS@@PEAUEHExceptionRecord@@PEA_KPEAU_CONTEXT@@PEAU_xDISPATCHER_CONTEXT@@PEBU_s_FuncInfo@@PEAH@Z 000000018001f9a4 f   libvcruntime:trnsctrl.obj
 0001:0001ea3c       _CallSETranslator          000000018001fa3c f   libvcruntime:trnsctrl.obj
 0001:0001ea94       _CreateFrameInfo           000000018001fa94 f   libvcruntime:trnsctrl.obj
 0001:0001ead0       _FindAndUnlinkFrame        000000018001fad0 f   libvcruntime:trnsctrl.obj
 0001:0001eb28       _GetImageBase              000000018001fb28 f   libvcruntime:trnsctrl.obj
 0001:0001eb3c       _GetThrowImageBase         000000018001fb3c f   libvcruntime:trnsctrl.obj
 0001:0001eb50       _IsExceptionObjectToBeDestroyed 000000018001fb50 f   libvcruntime:trnsctrl.obj
 0001:0001eb80       _SetImageBase              000000018001fb80 f   libvcruntime:trnsctrl.obj
 0001:0001eb98       _SetThrowImageBase         000000018001fb98 f   libvcruntime:trnsctrl.obj
 0001:0001ebb0       _UnwindNestedFrames        000000018001fbb0 f   libvcruntime:trnsctrl.obj
 0001:0001ecd4       __CxxFrameHandler3         000000018001fcd4 f   libvcruntime:trnsctrl.obj
 0001:0001ed54       ?__GetCurrentState@@YAHPEA_KPEAU_xDISPATCHER_CONTEXT@@PEBU_s_FuncInfo@@@Z 000000018001fd54 f   libvcruntime:ehstate.obj
 0001:0001ed7c       ?__GetUnwindTryBlock@@YAHPEA_KPEAU_xDISPATCHER_CONTEXT@@PEBU_s_FuncInfo@@@Z 000000018001fd7c f   libvcruntime:ehstate.obj
 0001:0001eda8       ?__SetState@@YAXPEA_KPEAU_xDISPATCHER_CONTEXT@@PEBU_s_FuncInfo@@H@Z 000000018001fda8 f   libvcruntime:ehstate.obj
 0001:0001edb4       ?__SetUnwindTryBlock@@YAXPEA_KPEAU_xDISPATCHER_CONTEXT@@PEBU_s_FuncInfo@@H@Z 000000018001fdb4 f   libvcruntime:ehstate.obj
 0001:0001edf0       ?__StateFromControlPc@@YAHPEBU_s_FuncInfo@@PEAU_xDISPATCHER_CONTEXT@@@Z 000000018001fdf0 f   libvcruntime:ehstate.obj
 0001:0001edf8       ?__StateFromIp@@YAHPEBU_s_FuncInfo@@PEAU_xDISPATCHER_CONTEXT@@_J@Z 000000018001fdf8 f   libvcruntime:ehstate.obj
 0001:0001ee64       __DestructExceptionObject  000000018001fe64 f   libvcruntime:frame.obj
 0001:0001eeec       ??0bad_exception@std@@QEAA@AEBV01@@Z 000000018001feec f i libvcruntime:frame.obj
 0001:0001ef2c       ??0bad_exception@std@@QEAA@XZ 000000018001ff2c f i libvcruntime:frame.obj
 0001:0001f8a8       ?_CallMemberFunction0@@YAXPEAXP6AX0@Z@Z 00000001800208a8 f i libvcruntime:frame.obj
 0001:0001f8ac       ?_CallMemberFunction1@@YAXPEAXP6AX0@Z0@Z 00000001800208ac f i libvcruntime:frame.obj
 0001:0001f8b8       ?_CallMemberFunction2@@YAXPEAXP6AX0@Z0H@Z 00000001800208b8 f i libvcruntime:frame.obj
 0001:0001f8c8       __AdjustPointer            00000001800208c8 f   libvcruntime:frame.obj
 0001:0001f8ec       __BuildCatchObject         00000001800208ec f   libvcruntime:frame.obj
 0001:0001f9b0       __BuildCatchObjectHelper   00000001800209b0 f   libvcruntime:frame.obj
 0001:0001fb90       __CxxCallCatchBlock        0000000180020b90 f   libvcruntime:frame.obj
 0001:0001fd7c       __FrameUnwindFilter        0000000180020d7c f   libvcruntime:frame.obj
 0001:0001fdc8       __FrameUnwindToState       0000000180020dc8 f   libvcruntime:frame.obj
 0001:0001ff5c       __InternalCxxFrameHandler  0000000180020f5c f   libvcruntime:frame.obj
 0001:000201b4       __TypeMatch                00000001800211b4 f   libvcruntime:frame.obj
 0001:00020310       _CallSettingFrame          0000000180021310 f   libvcruntime:handlers.obj
 0001:00020350       floor                      0000000180021350 f   libucrt:floor.obj
 0001:00020410       _guard_dispatch_icall_nop  0000000180021410 f   LIBCMT:_guard_dispatch_.obj
 0002:00000000       __imp_ReadFile             0000000180023000     kernel32:KERNEL32.dll
 0002:00000008       __imp_WriteFile            0000000180023008     kernel32:KERNEL32.dll
 0002:00000010       __imp_PurgeComm            0000000180023010     kernel32:KERNEL32.dll
 0002:00000018       __imp_GetCommMask          0000000180023018     kernel32:KERNEL32.dll
 0002:00000020       __imp_Sleep                0000000180023020     kernel32:KERNEL32.dll
 0002:00000028       __imp_GetLastError         0000000180023028     kernel32:KERNEL32.dll
 0002:00000030       __imp_EscapeCommFunction   0000000180023030     kernel32:KERNEL32.dll
 0002:00000038       __imp_CreateFileA          0000000180023038     kernel32:KERNEL32.dll
 0002:00000040       __imp_LoadLibraryA         0000000180023040     kernel32:KERNEL32.dll
 0002:00000048       __imp_GetCommState         0000000180023048     kernel32:KERNEL32.dll
 0002:00000050       __imp_CloseHandle          0000000180023050     kernel32:KERNEL32.dll
 0002:00000058       __imp_GetOverlappedResult  0000000180023058     kernel32:KERNEL32.dll
 0002:00000060       __imp_SetCommMask          0000000180023060     kernel32:KERNEL32.dll
 0002:00000068       __imp_GetProcAddress       0000000180023068     kernel32:KERNEL32.dll
 0002:00000070       __imp_CreateEventA         0000000180023070     kernel32:KERNEL32.dll
 0002:00000078       __imp_SetCommTimeouts      0000000180023078     kernel32:KERNEL32.dll
 0002:00000080       __imp_SetCommState         0000000180023080     kernel32:KERNEL32.dll
 0002:00000088       __imp_FlushFileBuffers     0000000180023088     kernel32:KERNEL32.dll
 0002:00000090       __imp_TlsSetValue          0000000180023090     kernel32:KERNEL32.dll
 0002:00000098       __imp_HeapFree             0000000180023098     kernel32:KERNEL32.dll
 0002:000000a0       __imp_IsBadCodePtr         00000001800230a0     kernel32:KERNEL32.dll
 0002:000000a8       __imp_MultiByteToWideChar  00000001800230a8     kernel32:KERNEL32.dll
 0002:000000b0       __imp_FileTimeToSystemTime 00000001800230b0     kernel32:KERNEL32.dll
 0002:000000b8       __imp_TlsAlloc             00000001800230b8     kernel32:KERNEL32.dll
 0002:000000c0       __imp_HeapAlloc            00000001800230c0     kernel32:KERNEL32.dll
 0002:000000c8       __imp_GetProcessHeap       00000001800230c8     kernel32:KERNEL32.dll
 0002:000000d0       __imp_SystemTimeToFileTime 00000001800230d0     kernel32:KERNEL32.dll
 0002:000000d8       __imp_WideCharToMultiByte  00000001800230d8     kernel32:KERNEL32.dll
 0002:000000e0       __imp_TlsGetValue          00000001800230e0     kernel32:KERNEL32.dll
 0002:000000e8       __imp_FormatMessageA       00000001800230e8     kernel32:KERNEL32.dll
 0002:000000f0       __imp_SetLastError         00000001800230f0     kernel32:KERNEL32.dll
 0002:000000f8       __imp_QueryDosDeviceA      00000001800230f8     kernel32:KERNEL32.dll
 0002:00000100       __imp_GetVersionExA        0000000180023100     kernel32:KERNEL32.dll
 0002:00000108       __imp_CreateFileW          0000000180023108     kernel32:KERNEL32.dll
 0002:00000110       __imp_SetFilePointerEx     0000000180023110     kernel32:KERNEL32.dll
 0002:00000118       __imp_HeapReAlloc          0000000180023118     kernel32:KERNEL32.dll
 0002:00000120       __imp_HeapSize             0000000180023120     kernel32:KERNEL32.dll
 0002:00000128       __imp_SetStdHandle         0000000180023128     kernel32:KERNEL32.dll
 0002:00000130       __imp_GetConsoleMode       0000000180023130     kernel32:KERNEL32.dll
 0002:00000138       __imp_GetConsoleCP         0000000180023138     kernel32:KERNEL32.dll
 0002:00000140       __imp_SetEnvironmentVariableA 0000000180023140     kernel32:KERNEL32.dll
[...]
 0004:00001830       $pdata$__dcrt_lowio_initialize_console_output 0000000180036830     libucrt:initcon.obj
 0004:0000183c       $pdata$__dcrt_terminate_console_output 000000018003683c     libucrt:initcon.obj
 0004:00001848       $pdata$_getfpcontrolword   0000000180036848     libucrt:_fenvutils.obj
 0004:00001854       $pdata$_getfpstatusword    0000000180036854     libucrt:_fenvutils.obj
 0004:00001860       $pdata$_setfpstatusword    0000000180036860     libucrt:_fenvutils.obj
 0004:0000186c       $pdata$_clearfp            000000018003686c     libucrt:ieee.obj
 0004:00001878       $pdata$common_control87    0000000180036878     libucrt:ieee.obj
 0004:00001884       $pdata$_call_matherr       0000000180036884     libucrt:libm_error.obj
 0004:00001890       $pdata$_exception_enabled  0000000180036890     libucrt:libm_error.obj
 0004:0000189c       $pdata$_handle_error       000000018003689c     libucrt:libm_error.obj
 0004:000018a8       $pdata$__acrt_initialize_fma3 00000001800368a8     libucrt:fma3_available.obj
 0004:000018b4       $pdata$_log10_special      00000001800368b4     libucrt:log_special.obj
 0004:000018c0       $pdata$_log_special_common 00000001800368c0     libucrt:log_special.obj
 0004:000018d8       $pdata$_raise_exc          00000001800368d8     libucrt:fpexcept.obj
 0004:000018e4       $pdata$_raise_exc_ex       00000001800368e4     libucrt:fpexcept.obj
 0004:000018f0       $pdata$_set_errno_from_matherr 00000001800368f0     libucrt:fpexcept.obj
 0004:000018fc       $pdata$_clrfp              00000001800368fc     libucrt:fpctrl.obj
 0004:00001908       $pdata$_ctrlfp             0000000180036908     libucrt:fpctrl.obj
 0004:00001914       $pdata$_set_statfp         0000000180036914     libucrt:fpctrl.obj
 0004:00001920       $pdata$_statfp             0000000180036920     libucrt:fpctrl.obj
 0004:0000192c       $pdata$_IsNonwritableInCurrentImage 000000018003692c     LIBCMT:pesect.obj
 0004:00001938       $pdata$__GSHandlerCheck    0000000180036938     LIBCMT:_gshandler_.obj
 0004:00001944       $pdata$__GSHandlerCheckCommon 0000000180036944     LIBCMT:_gshandler_.obj
 0004:0000195c       $pdata$strrchr             000000018003695c     libvcruntime:strrchr.obj
 0004:00001974       $pdata$strchr              0000000180036974     libvcruntime:strchr.obj
 0004:00001980       $pdata$__GSHandlerCheck_EH 0000000180036980     LIBCMT:gshandlereh.obj
 0004:0000198c       $pdata$?_ExecutionInCatch@@YAHPEAU_xDISPATCHER_CONTEXT@@PEBU_s_FuncInfo@@@Z 000000018003698c     libvcruntime:trnsctrl.obj
 0004:00001998       $pdata$?_GetEstablisherFrame@@YAPEA_KPEA_KPEAU_xDISPATCHER_CONTEXT@@PEBU_s_FuncInfo@@0@Z 0000000180036998     libvcruntime:trnsctrl.obj
 0004:000019a4       $pdata$?_GetRangeOfTrysToCheck@@YAPEBU_s_TryBlockMapEntry@@PEA_KPEBU_s_FuncInfo@@HHPEAI2PEAU_xDISPATCHER_CONTEXT@@@Z 00000001800369a4     libvcruntime:trnsctrl.obj
 0004:000019b0       $pdata$?__FrameUnwindToEmptyState@@YAXPEA_KPEAU_xDISPATCHER_CONTEXT@@PEBU_s_FuncInfo@@@Z 00000001800369b0     libvcruntime:trnsctrl.obj
 0004:000019bc       $pdata$?__SehTransFilter@@YAHPEAU_EXCEPTION_POINTERS@@PEAUEHExceptionRecord@@PEA_KPEAU_CONTEXT@@PEAU_xDISPATCHER_CONTEXT@@PEBU_s_FuncInfo@@PEAH@Z 00000001800369bc     libvcruntime:trnsctrl.obj
 0004:000019c8       $pdata$_CallSETranslator   00000001800369c8     libvcruntime:trnsctrl.obj
 0004:000019d4       $pdata$_CreateFrameInfo    00000001800369d4     libvcruntime:trnsctrl.obj
 0004:000019e0       $pdata$_FindAndUnlinkFrame 00000001800369e0     libvcruntime:trnsctrl.obj
 0004:000019ec       $pdata$_GetImageBase       00000001800369ec     libvcruntime:trnsctrl.obj
 0004:000019f8       $pdata$_GetThrowImageBase  00000001800369f8     libvcruntime:trnsctrl.obj
 0004:00001a04       $pdata$_IsExceptionObjectToBeDestroyed 0000000180036a04     libvcruntime:trnsctrl.obj
 0004:00001a10       $pdata$_SetImageBase       0000000180036a10     libvcruntime:trnsctrl.obj
 0004:00001a1c       $pdata$_SetThrowImageBase  0000000180036a1c     libvcruntime:trnsctrl.obj
 0004:00001a28       $pdata$_UnwindNestedFrames 0000000180036a28     libvcruntime:trnsctrl.obj
 0004:00001a34       $pdata$__CxxFrameHandler3  0000000180036a34     libvcruntime:trnsctrl.obj
 0004:00001a40       $pdata$?__GetCurrentState@@YAHPEA_KPEAU_xDISPATCHER_CONTEXT@@PEBU_s_FuncInfo@@@Z 0000000180036a40     libvcruntime:ehstate.obj
 0004:00001a4c       $pdata$?__GetUnwindTryBlock@@YAHPEA_KPEAU_xDISPATCHER_CONTEXT@@PEBU_s_FuncInfo@@@Z 0000000180036a4c     libvcruntime:ehstate.obj
 0004:00001a58       $pdata$?__SetUnwindTryBlock@@YAXPEA_KPEAU_xDISPATCHER_CONTEXT@@PEBU_s_FuncInfo@@H@Z 0000000180036a58     libvcruntime:ehstate.obj
 0004:00001a64       $pdata$?__StateFromIp@@YAHPEBU_s_FuncInfo@@PEAU_xDISPATCHER_CONTEXT@@_J@Z 0000000180036a64     libvcruntime:ehstate.obj
 0004:00001a70       $pdata$__DestructExceptionObject 0000000180036a70     libvcruntime:frame.obj
 0004:00001a7c       $pdata$??0bad_exception@std@@QEAA@AEBV01@@Z 0000000180036a7c     libvcruntime:frame.obj
 0004:00001a88       $pdata$?CatchIt@@YAXPEAUEHExceptionRecord@@PEA_KPEAU_CONTEXT@@PEAU_xDISPATCHER_CONTEXT@@PEBU_s_FuncInfo@@PEBU_s_HandlerType@@PEBU_s_CatchableType@@PEBU_s_TryBlockMapEntry@@H1EE@Z 0000000180036a88     libvcruntime:frame.obj
 0004:00001a94       $pdata$?ExFilterRethrow@@YAHPEAU_EXCEPTION_POINTERS@@PEAUEHExceptionRecord@@PEAH@Z 0000000180036a94     libvcruntime:frame.obj
 0004:00001aa0       $pdata$?FindHandler@@YAXPEAUEHExceptionRecord@@PEA_KPEAU_CONTEXT@@PEAU_xDISPATCHER_CONTEXT@@PEBU_s_FuncInfo@@EH1@Z 0000000180036aa0     libvcruntime:frame.obj
 0004:00001aac       $pdata$?FindHandlerForForeignException@@YAXPEAUEHExceptionRecord@@PEA_KPEAU_CONTEXT@@PEAU_xDISPATCHER_CONTEXT@@PEBU_s_FuncInfo@@HH1@Z 0000000180036aac     libvcruntime:frame.obj
 0004:00001ab8       $pdata$?IsInExceptionSpec@@YAEPEAUEHExceptionRecord@@PEBU_s_ESTypeList@@@Z 0000000180036ab8     libvcruntime:frame.obj
 0004:00001ac4       $pdata$__BuildCatchObject  0000000180036ac4     libvcruntime:frame.obj
 0004:00001ad0       $pdata$__BuildCatchObjectHelper 0000000180036ad0     libvcruntime:frame.obj
 0004:00001adc       $pdata$__CxxCallCatchBlock 0000000180036adc     libvcruntime:frame.obj
 0004:00001ae8       $pdata$__FrameUnwindFilter 0000000180036ae8     libvcruntime:frame.obj
 0004:00001af4       $pdata$__FrameUnwindToState 0000000180036af4     libvcruntime:frame.obj
 0004:00001b00       $pdata$__InternalCxxFrameHandler 0000000180036b00     libvcruntime:frame.obj
 0004:00001b0c       $pdata$__TypeMatch         0000000180036b0c     libvcruntime:frame.obj
 0004:00001b30       $pdata$?dtor$0@?0??newQForFD@@YAPEAU_WriteQueue@@H@Z@4HA 0000000180036b30     serialport.obj
 0004:00001b3c       $pdata$?dtor$1@?0??newQForFD@@YAPEAU_WriteQueue@@H@Z@4HA 0000000180036b3c     serialport.obj
 0004:00001b48       $pdata$?dtor$1@?0??Open@@YAXAEBV?$FunctionCallbackInfo@VValue@v8@@@Nan@@@Z@4HA 0000000180036b48     serialport.obj
 0004:00001b54       $pdata$?dtor$14@?0??Open@@YAXAEBV?$FunctionCallbackInfo@VValue@v8@@@Nan@@@Z@4HA 0000000180036b54     serialport.obj
 0004:00001b60       $pdata$?dtor$16@?0??Open@@YAXAEBV?$FunctionCallbackInfo@VValue@v8@@@Nan@@@Z@4HA 0000000180036b60     serialport.obj
 0004:00001b6c       $pdata$?dtor$18@?0??Open@@YAXAEBV?$FunctionCallbackInfo@VValue@v8@@@Nan@@@Z@4HA 0000000180036b6c     serialport.obj
 0004:00001b78       $pdata$?dtor$0@?0??Update@@YAXAEBV?$FunctionCallbackInfo@VValue@v8@@@Nan@@@Z@4HA 0000000180036b78     serialport.obj
 0004:00001b84       $pdata$?dtor$0@?0??Write@@YAXAEBV?$FunctionCallbackInfo@VValue@v8@@@Nan@@@Z@4HA 0000000180036b84     serialport.obj
 0004:00001b90       $pdata$?dtor$1@?0??Write@@YAXAEBV?$FunctionCallbackInfo@VValue@v8@@@Nan@@@Z@4HA 0000000180036b90     serialport.obj
 0004:00001b9c       $pdata$?dtor$0@?0??Close@@YAXAEBV?$FunctionCallbackInfo@VValue@v8@@@Nan@@@Z@4HA 0000000180036b9c     serialport.obj
 0004:00001ba8       $pdata$?dtor$0@?0??List@@YAXAEBV?$FunctionCallbackInfo@VValue@v8@@@Nan@@@Z@4HA 0000000180036ba8     serialport.obj
 0004:00001bb4       $pdata$?dtor$0@?0??Drain@@YAXAEBV?$FunctionCallbackInfo@VValue@v8@@@Nan@@@Z@4HA 0000000180036bb4     serialport.obj
 0004:00001bb4       $pdata$?dtor$0@?0??Flush@@YAXAEBV?$FunctionCallbackInfo@VValue@v8@@@Nan@@@Z@4HA 0000000180036bb4     serialport.obj
 0004:00001bc0       $pdata$?dtor$0@?0??Set@@YAXAEBV?$FunctionCallbackInfo@VValue@v8@@@Nan@@@Z@4HA 0000000180036bc0     serialport.obj
 0004:00001bcc       $pdata$?dtor$2@?0??EIO_List@@YAXPEAUuv_work_s@@@Z@4HA 0000000180036bcc     serialport_win.obj
 0004:00001bd8       $pdata$?dtor$4@?0??EIO_List@@YAXPEAUuv_work_s@@@Z@4HA 0000000180036bd8     serialport_win.obj
 0004:00001be4       $pdata$__scrt_is_nonwritable_in_current_image$filt$0 0000000180036be4     LIBCMT:utility.obj
 0004:00001bf0       $pdata$?fin$0@?0??dllmain_crt_process_attach@@YAHQEAUHINSTANCE__@@QEAX@Z@4HA 0000000180036bf0     LIBCMT:dll_dllmain.obj
 0004:00001bfc       $pdata$?fin$0@?0??dllmain_crt_process_detach@@YAH_N@Z@4HA 0000000180036bfc     LIBCMT:dll_dllmain.obj
 0004:00001c08       $pdata$?filt$0@?0??dllmain_dispatch@@YAHQEAUHINSTANCE__@@KQEAX@Z@4HA 0000000180036c08     LIBCMT:dll_dllmain.obj
 0004:00001c14       $pdata$?fin$0@?0???$?RV<lambda_7a5ef57ff966f610505f1d28a3d40618>@@AEAV<lambda_b721fa326cdb32351d23dfa67958c160>@@V<lambda_5e0fb27672408a07956fe59e48ccb2aa>@@@?$__crt_seh_guarded_call@H@@QEAAH$$QEAV<lambda_7a5ef57ff966f610505f1d28a3d40618>@@AEAV<lambda_b721fa326cdb32351d23dfa67958c160>@@$$QEAV<lambda_5e0fb27672408a07956fe59e48ccb2aa>@@@Z@4HA 0000000180036c14     libucrt:setvbuf.obj
 0004:00001c14       $pdata$?fin$0@?0???$?RV<lambda_7b91131dde12e1c3dfc74ff76b3f2eac>@@AEAV<lambda_dd75445284c072d0bd3768540cc698fa>@@V<lambda_16bc4ecb55b4718497c16bceaea2ceaf>@@@?$__crt_seh_guarded_call@H@@QEAAH$$QEAV<lambda_7b91131dde12e1c3dfc74ff76b3f2eac>@@AEAV<lambda_dd75445284c072d0bd3768540cc698fa>@@$$QEAV<lambda_16bc4ecb55b4718497c16bceaea2ceaf>@@@Z@4HA 0000000180036c14     libucrt:output.obj
 0004:00001c20       $pdata$_query_new_handler$fin$0 0000000180036c20     libucrt:new_handler.obj
 0004:00001c2c       $pdata$?filt$0@?0??common_exit@@YAXHW4_crt_exit_cleanup_mode@@W4_crt_exit_return_mode@@@Z@4HA 0000000180036c2c     libucrt:exit.obj
 0004:00001c38       $pdata$?fin$1@?0??common_exit@@YAXHW4_crt_exit_cleanup_mode@@W4_crt_exit_return_mode@@@Z@4HA 0000000180036c38     libucrt:exit.obj
 0004:00001c44       $pdata$?fin$0@?0???$?RV<lambda_e24bbb7b643b32fcea6fa61b31d4c984>@@AEAV<lambda_275893d493268fdec8709772e3fcec0e>@@V<lambda_9d71df4d7cf3f480f8d633942495c3b0>@@@?$__crt_seh_guarded_call@H@@QEAAH$$QEAV<lambda_e24bbb7b643b32fcea6fa61b31d4c984>@@AEAV<lambda_275893d493268fdec8709772e3fcec0e>@@$$QEAV<lambda_9d71df4d7cf3f480f8d633942495c3b0>@@@Z@4HA 0000000180036c44     libucrt:onexit.obj
 0004:00001c50       $pdata$common_flush_all$fin$0 0000000180036c50     libucrt:fflush.obj
 0004:00001c5c       $pdata$common_flush_all$fin$1 0000000180036c5c     libucrt:fflush.obj
 0004:00001c68       $pdata$fclose$fin$0        0000000180036c68     libucrt:fclose.obj
 0004:00001c68       $pdata$fflush$fin$0        0000000180036c68     libucrt:fflush.obj
 0004:00001c74       $pdata$raise$fin$0         0000000180036c74     libucrt:signal.obj
 0004:00001c80       $pdata$?fin$0@?0???$?RV<lambda_46352004c1216016012b18bd6f87e700>@@AEAV<lambda_3bd07e1a1191394380780325891bf33f>@@V<lambda_334532d3f185bcaa59b5be82d7d22bff>@@@?$__crt_seh_guarded_call@X@@QEAAX$$QEAV<lambda_46352004c1216016012b18bd6f87e700>@@AEAV<lambda_3bd07e1a1191394380780325891bf33f>@@$$QEAV<lambda_334532d3f185bcaa59b5be82d7d22bff>@@@Z@4HA 0000000180036c80     libucrt:per_thread_data.obj
 0004:00001c80       $pdata$?fin$0@?0???$?RV<lambda_fb3a7dec4e47f37f22dae91bb15c9095>@@AEAV<lambda_698284760c8add0bfb0756c19673e34b>@@V<lambda_dfb8eca1e75fef3034a8fb18dd509707>@@@?$__crt_seh_guarded_call@X@@QEAAX$$QEAV<lambda_fb3a7dec4e47f37f22dae91bb15c9095>@@AEAV<lambda_698284760c8add0bfb0756c19673e34b>@@$$QEAV<lambda_dfb8eca1e75fef3034a8fb18dd509707>@@@Z@4HA 0000000180036c80     libucrt:per_thread_data.obj
 0004:00001c80       $pdata$?fin$0@?0???$?RV<lambda_99476a1ad63dd22509b5d3e65b0ffc95>@@AEAV<lambda_ad1ced32f4ac17aa236e5ef05d6b3b7c>@@V<lambda_f7424dd8d45958661754dc4f2697e9c3>@@@?$__crt_seh_guarded_call@X@@QEAAX$$QEAV<lambda_99476a1ad63dd22509b5d3e65b0ffc95>@@AEAV<lambda_ad1ced32f4ac17aa236e5ef05d6b3b7c>@@$$QEAV<lambda_f7424dd8d45958661754dc4f2697e9c3>@@@Z@4HA 0000000180036c80     libucrt:mbctype.obj
 0004:00001c80       $pdata$?fin$0@?0???$?RV<lambda_c36588078e9f5dfd39652860aa6b3aaf>@@AEAV<lambda_ec61778202f4f5fc7e7711acc23c3bca>@@V<lambda_dc9d2797ccde5d239b4a0efae8ebd7db>@@@?$__crt_seh_guarded_call@P6AXH@Z@@QEAAP6AXH@Z$$QEAV<lambda_c36588078e9f5dfd39652860aa6b3aaf>@@AEAV<lambda_ec61778202f4f5fc7e7711acc23c3bca>@@$$QEAV<lambda_dc9d2797ccde5d239b4a0efae8ebd7db>@@@Z@4HA 0000000180036c80     libucrt:signal.obj
 0004:00001c80       $pdata$?fin$0@?0???$?RV<lambda_72d1df2b273a38828b1ce30cbf4cdab5>@@AEAV<lambda_876a65b173b8412d3a47c70a915b0cf4>@@V<lambda_41932305e351933ebe8f8be3ed8bb5dc>@@@?$__crt_seh_guarded_call@X@@QEAAX$$QEAV<lambda_72d1df2b273a38828b1ce30cbf4cdab5>@@AEAV<lambda_876a65b173b8412d3a47c70a915b0cf4>@@$$QEAV<lambda_41932305e351933ebe8f8be3ed8bb5dc>@@@Z@4HA 0000000180036c80     libucrt:per_thread_data.obj
 0004:00001c80       $pdata$?fin$0@?0???$?RV<lambda_b8c45f8f788dd370798f47cfe8ac3a86>@@AEAV<lambda_4e60a939b0d047cfe11ddc22648dfba9>@@V<lambda_332c3edc96d0294ec56c57d38c1cdfd5>@@@?$__crt_seh_guarded_call@H@@QEAAH$$QEAV<lambda_b8c45f8f788dd370798f47cfe8ac3a86>@@AEAV<lambda_4e60a939b0d047cfe11ddc22648dfba9>@@$$QEAV<lambda_332c3edc96d0294ec56c57d38c1cdfd5>@@@Z@4HA 0000000180036c80     libucrt:onexit.obj
 0004:00001c80       $pdata$?fin$0@?0???$?RV<lambda_5e887d1dcbef67a5eb4283622ba103bf>@@AEAV<lambda_4466841279450cc726390878d4a41900>@@V<lambda_341c25c0346d94847f1f3c463c57e077>@@@?$__crt_seh_guarded_call@X@@QEAAX$$QEAV<lambda_5e887d1dcbef67a5eb4283622ba103bf>@@AEAV<lambda_4466841279450cc726390878d4a41900>@@$$QEAV<lambda_341c25c0346d94847f1f3c463c57e077>@@@Z@4HA 0000000180036c80     libucrt:per_thread_data.obj
 0004:00001c8c       $pdata$__acrt_update_thread_locale_data$fin$0 0000000180036c8c     libucrt:locale_refcounting.obj
 0004:00001c8c       $pdata$__acrt_uninitialize_locale$fin$0 0000000180036c8c     libucrt:wsetlocale.obj
 0004:00001c98       $pdata$__acrt_initialize_lowio$fin$0 0000000180036c98     libucrt:ioinit.obj
 0004:00001c98       $pdata$__acrt_lowio_ensure_fh_exists$fin$0 0000000180036c98     libucrt:osfinfo.obj
 0004:00001ca4       $pdata$__tzset$fin$0       0000000180036ca4     libucrt:tzset.obj
 0004:00001ca4       $pdata$_isindst$fin$0      0000000180036ca4     libucrt:tzset.obj
 0004:00001cb0       $pdata$__acrt_update_thread_multibyte_data$fin$0 0000000180036cb0     libucrt:mbctype.obj
 0004:00001cbc       $pdata$_fcloseall$fin$0    0000000180036cbc     libucrt:closeall.obj
 0004:00001cc8       $pdata$?fin$0@?0???$common_lseek@_J@@YA_JH_JH@Z@4HA 0000000180036cc8     libucrt:lseek.obj
 0004:00001cc8       $pdata$_write$fin$0        0000000180036cc8     libucrt:write.obj
 0004:00001cd4       $pdata$?fin$0@?0???$common_getenv_s@D@@YAHQEA_KQEAD_KQEBD@Z@4HA 0000000180036cd4     libucrt:getenv.obj
 0004:00001ce0       $pdata$?fin$0@?0???$?RV<lambda_b521505b218e5242e90febf6bfebc422>@@AEAV<lambda_6978c1fb23f02e42e1d9e99668cc68aa>@@V<lambda_314360699dd331753a4119843814e9a7>@@@?$__crt_seh_guarded_call@H@@QEAAH$$QEAV<lambda_b521505b218e5242e90febf6bfebc422>@@AEAV<lambda_6978c1fb23f02e42e1d9e99668cc68aa>@@$$QEAV<lambda_314360699dd331753a4119843814e9a7>@@@Z@4HA 0000000180036ce0     libucrt:commit.obj
 0004:00001ce0       $pdata$?fin$0@?0???$?RV<lambda_bfedae4ebbf01fab1bb6dcc6a9e276e0>@@AEAV<lambda_2fe9b910cf3cbf4a0ab98a02ba45b3ec>@@V<lambda_237c231691f317818eb88cc1d5d642d6>@@@?$__crt_seh_guarded_call@H@@QEAAH$$QEAV<lambda_bfedae4ebbf01fab1bb6dcc6a9e276e0>@@AEAV<lambda_2fe9b910cf3cbf4a0ab98a02ba45b3ec>@@$$QEAV<lambda_237c231691f317818eb88cc1d5d642d6>@@@Z@4HA 0000000180036ce0     libucrt:close.obj
 0004:00001cec       $pdata$_ctrlfp$filt$0      0000000180036cec     libucrt:fpctrl.obj
 0004:00001cec       $pdata$common_control87$filt$0 0000000180036cec     libucrt:ieee.obj
 0004:00001cf8       $pdata$_IsNonwritableInCurrentImage$filt$0 0000000180036cf8     LIBCMT:pesect.obj
 0004:00001d04       $pdata$_CallSETranslator$filt$0 0000000180036d04     libvcruntime:trnsctrl.obj
 0004:00001d10       $pdata$__CxxCallCatchBlock$filt$0 0000000180036d10     libvcruntime:frame.obj
 0004:00001d1c       $pdata$__CxxCallCatchBlock$fin$1 0000000180036d1c     libvcruntime:frame.obj
 0004:00001d28       $pdata$__DestructExceptionObject$filt$0 0000000180036d28     libvcruntime:frame.obj
 0004:00001d34       $pdata$__FrameUnwindToState$filt$0 0000000180036d34     libvcruntime:frame.obj
 0004:00001d40       $pdata$__FrameUnwindToState$fin$1 0000000180036d40     libvcruntime:frame.obj
 0004:00001d4c       $pdata$??__Fg_closingHandles@@YAXXZ 0000000180036d4c     serialport_win.obj
 0005:00000000       __guard_fids__             0000000180037000     libucrt:initialization.obj
 0005:00000060       __guard_fids___acrt_show_wide_message_box 0000000180037060     libucrt:crtmbox.obj
 0005:00000064       __guard_fids___acrt_initialize_ptd 0000000180037064     libucrt:per_thread_data.obj
 0005:00000068       __guard_fids_??$expand_argument_wildcards@D@@YAHQEAD0AEAV?$argument_list@D@?A0xca0879c4@@@Z 0000000180037068     libucrt:argv_wildcards.obj
 0005:0000006c       __guard_fids__             000000018003706c     libucrt:stdio_initializer.obj
 0005:00000070       __guard_fids__             0000000180037070     libucrt:stdio_initializer.obj
 0005:00000074       __guard_fids__             0000000180037074     libucrt:locale_initializer.obj
 0005:00000078       __guard_fids__             0000000180037078     libucrt:timeset_initializer.obj
 0005:0000007c       __guard_fids__             000000018003707c     libucrt:multibyte_initializer.obj
 0005:00000080       __guard_fids__             0000000180037080     libucrt:console_output_initializer.obj
 0005:00000084       __guard_fids__             0000000180037084     libucrt:fma3_initializer.obj
 0005:00000088       __guard_fids__             0000000180037088     libcpmt:xthrow.obj
 0005:00000090       __guard_fids__             0000000180037090     libcpmt:xthrow.obj
 0005:00000098       __guard_fids__             0000000180037098     libcpmt:xthrow.obj
 0005:000000a0       __guard_fids__             00000001800370a0     libcpmt:xthrow.obj
 0005:000000a8       __guard_fids__             00000001800370a8     libcpmt:xthrow.obj
 0005:000000b0       __guard_fids_?dllmain_crt_process_attach@@YAHQEAUHINSTANCE__@@QEAX@Z 00000001800370b0     LIBCMT:dll_dllmain.obj
 0005:000000b8       __guard_fids_?dllmain_dispatch@@YAHQEAUHINSTANCE__@@KQEAX@Z 00000001800370b8     LIBCMT:dll_dllmain.obj
 0005:000000bc       __guard_fids__             00000001800370bc     LIBCMT:std_type_info_static.obj
 0005:000000c0       __guard_fids__             00000001800370c0     LIBCMT:throw_bad_alloc.obj
 0005:000000c8       __guard_fids__             00000001800370c8     LIBCMT:guard_support.obj
 0005:000000cc       __guard_fids___vcrt_initialize_ptd 00000001800370cc     libvcruntime:per_thread_data.obj
 0005:000000d0       __guard_fids__UnwindNestedFrames 00000001800370d0     libvcruntime:trnsctrl.obj
 0005:000000d4       __guard_fids__             00000001800370d4     libvcruntime:frame.obj
 0005:000000d8       __guard_fids__             00000001800370d8     libvcruntime:frame.obj
 0006:00000060       $R000000                   0000000180038060     * linker generated manifest res *

 Exports

  ordinal    name

        1    _register_serialport_
