 serialport

 Timestamp is 598d8bc8 (Fri Aug 11 12:49:44 2017)

 Preferred load address is 10000000

 Start         Length     Name                   Class
 0001:00000000 00000080H .text$di                CODE
 0001:00000080 0001d800H .text$mn                CODE
 0001:0001d880 00000e70H .text$x                 CODE
 0001:0001e6f0 00000005H .text$yd                CODE
 0002:00000000 000002a4H .idata$5                DATA
 0002:000002a4 00000004H .00cfg                  DATA
 0002:000002a8 00000004H .CRT$XCA                DATA
 0002:000002ac 00000008H .CRT$XCU                DATA
 0002:000002b4 00000004H .CRT$XCZ                DATA
 0002:000002b8 00000004H .CRT$XIA                DATA
 0002:000002bc 00000010H .CRT$XIC                DATA
 0002:000002cc 00000004H .CRT$XIZ                DATA
 0002:000002d0 00000004H .CRT$XPA                DATA
 0002:000002d4 00000008H .CRT$XPX                DATA
 0002:000002dc 00000004H .CRT$XPXA               DATA
 0002:000002e0 00000004H .CRT$XPZ                DATA
 0002:000002e4 00000004H .CRT$XTA                DATA
 0002:000002e8 00000008H .CRT$XTZ                DATA
 0002:000002f0 00006924H .rdata                  DATA
 0002:00006c14 0000026cH .rdata$r                DATA
 0002:00006e80 000000e8H .rdata$sxdata           DATA
 0002:00006f68 00000384H .rdata$zzzdbg           DATA
 0002:000072ec 00000004H .rtc$IAA                DATA
 0002:000072f0 00000004H .rtc$IZZ                DATA
 0002:000072f4 00000004H .rtc$TAA                DATA
 0002:000072f8 00000008H .rtc$TZZ                DATA
 0002:00007300 000014e0H .xdata$x                DATA
 0002:000087e0 00000058H .edata                  DATA
 0002:00008838 00000064H .idata$2                DATA
 0002:0000889c 00000014H .idata$3                DATA
 0002:000088b0 000002a4H .idata$4                DATA
 0002:00008b54 0000157cH .idata$6                DATA
 0003:00000000 00000860H .data                   DATA
 0003:00000860 000000f8H .data$r                 DATA
 0003:00000958 00000b20H .bss                    DATA
 0004:00000000 00000094H .gfids$x                DATA
 0004:00000094 00000084H .gfids$y                DATA
 0005:00000000 00000060H .rsrc$01                DATA
 0005:00000060 00000180H .rsrc$02                DATA

  Address         Publics by Value              Rva+Base       Lib:Object

 0000:00000000       ___guard_fids_count        00000000     <absolute>
 0000:00000000       ___guard_longjmp_count     00000000     <absolute>
 0000:00000000       ___guard_longjmp_table     00000000     <absolute>
 0000:00000000       __except_list              00000000     <absolute>
 0000:00000000       ___guard_iat_table         00000000     <absolute>
 0000:00000000       ___guard_iat_count         00000000     <absolute>
 0000:00000000       ___guard_fids_table        00000000     <absolute>
 0000:00000000       ___dynamic_value_reloc_table 00000000     <absolute>
 0000:0000003a       ___safe_se_handler_count   0000003a     <absolute>
 0000:00000100       ___guard_flags             00000100     <absolute>
 0000:00000000       ___ImageBase               10000000     <linker-defined>
 0001:00000140       ?NewInstance@Nan@@YA?AV?$MaybeLocal@VObject@v8@@@v8@@V?$Local@VObjectTemplate@v8@@@3@@Z 10001140 f i serialport.obj
 0001:000001e0       ?GetFunction@Nan@@YA?AV?$MaybeLocal@VFunction@v8@@@v8@@V?$Local@VFunctionTemplate@v8@@@3@@Z 100011e0 f i serialport.obj
 0001:00000280       ?Set@Nan@@YA?AV?$Maybe@_N@v8@@V?$Local@VObject@v8@@@3@V?$Local@VValue@v8@@@3@1@Z 10001280 f i serialport.obj
 0001:00000310       ?Set@Nan@@YA?AV?$Maybe@_N@v8@@V?$Local@VObject@v8@@@3@IV?$Local@VValue@v8@@@3@@Z 10001310 f i serialport.obj
 0001:000003a0       ?Get@Nan@@YA?AV?$MaybeLocal@VValue@v8@@@v8@@V?$Local@VObject@v8@@@3@V?$Local@VValue@v8@@@3@@Z 100013a0 f i serialport.obj
 0001:00000440       ?Has@Nan@@YA?AV?$Maybe@_N@v8@@V?$Local@VObject@v8@@@3@V?$Local@VString@v8@@@3@@Z 10001440 f i serialport.obj
 0001:000004d0       ?convert@?$ToFactory@VInt32@v8@@@imp@Nan@@SA?AV?$MaybeLocal@VInt32@v8@@@v8@@V?$Local@VValue@v8@@@5@@Z 100014d0 f i serialport.obj
 0001:00000570       ?New@?$Factory@VFunctionTemplate@v8@@@imp@Nan@@SA?AV?$Local@VFunctionTemplate@v8@@@v8@@P6AXABV?$FunctionCallbackInfo@VValue@v8@@@3@@ZV?$Local@VValue@v8@@@5@V?$Local@VSignature@v8@@@5@@Z 10001570 f i serialport.obj
 0001:000006c0       ??1EscapableHandleScope@Nan@@QAE@XZ 100016c0 f i serialport.obj
 0001:00000710       ??1HandleScope@Nan@@QAE@XZ 10001710 f i serialport.obj
 0001:00000760       ?ThrowTypeError@Nan@@YAXPBD@Z 10001760 f i serialport.obj
 0001:00000810       ??0Utf8String@Nan@@QAE@V?$Local@VValue@v8@@@v8@@@Z 10001810 f i serialport.obj
 0001:00000920       ??1Utf8String@Nan@@QAE@XZ  10001920 f i serialport.obj
 0001:00000970       ??1Callback@Nan@@QAE@XZ    10001970 f i serialport.obj
 0001:000009e0       ??$Reset@VObject@v8@@@?$Persistent@VObject@v8@@V?$NonCopyablePersistentTraits@VObject@v8@@@2@@Nan@@QAEXABV?$Local@VObject@v8@@@v8@@@Z 100019e0 f i serialport.obj
 0001:000009e0       ?Reset@Callback@Nan@@QAEXABV?$Local@VFunction@v8@@@v8@@@Z 100019e0 f i serialport.obj
 0001:00000a20       ?Call@Callback@Nan@@QBE?AV?$Local@VValue@v8@@@v8@@HQAV34@@Z 10001a20 f i serialport.obj
 0001:00000ad0       ?Call_@Callback@Nan@@ABE?AV?$Local@VValue@v8@@@v8@@PAVIsolate@4@V?$Local@VObject@v8@@@4@HQAV34@@Z 10001ad0 f i serialport.obj
 0001:00000b90       ??1?$Persistent@VFunction@v8@@V?$NonCopyablePersistentTraits@VFunction@v8@@@2@@Nan@@QAE@XZ 10001b90 f i serialport.obj
 0001:00000b90       ??1?$Persistent@VObject@v8@@V?$NonCopyablePersistentTraits@VObject@v8@@@2@@Nan@@QAE@XZ 10001b90 f i serialport.obj
 0001:00000bd0       ??1QueuedWrite@@QAE@XZ     10001bd0 f i serialport.obj
 0001:00000e50       ??_G_WriteQueue@@QAEPAXI@Z 10001e50 f i serialport.obj
 0001:00000ec0       ?getValueFromObject@@YA?AV?$Local@VValue@v8@@@v8@@V?$Local@VObject@v8@@@2@V?$basic_string@DU?$char_traits@D@std@@V?$allocator@D@2@@std@@@Z 10001ec0 f   serialport.obj
 0001:00000fe0       ?getIntFromObject@@YAHV?$Local@VObject@v8@@@v8@@V?$basic_string@DU?$char_traits@D@std@@V?$allocator@D@2@@std@@@Z 10001fe0 f   serialport.obj
 0001:000010e0       ?getBoolFromObject@@YA_NV?$Local@VObject@v8@@@v8@@V?$basic_string@DU?$char_traits@D@std@@V?$allocator@D@2@@std@@@Z 100020e0 f   serialport.obj
 0001:000011e0       ?getStringFromObj@@YA?AV?$Local@VString@v8@@@v8@@V?$Local@VObject@v8@@@2@V?$basic_string@DU?$char_traits@D@std@@V?$allocator@D@2@@std@@@Z 100021e0 f   serialport.obj
 0001:000012d0       ?getDoubleFromObject@@YANV?$Local@VObject@v8@@@v8@@V?$basic_string@DU?$char_traits@D@std@@V?$allocator@D@2@@std@@@Z 100022d0 f   serialport.obj
 0001:000013d0       ?Open@@YAXABV?$FunctionCallbackInfo@VValue@v8@@@Nan@@@Z 100023d0 f   serialport.obj
 0001:00001970       ?EIO_AfterOpen@@YAXPAUuv_work_s@@@Z 10002970 f   serialport.obj
 0001:00001bb0       ?Update@@YAXABV?$FunctionCallbackInfo@VValue@v8@@@Nan@@@Z 10002bb0 f   serialport.obj
 0001:00001e40       ?EIO_AfterUpdate@@YAXPAUuv_work_s@@@Z 10002e40 f   serialport.obj
 0001:00001f50       ?Write@@YAXABV?$FunctionCallbackInfo@VValue@v8@@@Nan@@@Z 10002f50 f   serialport.obj
 0001:000021f0       ?EIO_AfterWrite@@YAXPAUuv_work_s@@@Z 100031f0 f   serialport.obj
 0001:000023b0       ??_GWriteBaton@@QAEPAXI@Z  100033b0 f i serialport.obj
 0001:00002440       ?Close@@YAXABV?$FunctionCallbackInfo@VValue@v8@@@Nan@@@Z 10003440 f   serialport.obj
 0001:000025f0       ?EIO_AfterClose@@YAXPAUuv_work_s@@@Z 100035f0 f   serialport.obj
 0001:000027a0       ?List@@YAXABV?$FunctionCallbackInfo@VValue@v8@@@Nan@@@Z 100037a0 f   serialport.obj
 0001:00002900       ?setIfNotEmpty@@YAXV?$Local@VObject@v8@@@v8@@V?$basic_string@DU?$char_traits@D@std@@V?$allocator@D@2@@std@@PBD@Z 10003900 f   serialport.obj
 0001:00002a50       ?EIO_AfterList@@YAXPAUuv_work_s@@@Z 10003a50 f   serialport.obj
 0001:000030c0       ??1ListBaton@@QAE@XZ       100040c0 f i serialport.obj
 0001:00003180       ?Flush@@YAXABV?$FunctionCallbackInfo@VValue@v8@@@Nan@@@Z 10004180 f   serialport.obj
 0001:00003330       ?EIO_AfterFlush@@YAXPAUuv_work_s@@@Z 10004330 f   serialport.obj
 0001:00003480       ?Set@@YAXABV?$FunctionCallbackInfo@VValue@v8@@@Nan@@@Z 10004480 f   serialport.obj
 0001:00003770       ?EIO_AfterSet@@YAXPAUuv_work_s@@@Z 10004770 f   serialport.obj
 0001:00003880       ?Drain@@YAXABV?$FunctionCallbackInfo@VValue@v8@@@Nan@@@Z 10004880 f   serialport.obj
 0001:00003a30       ?EIO_AfterDrain@@YAXPAUuv_work_s@@@Z 10004a30 f   serialport.obj
 0001:00003b40       ?ToParityEnum@@YA?AW4SerialPortParity@@ABV?$Local@VString@v8@@@v8@@@Z 10004b40 f i serialport.obj
 0001:00003c90       _init                      10004c90 f   serialport.obj
 0001:00003d90       ??1?$list@PAUListResultItem@@V?$allocator@PAUListResultItem@@@std@@@std@@QAE@XZ 10004d90 f i serialport.obj
 0001:00003e10       ??1?$Persistent@VObject@v8@@V?$NonCopyablePersistentTraits@VObject@v8@@@2@@v8@@QAE@XZ 10004e10 f i serialport.obj
 0001:00003e10       ??1?$Persistent@VFunction@v8@@V?$NonCopyablePersistentTraits@VFunction@v8@@@2@@v8@@QAE@XZ 10004e10 f i serialport.obj
 0001:00003e50       ??1?$basic_string@DU?$char_traits@D@std@@V?$allocator@D@2@@std@@QAE@XZ 10004e50 f i serialport.obj
 0001:00003ec0       ??0?$basic_string@DU?$char_traits@D@std@@V?$allocator@D@2@@std@@QAE@PBD@Z 10004ec0 f i serialport.obj
 0001:00003f10       ??1?$_List_buy@PAUListResultItem@@V?$allocator@PAUListResultItem@@@std@@@std@@QAE@XZ 10004f10 f i serialport.obj
 0001:00003f60       ??1?$_List_alloc@U?$_List_base_types@PAUListResultItem@@V?$allocator@PAUListResultItem@@@std@@@std@@@std@@QAE@XZ 10004f60 f i serialport.obj
 0001:00003f70       ?assign@?$basic_string@DU?$char_traits@D@std@@V?$allocator@D@2@@std@@QAEAAV12@PBDI@Z 10004f70 f i serialport.obj
 0001:00004070       ?assign@?$basic_string@DU?$char_traits@D@std@@V?$allocator@D@2@@std@@QAEAAV12@ABV12@II@Z 10005070 f i serialport.obj
 0001:00004180       ?erase@?$basic_string@DU?$char_traits@D@std@@V?$allocator@D@2@@std@@QAEAAV12@II@Z 10005180 f i serialport.obj
 0001:00004200       ?_Copy@?$basic_string@DU?$char_traits@D@std@@V?$allocator@D@2@@std@@QAEXII@Z 10005200 f i serialport.obj
 0001:00004330       ??$New@VString@v8@@V?$basic_string@DU?$char_traits@D@std@@V?$allocator@D@2@@std@@@Nan@@YA?AV?$MaybeLocal@VString@v8@@@v8@@V?$basic_string@DU?$char_traits@D@std@@V?$allocator@D@2@@std@@@Z 10005330 f i serialport.obj
 0001:00004420       ??$SetMethod@VObject@v8@@VLocal@2@@Nan@@YAXV?$Local@VObject@v8@@@v8@@PBDP6AXABV?$FunctionCallbackInfo@VValue@v8@@@0@@Z@Z 10005420 f i serialport.obj
 0001:000044e0       ??$SetMethodAux@V?$Local@VObject@v8@@@v8@@@imp@Nan@@YAXV?$Local@VObject@v8@@@v8@@V?$Local@VString@v8@@@3@V?$Local@VFunctionTemplate@v8@@@3@ZZ 100054e0 f i serialport.obj
 0001:00004520       ___local_stdio_printf_options 10005520 f i serialport_win.obj
 0001:00004530       __snprintf_s               10005530 f i serialport_win.obj
 0001:00004570       ?Error@Nan@@YA?AV?$Local@VValue@v8@@@v8@@PBD@Z 10005570 f i serialport_win.obj
 0001:00004630       ?ErrorCodeToString@@YAXPBDHPAD@Z 10005630 f   serialport_win.obj
 0001:000046d0       ?EIO_Open@@YAXPAUuv_work_s@@@Z 100056d0 f   serialport_win.obj
 0001:000049e0       ?EIO_Update@@YAXPAUuv_work_s@@@Z 100059e0 f   serialport_win.obj
 0001:00004a90       ?EIO_Set@@YAXPAUuv_work_s@@@Z 10005a90 f   serialport_win.obj
 0001:00004b40       ?EIO_WatchPort@@YAXPAUuv_work_s@@@Z 10005b40 f   serialport_win.obj
 0001:00004c50       ?DisposeWatchPortCallbacks@@YAXPAUWatchPortBaton@@@Z 10005c50 f   serialport_win.obj
 0001:00004d70       ?EIO_AfterWatchPort@@YAXPAUuv_work_s@@@Z 10005d70 f   serialport_win.obj
 0001:00004f40       ?AfterOpenSuccess@@YAXHPAVCallback@Nan@@00@Z 10005f40 f   serialport_win.obj
 0001:00004fc0       ?EIO_Write@@YAXPAUuv_work_s@@@Z 10005fc0 f   serialport_win.obj
 0001:000050b0       ?EIO_Close@@YAXPAUuv_work_s@@@Z 100060b0 f   serialport_win.obj
 0001:00005110       ?EIO_List@@YAXPAUuv_work_s@@@Z 10006110 f   serialport_win.obj
 0001:000056a0       ??0ListResultItem@@QAE@XZ  100066a0 f i serialport_win.obj
 0001:00005790       ?EIO_Flush@@YAXPAUuv_work_s@@@Z 10006790 f   serialport_win.obj
 0001:000057c0       ?EIO_Drain@@YAXPAUuv_work_s@@@Z 100067c0 f   serialport_win.obj
 0001:000057f0       ?remove@?$list@HV?$allocator@H@std@@@std@@QAEXABH@Z 100067f0 f i serialport_win.obj
 0001:00005870       ??1?$list@HV?$allocator@H@std@@@std@@QAE@XZ 10006870 f i serialport_win.obj
 0001:00005900       ??1?$vector@IV?$allocator@I@std@@@std@@QAE@XZ 10006900 f i serialport_win.obj
 0001:00005910       ??1?$CDhComPtr@UIDispatch@@@@QAE@XZ 10006910 f i serialport_win.obj
 0001:00005910       ??1?$CDhComPtr@UIEnumVARIANT@@@@QAE@XZ 10006910 f i serialport_win.obj
 0001:00005930       ??1?$_List_buy@HV?$allocator@H@std@@@std@@QAE@XZ 10006930 f i serialport_win.obj
 0001:00005980       ??1?$_List_alloc@U?$_List_base_types@HV?$allocator@H@std@@@std@@@std@@QAE@XZ 10006980 f i serialport_win.obj
 0001:00005990       ?_Tidy@?$vector@IV?$allocator@I@std@@@std@@IAEXXZ 10006990 f i serialport_win.obj
 0001:00005a10       ??$_Insert@ABH@?$list@HV?$allocator@H@std@@@std@@QAEXV?$_List_unchecked_const_iterator@V?$_List_val@U?$_List_simple_types@H@std@@@std@@U_Iterator_base0@2@@1@ABH@Z 10006a10 f i serialport_win.obj
 0001:00005a90       ??0?$_Wrap_alloc@V?$allocator@U?$_List_node@HPAX@std@@@std@@@std@@QAE@XZ 10006a90 f i serialport_win.obj
 0001:00005aa0       __vsnwprintf_l             10006aa0 f i disphelper.obj
 0001:00005ae0       __snwprintf                10006ae0 f i disphelper.obj
 0001:00005b00       _dhGetObjectEx             10006b00 f   disphelper.obj
 0001:00005b70       _dhGetValue                10006b70 f   disphelper.obj
 0001:00005be0       _dhInvokeArray             10006be0 f   disphelper.obj
 0001:00005d40       _dhGetValueV               10006d40 f   disphelper.obj
 0001:000060a0       _dhInvokeV                 100070a0 f   disphelper.obj
 0001:00006800       _dhEnumBeginV              10007800 f   disphelper.obj
 0001:00006990       _dhEnumNextObject          10007990 f   disphelper.obj
 0001:00006a50       _dhEnumBegin               10007a50 f   disphelper.obj
 0001:00006ac0       _ConvertFileTimeToVariantTime 10007ac0 f   disphelper.obj
 0001:00006b90       _ConvertVariantTimeToFileTime 10007b90 f   disphelper.obj
 0001:00006c40       _ConvertVariantTimeToSystemTime 10007c40 f   disphelper.obj
 0001:00006ca0       _ConvertSystemTimeToVariantTime 10007ca0 f   disphelper.obj
 0001:00006cf0       _ConvertVariantTimeToTimeT 10007cf0 f   disphelper.obj
 0001:00006d70       _ConvertTimeTToVariantTime 10007d70 f   disphelper.obj
 0001:00006e90       _ConvertAnsiStrToBStr      10007e90 f   disphelper.obj
 0001:00006f20       _ConvertBStrToAnsiStr      10007f20 f   disphelper.obj
 0001:00007030       _dhExitEx                  10008030 f   disphelper.obj
 0001:00007260       _dhFormatExceptionW        10008260 f   disphelper.obj
 0001:000074c0       _dhUninitialize            100084c0 f   disphelper.obj
 0001:00007530       ??1CAutoHeapAlloc@@QAE@XZ  10008530 f i enumser.obj
 0001:00007580       ?IsNumeric@CEnumerateSerial@@KAHPBDH@Z 10008580 f   enumser.obj
 0001:000075d0       ?UsingQueryDosDevice@CEnumerateSerial@@SAHAAV?$vector@IV?$allocator@I@std@@@std@@@Z 100085d0 f   enumser.obj
 0001:000077f0       ?_Reserve@?$vector@IV?$allocator@I@std@@@std@@IAEXI@Z 100087f0 f i enumser.obj
 0001:00007850       ?_Reallocate@?$vector@IV?$allocator@I@std@@@std@@IAEXI@Z 10008850 f i enumser.obj
 0001:0000793b       ??0bad_alloc@std@@QAE@ABV01@@Z 1000893b f i libcpmt:xthrow.obj
 0001:00007956       ??0bad_alloc@std@@QAE@XZ   10008956 f i libcpmt:xthrow.obj
 0001:0000796e       ??0exception@std@@QAE@ABV01@@Z 1000896e f i libcpmt:xthrow.obj
 0001:0000799a       ??0exception@std@@QAE@QBD@Z 1000899a f i libcpmt:xthrow.obj
 0001:000079d1       ??0length_error@std@@QAE@ABV01@@Z 100089d1 f i libcpmt:xthrow.obj
 0001:000079ec       ??0length_error@std@@QAE@PBD@Z 100089ec f i libcpmt:xthrow.obj
 0001:00007a0d       ??0logic_error@std@@QAE@ABV01@@Z 10008a0d f i libcpmt:xthrow.obj
 0001:00007a28       ??0out_of_range@std@@QAE@ABV01@@Z 10008a28 f i libcpmt:xthrow.obj
 0001:00007a43       ??0out_of_range@std@@QAE@PBD@Z 10008a43 f i libcpmt:xthrow.obj
 0001:00007a64       ??_Ebad_exception@std@@UAEPAXI@Z 10008a64 f i libvcruntime:frame.obj
 0001:00007a64       ??_Gbad_exception@std@@UAEPAXI@Z 10008a64 f i libvcruntime:frame.obj
 0001:00007a64       ??_Gout_of_range@std@@UAEPAXI@Z 10008a64 f i libcpmt:xthrow.obj
 0001:00007a64       ??_Eout_of_range@std@@UAEPAXI@Z 10008a64 f i libcpmt:xthrow.obj
 0001:00007a64       ??_Eexception@std@@UAEPAXI@Z 10008a64 f i libcpmt:xthrow.obj
 0001:00007a64       ??_Elength_error@std@@UAEPAXI@Z 10008a64 f i libcpmt:xthrow.obj
 0001:00007a64       ??_Ebad_alloc@std@@UAEPAXI@Z 10008a64 f i libcpmt:xthrow.obj
 0001:00007a64       ??_Gexception@std@@UAEPAXI@Z 10008a64 f i libcpmt:xthrow.obj
 0001:00007a64       ??_Elogic_error@std@@UAEPAXI@Z 10008a64 f i libcpmt:xthrow.obj
 0001:00007a64       ??_Gbad_array_new_length@std@@UAEPAXI@Z 10008a64 f i LIBCMT:throw_bad_alloc.obj
 0001:00007a64       ??_Glogic_error@std@@UAEPAXI@Z 10008a64 f i libcpmt:xthrow.obj
 0001:00007a64       ??_Gbad_alloc@std@@UAEPAXI@Z 10008a64 f i libcpmt:xthrow.obj
 0001:00007a64       ??_Ebad_array_new_length@std@@UAEPAXI@Z 10008a64 f i LIBCMT:throw_bad_alloc.obj
 0001:00007a64       ??_Glength_error@std@@UAEPAXI@Z 10008a64 f i libcpmt:xthrow.obj
 0001:00007a91       ?__scrt_throw_std_bad_alloc@@YAXXZ 10008a91 f   LIBCMT:throw_bad_alloc.obj
 0001:00007a91       ?_Xbad_alloc@std@@YAXXZ    10008a91 f   libcpmt:xthrow.obj
 0001:00007aae       ?_Xlength_error@std@@YAXPBD@Z 10008aae f   libcpmt:xthrow.obj
 0001:00007ace       ?_Xout_of_range@std@@YAXPBD@Z 10008ace f   libcpmt:xthrow.obj
 0001:00007aee       ?what@exception@std@@UBEPBDXZ 10008aee f i libcpmt:xthrow.obj
 0001:00007afb       @__security_check_cookie@4 10008afb f   LIBCMT:_secchk_.obj
 0001:00007b0c       ??2@YAPAXI@Z               10008b0c f   LIBCMT:new_scalar.obj
 0001:00007b3f       ??3@YAXPAX@Z               10008b3f f   LIBCMT:delete_scalar.obj
 0001:00007b44       ??3@YAXPAXI@Z              10008b44 f   LIBCMT:delete_scalar_size.obj
 0001:00007b96       ___scrt_acquire_startup_lock 10008b96 f   LIBCMT:utility.obj
 0001:00007bcb       ___scrt_dllmain_after_initialize_c 10008bcb f   LIBCMT:utility.obj
 0001:00007bf6       ___scrt_dllmain_before_initialize_c 10008bf6 f   LIBCMT:utility.obj
 0001:00007c04       ___scrt_dllmain_crt_thread_attach 10008c04 f   LIBCMT:utility.obj
 0001:00007c23       ___scrt_dllmain_crt_thread_detach 10008c23 f   LIBCMT:utility.obj
 0001:00007c30       ___scrt_dllmain_exception_filter 10008c30 f   LIBCMT:utility.obj
 0001:00007c63       ___scrt_dllmain_uninitialize_c 10008c63 f   LIBCMT:utility.obj
 0001:00007c86       ___scrt_dllmain_uninitialize_critical 10008c86 f   LIBCMT:utility.obj
 0001:00007c93       ___scrt_initialize_crt     10008c93 f   LIBCMT:utility.obj
 0001:00007ccc       ___scrt_initialize_onexit_tables 10008ccc f   LIBCMT:utility.obj
 0001:00007d63       ___scrt_is_nonwritable_in_current_image 10008d63 f   LIBCMT:utility.obj
 0001:00007ded       ___scrt_release_startup_lock 10008ded f   LIBCMT:utility.obj
 0001:00007e0a       ___scrt_uninitialize_crt   10008e0a f   LIBCMT:utility.obj
 0001:00007e32       __onexit                   10008e32 f   LIBCMT:utility.obj
 0001:00007e6d       _atexit                    10008e6d f   LIBCMT:utility.obj
 0001:0000818a       __DllMainCRTStartup@12     1000918a f   LIBCMT:dll_dllmain.obj
 0001:000081ad       ??_Etype_info@@UAEPAXI@Z   100091ad f i LIBCMT:std_type_info_static.obj
 0001:000081ad       ??_Gtype_info@@UAEPAXI@Z   100091ad f i LIBCMT:std_type_info_static.obj
 0001:000081d0       ___raise_securityfailure   100091d0 f   LIBCMT:gs_report.obj
 0001:000081f8       ___report_gsfailure        100091f8 f   LIBCMT:gs_report.obj
 0001:000082f3       ___report_rangecheckfailure 100092f3 f   LIBCMT:gs_report.obj
 0001:000082ff       ___report_securityfailure  100092ff f   LIBCMT:gs_report.obj
 0001:000083cf       ??0bad_array_new_length@std@@QAE@ABV01@@Z 100093cf f i LIBCMT:throw_bad_alloc.obj
 0001:000083ea       ??0bad_array_new_length@std@@QAE@XZ 100093ea f i LIBCMT:throw_bad_alloc.obj
 0001:00008402       ?__scrt_throw_std_bad_array_new_length@@YAXXZ 10009402 f   LIBCMT:throw_bad_alloc.obj
 0001:0000841f       ___isa_available_init      1000941f f   LIBCMT:_cpu_disp_.obj
 0001:000085b9       __get_startup_argv_mode    100095b9 f   LIBCMT:argv_mode.obj
 0001:000085bd       ___scrt_is_ucrt_dll_in_use 100095bd f   LIBCMT:ucrt_detection.obj
 0001:000085c9       ___scrt_fastfail           100095c9 f   LIBCMT:utility_desktop.obj
 0001:000086e4       __crt_debugger_hook        100096e4 f   LIBCMT:utility_desktop.obj
 0001:000086ec       @_guard_check_icall@4      100096ec f i LIBCMT:checkcfg.obj
 0001:00008700       __SEH_prolog4              10009700 f   LIBCMT:_sehprolg4_.obj
 0001:00008746       __SEH_epilog4              10009746 f   LIBCMT:_sehprolg4_.obj
 0001:0000875b       ___security_init_cookie    1000975b f   LIBCMT:gs_support.obj
 0001:000087f7       _DllMain@12                100097f7 f   LIBCMT:dll_dllmain_stub.obj
 0001:000087fd       ?__scrt_initialize_type_info@@YAXXZ 100097fd f   LIBCMT:tncleanup.obj
 0001:00008809       ?__scrt_uninitialize_type_info@@YAXXZ 10009809 f   LIBCMT:tncleanup.obj
 0001:00008815       ___local_stdio_scanf_options 10009815 f i LIBCMT:default_local_stdio_options.obj
 0001:0000881b       ___scrt_initialize_default_local_stdio_options 1000981b f   LIBCMT:default_local_stdio_options.obj
 0001:00008838       ___scrt_get_dyn_tls_init_callback 10009838 f   LIBCMT:dyn_tls_init.obj
 0001:0000883e       __RTC_Initialize           1000983e f   LIBCMT:_initsect_.obj
 0001:00008869       __RTC_Terminate            10009869 f   LIBCMT:_initsect_.obj
 0001:000088a0       _memmove                   100098a0 f   libvcruntime:memmove.obj
 0001:00008e20       _strstr                    10009e20 f   libvcruntime:strstr.obj
 0001:00009083       _wcschr                    1000a083 f   libvcruntime:wcschr.obj
 0001:00009131       ___std_exception_copy      1000a131 f   libvcruntime:std_exception.obj
 0001:00009194       ___std_exception_destroy   1000a194 f   libvcruntime:std_exception.obj
 0001:000091b3       __CxxThrowException@8      1000a1b3 f   libvcruntime:throw.obj
 0001:00009221       ___vcrt_initialize         1000a221 f   libvcruntime:initialization.obj
 0001:0000924a       ___vcrt_thread_attach      1000a24a f   libvcruntime:initialization.obj
 0001:00009255       ___vcrt_thread_detach      1000a255 f   libvcruntime:initialization.obj
 0001:00009260       ___vcrt_uninitialize       1000a260 f   libvcruntime:initialization.obj
 0001:0000927f       ___vcrt_uninitialize_critical 1000a27f f   libvcruntime:initialization.obj
 0001:000092d0       __except_handler4          1000a2d0 f   libvcruntime:_chandler4_.obj
 0001:00009440       _memset                    1000a440 f   libvcruntime:memset.obj
 0001:0000959a       ___std_type_info_compare   1000a59a f   libvcruntime:std_type_info.obj
 0001:000095d6       ___std_type_info_destroy_list 1000a5d6 f   libvcruntime:std_type_info.obj
 0001:00009600       _strchr                    1000a600 f   libvcruntime:strchr.obj
 0001:0000966e       ___from_strstr_to_strchr   1000a66e     libvcruntime:strchr.obj
 0001:0000972b       ___vcrt_freefls@4          1000a72b f   libvcruntime:per_thread_data.obj
 0001:00009747       ___vcrt_freeptd            1000a747 f   libvcruntime:per_thread_data.obj
 0001:0000977d       ___vcrt_getptd             1000a77d f   libvcruntime:per_thread_data.obj
 0001:0000978b       ___vcrt_getptd_noexit      1000a78b f   libvcruntime:per_thread_data.obj
 0001:0000981d       ___vcrt_initialize_ptd     1000a81d f   libvcruntime:per_thread_data.obj
 0001:00009850       ___vcrt_uninitialize_ptd   1000a850 f   libvcruntime:per_thread_data.obj
 0001:0000986b       ___vcrt_initialize_locks   1000a86b f   libvcruntime:locks.obj
 0001:000098a7       ___vcrt_uninitialize_locks 1000a8a7 f   libvcruntime:locks.obj
 0001:000098d6       ??$__crt_fast_encode_pointer@PAP6AXXZ@@YAPAP6AXXZQAP6AXXZ@Z 1000a8d6 f i LIBCMT:utility.obj
 0001:000098d6       ??$__crt_fast_encode_pointer@PAX@@YAPAXQAX@Z 1000a8d6 f i libvcruntime:winapi_downlevel.obj
 0001:00009a14       ___vcrt_FlsAlloc           1000aa14 f   libvcruntime:winapi_downlevel.obj
 0001:00009a4e       ___vcrt_FlsFree            1000aa4e f   libvcruntime:winapi_downlevel.obj
 0001:00009a88       ___vcrt_FlsGetValue        1000aa88 f   libvcruntime:winapi_downlevel.obj
 0001:00009ac2       ___vcrt_FlsSetValue        1000aac2 f   libvcruntime:winapi_downlevel.obj
 0001:00009aff       ___vcrt_InitializeCriticalSectionEx 1000aaff f   libvcruntime:winapi_downlevel.obj
 0001:00009b45       ___vcrt_initialize_winapi_thunks 1000ab45 f   libvcruntime:winapi_downlevel.obj
 0001:00009b7f       ___vcrt_uninitialize_winapi_thunks 1000ab7f f   libvcruntime:winapi_downlevel.obj
 0001:00009bb1       ___vcrt_initialize_pure_virtual_call_handler 1000abb1 f   libvcruntime:purevirt_data.obj
 0001:00009bd0       __local_unwind4            1000abd0 f   libvcruntime:_exsup4_.obj
 0001:00009ca6       __seh_longjmp_unwind4@4    1000aca6 f   libvcruntime:_exsup4_.obj
 0001:00009cce       @_EH4_CallFilterFunc@8     1000acce f   libvcruntime:_exsup4_.obj
 0001:00009ce5       @_EH4_TransferToHandler@8  1000ace5 f   libvcruntime:_exsup4_.obj
 0001:00009cfe       @_EH4_GlobalUnwind2@8      1000acfe f   libvcruntime:_exsup4_.obj
 0001:00009d17       @_EH4_LocalUnwind@16       1000ad17 f   libvcruntime:_exsup4_.obj
 0001:00009d2e       ___except_validate_jump_buffer 1000ad2e f   libvcruntime:jbcxrval.obj
 0001:00009d2e       @_guard_check_icall_nop@4  1000ad2e f   LIBCMT:guard_support.obj
 0001:00009d2e       ___except_validate_context_record 1000ad2e f   libvcruntime:jbcxrval.obj
 0001:00009d30       __global_unwind2           1000ad30 f   libvcruntime:_exsup_.obj
 0001:00009d95       __local_unwind2            1000ad95 f   libvcruntime:_exsup_.obj
 0001:00009e19       __abnormal_termination     1000ae19 f   libvcruntime:_exsup_.obj
 0001:00009e3c       __NLG_Notify1              1000ae3c f   libvcruntime:_exsup_.obj
 0001:00009e45       __NLG_Notify               1000ae45 f   libvcruntime:_exsup_.obj
 0001:00009e5c       __NLG_Dispatch2            1000ae5c     libvcruntime:_exsup_.obj
 0001:00009e5c       __NLG_Dispatch             1000ae5c     libvcruntime:_exsup_.obj
 0001:00009e64       __NLG_Call                 1000ae64 f   libvcruntime:_exsup_.obj
 0001:00009e66       __NLG_Return2              1000ae66     libvcruntime:_exsup_.obj
 0001:00009e67       _free                      1000ae67 f   libucrt:free.obj
 0001:0000a4d0       ??$ftprintf@PAU_iobuf@@PB_WABQB_WABQB_WABI@?$__crt_char_traits@_W@@SAH$$QAPAU_iobuf@@$$QAPB_WABQB_W2ABI@Z 1000b4d0 f i libucrt:assert.obj
 0001:0000a5af       __vfwprintf_l              1000b5af f i libucrt:assert.obj
 0001:0000a5d4       __vswprintf_c_l            1000b5d4 f i libucrt:assert.obj
 0001:0000a603       __wassert                  1000b603 f   libucrt:assert.obj
 0001:0000a64b       _fwprintf                  1000b64b f i libucrt:assert.obj
 0001:0000a666       _swprintf                  1000b666 f i libucrt:assert.obj
 0001:0000a684       ___acrt_call_reportfault   1000b684 f   libucrt:invalid_parameter.obj
 0001:0000a7bf       ___acrt_initialize_invalid_parameter_handler 1000b7bf f   libucrt:invalid_parameter.obj
 0001:0000a7d3       __invalid_parameter        1000b7d3 f   libucrt:invalid_parameter.obj
 0001:0000a84e       __invalid_parameter_noinfo 1000b84e f   libucrt:invalid_parameter.obj
 0001:0000a85e       __invalid_parameter_noinfo_noreturn 1000b85e f   libucrt:invalid_parameter.obj
 0001:0000a87b       __invoke_watson            1000b87b f   libucrt:invalid_parameter.obj
 0001:0000a8ae       _malloc                    1000b8ae f   libucrt:malloc.obj
 0001:0000a8b9       _strtok                    1000b8b9 f   libucrt:strtok.obj
 0001:0000a988       _strncpy_s                 1000b988 f   libucrt:strncpy_s.obj
 0001:0000a993       ??$?RV<lambda_ab9923ffb5d694ec0d78876dd103e44f>@@AAV<lambda_481dd5778c961fbcd3b60b650e9b9dc4>@@V<lambda_7923d86c9e3f319b415918ec4b39749c>@@@?$__crt_seh_guarded_call@H@@QAEH$$QAV<lambda_ab9923ffb5d694ec0d78876dd103e44f>@@AAV<lambda_481dd5778c961fbcd3b60b650e9b9dc4>@@$$QAV<lambda_7923d86c9e3f319b415918ec4b39749c>@@@Z 1000b993 f i libucrt:output.obj
 0001:0000a9e4       ??$__acrt_lock_stream_and_call@V<lambda_481dd5778c961fbcd3b60b650e9b9dc4>@@@@YAHQAU_iobuf@@$$QAV<lambda_481dd5778c961fbcd3b60b650e9b9dc4>@@@Z 1000b9e4 f i libucrt:output.obj
 0001:0000ae11       ??$count@D@formatting_buffer@__crt_stdio_output@@QBEIXZ 1000be11 f i libucrt:output.obj
 0001:0000ae29       ??$ensure_buffer_is_big_enough@D@formatting_buffer@__crt_stdio_output@@QAE_NI@Z 1000be29 f i libucrt:output.obj
 0001:0000aeaf       ??$is_wide_character_specifier@D@__crt_stdio_output@@YA_N_KDW4length_modifier@0@@Z 1000beaf f i libucrt:output.obj
 0001:0000aeef       ??$is_wide_character_specifier@_W@__crt_stdio_output@@YA_N_K_WW4length_modifier@0@@Z 1000beef f i libucrt:output.obj
 0001:0000af3e       ??$scratch_data@D@formatting_buffer@__crt_stdio_output@@QAEPADXZ 1000bf3e f i libucrt:output.obj
 0001:0000af5c       ??$type_case_integer_parse_into_buffer@I@?$output_processor@DV?$string_output_adapter@D@__crt_stdio_output@@V?$format_validation_base@DV?$string_output_adapter@D@__crt_stdio_output@@@2@@__crt_stdio_output@@AAEXII_N@Z 1000bf5c f i libucrt:output.obj
 0001:0000af5c       ??$type_case_integer_parse_into_buffer@I@?$output_processor@_WV?$string_output_adapter@_W@__crt_stdio_output@@V?$standard_base@_WV?$string_output_adapter@_W@__crt_stdio_output@@@2@@__crt_stdio_output@@AAEXII_N@Z 1000bf5c f i libucrt:output.obj
 0001:0000af5c       ??$type_case_integer_parse_into_buffer@I@?$output_processor@_WV?$stream_output_adapter@_W@__crt_stdio_output@@V?$standard_base@_WV?$stream_output_adapter@_W@__crt_stdio_output@@@2@@__crt_stdio_output@@AAEXII_N@Z 1000bf5c f i libucrt:output.obj
 0001:0000afd1       ??$type_case_integer_parse_into_buffer@_K@?$output_processor@DV?$string_output_adapter@D@__crt_stdio_output@@V?$format_validation_base@DV?$string_output_adapter@D@__crt_stdio_output@@@2@@__crt_stdio_output@@AAEX_KI_N@Z 1000bfd1 f i libucrt:output.obj
 0001:0000afd1       ??$type_case_integer_parse_into_buffer@_K@?$output_processor@_WV?$string_output_adapter@_W@__crt_stdio_output@@V?$standard_base@_WV?$string_output_adapter@_W@__crt_stdio_output@@@2@@__crt_stdio_output@@AAEX_KI_N@Z 1000bfd1 f i libucrt:output.obj
 0001:0000afd1       ??$type_case_integer_parse_into_buffer@_K@?$output_processor@_WV?$stream_output_adapter@_W@__crt_stdio_output@@V?$standard_base@_WV?$stream_output_adapter@_W@__crt_stdio_output@@@2@@__crt_stdio_output@@AAEX_KI_N@Z 1000bfd1 f i libucrt:output.obj
 0001:0000b059       ??$write_multiple_characters@V?$stream_output_adapter@_W@__crt_stdio_output@@D@__crt_stdio_output@@YAXABV?$stream_output_adapter@_W@0@DHQAH@Z 1000c059 f i libucrt:output.obj
 0001:0000b08a       ??$write_multiple_characters@V?$string_output_adapter@D@__crt_stdio_output@@D@__crt_stdio_output@@YAXABV?$string_output_adapter@D@0@DHQAH@Z 1000c08a f i libucrt:output.obj
 0001:0000b0b6       ??$write_multiple_characters@V?$string_output_adapter@_W@__crt_stdio_output@@D@__crt_stdio_output@@YAXABV?$string_output_adapter@_W@0@DHQAH@Z 1000c0b6 f i libucrt:output.obj
 0001:0000b0e7       ??0?$common_data@D@__crt_stdio_output@@IAE@XZ 1000c0e7 f i libucrt:output.obj
 0001:0000b12e       ??0?$common_data@_W@__crt_stdio_output@@IAE@XZ 1000c12e f i libucrt:output.obj
 0001:0000b17a       ??0?$output_adapter_data@DV?$string_output_adapter@D@__crt_stdio_output@@@__crt_stdio_output@@IAE@ABV?$string_output_adapter@D@1@_KQBDQAU__crt_locale_pointers@@QAD@Z 1000c17a f i libucrt:output.obj
 0001:0000b1b6       ??0?$output_adapter_data@_WV?$string_output_adapter@_W@__crt_stdio_output@@@__crt_stdio_output@@IAE@ABV?$string_output_adapter@_W@1@_KQB_WQAU__crt_locale_pointers@@QAD@Z 1000c1b6 f i libucrt:output.obj
 0001:0000b1b6       ??0?$output_adapter_data@_WV?$stream_output_adapter@_W@__crt_stdio_output@@@__crt_stdio_output@@IAE@ABV?$stream_output_adapter@_W@1@_KQB_WQAU__crt_locale_pointers@@QAD@Z 1000c1b6 f i libucrt:output.obj
 0001:0000b1f2       ??0?$output_processor@DV?$string_output_adapter@D@__crt_stdio_output@@V?$format_validation_base@DV?$string_output_adapter@D@__crt_stdio_output@@@2@@__crt_stdio_output@@QAE@ABV?$string_output_adapter@D@1@_KQBDQAU__crt_locale_pointers@@QAD@Z 1000c1f2 f i libucrt:output.obj
 0001:0000b227       ??0?$output_processor@_WV?$string_output_adapter@_W@__crt_stdio_output@@V?$standard_base@_WV?$string_output_adapter@_W@__crt_stdio_output@@@2@@__crt_stdio_output@@QAE@ABV?$string_output_adapter@_W@1@_KQB_WQAU__crt_locale_pointers@@QAD@Z 1000c227 f i libucrt:output.obj
 0001:0000b227       ??0?$output_processor@_WV?$stream_output_adapter@_W@__crt_stdio_output@@V?$standard_base@_WV?$stream_output_adapter@_W@__crt_stdio_output@@@2@@__crt_stdio_output@@QAE@ABV?$stream_output_adapter@_W@1@_KQB_WQAU__crt_locale_pointers@@QAD@Z 1000c227 f i libucrt:output.obj
 0001:0000b25c       ??0_LocaleUpdate@@QAE@QAU__crt_locale_pointers@@@Z 1000c25c f i libucrt:output.obj
 0001:0000b2df       ??1formatting_buffer@__crt_stdio_output@@QAE@XZ 1000c2df f i libucrt:output.obj
 0001:0000b2f9       ??4?$__crt_unique_heap_ptr@DU__crt_internal_free_policy@@@@QAEAAV0@$$QAV0@@Z 1000c2f9 f i libucrt:output.obj
 0001:0000b3da       ?crop_zeroes@__crt_stdio_output@@YAXPADQAU__crt_locale_pointers@@@Z 1000c3da f i libucrt:output.obj
 0001:0000b431       ?find_next_state@?$output_processor@DV?$string_output_adapter@D@__crt_stdio_output@@V?$format_validation_base@DV?$string_output_adapter@D@__crt_stdio_output@@@2@@__crt_stdio_output@@ABE?AW4state@2@DW432@@Z 1000c431 f i libucrt:output.obj
 0001:0000b466       ?find_next_state@?$output_processor@_WV?$string_output_adapter@_W@__crt_stdio_output@@V?$standard_base@_WV?$string_output_adapter@_W@__crt_stdio_output@@@2@@__crt_stdio_output@@ABE?AW4state@2@_WW432@@Z 1000c466 f i libucrt:output.obj
 0001:0000b466       ?find_next_state@?$output_processor@_WV?$stream_output_adapter@_W@__crt_stdio_output@@V?$standard_base@_WV?$stream_output_adapter@_W@__crt_stdio_output@@@2@@__crt_stdio_output@@ABE?AW4state@2@_WW432@@Z 1000c466 f i libucrt:output.obj
 0001:0000b49a       ?force_decimal_point@__crt_stdio_output@@YAXPADQAU__crt_locale_pointers@@@Z 1000c49a f i libucrt:output.obj
 0001:0000b4f6       ?parse_int_from_format_string@?$output_processor@DV?$string_output_adapter@D@__crt_stdio_output@@V?$format_validation_base@DV?$string_output_adapter@D@__crt_stdio_output@@@2@@__crt_stdio_output@@AAE_NQAH@Z 1000c4f6 f i libucrt:output.obj
 0001:0000b552       ?parse_int_from_format_string@?$output_processor@_WV?$stream_output_adapter@_W@__crt_stdio_output@@V?$standard_base@_WV?$stream_output_adapter@_W@__crt_stdio_output@@@2@@__crt_stdio_output@@AAE_NQAH@Z 1000c552 f i libucrt:output.obj
 0001:0000b552       ?parse_int_from_format_string@?$output_processor@_WV?$string_output_adapter@_W@__crt_stdio_output@@V?$standard_base@_WV?$string_output_adapter@_W@__crt_stdio_output@@@2@@__crt_stdio_output@@AAE_NQAH@Z 1000c552 f i libucrt:output.obj
 0001:0000b5b0       ?process@?$output_processor@DV?$string_output_adapter@D@__crt_stdio_output@@V?$format_validation_base@DV?$string_output_adapter@D@__crt_stdio_output@@@2@@__crt_stdio_output@@QAEHXZ 1000c5b0 f i libucrt:output.obj
 0001:0000b6d8       ?process@?$output_processor@_WV?$stream_output_adapter@_W@__crt_stdio_output@@V?$standard_base@_WV?$stream_output_adapter@_W@__crt_stdio_output@@@2@@__crt_stdio_output@@QAEHXZ 1000c6d8 f i libucrt:output.obj
 0001:0000b7f8       ?process@?$output_processor@_WV?$string_output_adapter@_W@__crt_stdio_output@@V?$standard_base@_WV?$string_output_adapter@_W@__crt_stdio_output@@@2@@__crt_stdio_output@@QAEHXZ 1000c7f8 f i libucrt:output.obj
 0001:0000b918       ?state_case_flag@?$output_processor@DV?$string_output_adapter@D@__crt_stdio_output@@V?$format_validation_base@DV?$string_output_adapter@D@__crt_stdio_output@@@2@@__crt_stdio_output@@AAE_NXZ 1000c918 f i libucrt:output.obj
 0001:0000b955       ?state_case_flag@?$output_processor@_WV?$string_output_adapter@_W@__crt_stdio_output@@V?$standard_base@_WV?$string_output_adapter@_W@__crt_stdio_output@@@2@@__crt_stdio_output@@AAE_NXZ 1000c955 f i libucrt:output.obj
 0001:0000b955       ?state_case_flag@?$output_processor@_WV?$stream_output_adapter@_W@__crt_stdio_output@@V?$standard_base@_WV?$stream_output_adapter@_W@__crt_stdio_output@@@2@@__crt_stdio_output@@AAE_NXZ 1000c955 f i libucrt:output.obj
 0001:0000b992       ?state_case_normal@?$output_processor@DV?$string_output_adapter@D@__crt_stdio_output@@V?$format_validation_base@DV?$string_output_adapter@D@__crt_stdio_output@@@2@@__crt_stdio_output@@AAE_NXZ 1000c992 f i libucrt:output.obj
 0001:0000b9b1       ?state_case_normal@?$output_processor@_WV?$stream_output_adapter@_W@__crt_stdio_output@@V?$standard_base@_WV?$stream_output_adapter@_W@__crt_stdio_output@@@2@@__crt_stdio_output@@AAE_NXZ 1000c9b1 f i libucrt:output.obj
 0001:0000b9d0       ?state_case_normal@?$output_processor@_WV?$string_output_adapter@_W@__crt_stdio_output@@V?$standard_base@_WV?$string_output_adapter@_W@__crt_stdio_output@@@2@@__crt_stdio_output@@AAE_NXZ 1000c9d0 f i libucrt:output.obj
 0001:0000b9ef       ?state_case_normal_common@?$output_processor@DV?$string_output_adapter@D@__crt_stdio_output@@V?$format_validation_base@DV?$string_output_adapter@D@__crt_stdio_output@@@2@@__crt_stdio_output@@AAE_NXZ 1000c9ef f i libucrt:output.obj
 0001:0000ba19       ?state_case_normal_common@?$output_processor@_WV?$stream_output_adapter@_W@__crt_stdio_output@@V?$standard_base@_WV?$stream_output_adapter@_W@__crt_stdio_output@@@2@@__crt_stdio_output@@AAE_NXZ 1000ca19 f i libucrt:output.obj
 0001:0000ba34       ?state_case_normal_common@?$output_processor@_WV?$string_output_adapter@_W@__crt_stdio_output@@V?$standard_base@_WV?$string_output_adapter@_W@__crt_stdio_output@@@2@@__crt_stdio_output@@AAE_NXZ 1000ca34 f i libucrt:output.obj
 0001:0000ba4f       ?state_case_normal_tchar@?$output_processor@DV?$string_output_adapter@D@__crt_stdio_output@@V?$format_validation_base@DV?$string_output_adapter@D@__crt_stdio_output@@@2@@__crt_stdio_output@@AAE_ND@Z 1000ca4f f i libucrt:output.obj
 0001:0000bab0       ?state_case_precision@?$output_processor@DV?$string_output_adapter@D@__crt_stdio_output@@V?$format_validation_base@DV?$string_output_adapter@D@__crt_stdio_output@@@2@@__crt_stdio_output@@AAE_NXZ 1000cab0 f i libucrt:output.obj
 0001:0000bad8       ?state_case_precision@?$output_processor@_WV?$stream_output_adapter@_W@__crt_stdio_output@@V?$standard_base@_WV?$stream_output_adapter@_W@__crt_stdio_output@@@2@@__crt_stdio_output@@AAE_NXZ 1000cad8 f i libucrt:output.obj
 0001:0000bad8       ?state_case_precision@?$output_processor@_WV?$string_output_adapter@_W@__crt_stdio_output@@V?$standard_base@_WV?$string_output_adapter@_W@__crt_stdio_output@@@2@@__crt_stdio_output@@AAE_NXZ 1000cad8 f i libucrt:output.obj
 0001:0000bb01       ?state_case_size@?$output_processor@DV?$string_output_adapter@D@__crt_stdio_output@@V?$format_validation_base@DV?$string_output_adapter@D@__crt_stdio_output@@@2@@__crt_stdio_output@@AAE_NXZ 1000cb01 f i libucrt:output.obj
 0001:0000bc6a       ?state_case_size@?$output_processor@_WV?$stream_output_adapter@_W@__crt_stdio_output@@V?$standard_base@_WV?$stream_output_adapter@_W@__crt_stdio_output@@@2@@__crt_stdio_output@@AAE_NXZ 1000cc6a f i libucrt:output.obj
 0001:0000bde6       ?state_case_size@?$output_processor@_WV?$string_output_adapter@_W@__crt_stdio_output@@V?$standard_base@_WV?$string_output_adapter@_W@__crt_stdio_output@@@2@@__crt_stdio_output@@AAE_NXZ 1000cde6 f i libucrt:output.obj
 0001:0000bf62       ?state_case_type@?$output_processor@DV?$string_output_adapter@D@__crt_stdio_output@@V?$format_validation_base@DV?$string_output_adapter@D@__crt_stdio_output@@@2@@__crt_stdio_output@@AAE_NXZ 1000cf62 f i libucrt:output.obj
 0001:0000c191       ?state_case_type@?$output_processor@_WV?$stream_output_adapter@_W@__crt_stdio_output@@V?$standard_base@_WV?$stream_output_adapter@_W@__crt_stdio_output@@@2@@__crt_stdio_output@@AAE_NXZ 1000d191 f i libucrt:output.obj
 0001:0000c3ee       ?state_case_type@?$output_processor@_WV?$string_output_adapter@_W@__crt_stdio_output@@V?$standard_base@_WV?$string_output_adapter@_W@__crt_stdio_output@@@2@@__crt_stdio_output@@AAE_NXZ 1000d3ee f i libucrt:output.obj
 0001:0000c64b       ?state_case_width@?$output_processor@DV?$string_output_adapter@D@__crt_stdio_output@@V?$format_validation_base@DV?$string_output_adapter@D@__crt_stdio_output@@@2@@__crt_stdio_output@@AAE_NXZ 1000d64b f i libucrt:output.obj
 0001:0000c676       ?state_case_width@?$output_processor@_WV?$stream_output_adapter@_W@__crt_stdio_output@@V?$standard_base@_WV?$stream_output_adapter@_W@__crt_stdio_output@@@2@@__crt_stdio_output@@AAE_NXZ 1000d676 f i libucrt:output.obj
 0001:0000c676       ?state_case_width@?$output_processor@_WV?$string_output_adapter@_W@__crt_stdio_output@@V?$standard_base@_WV?$string_output_adapter@_W@__crt_stdio_output@@@2@@__crt_stdio_output@@AAE_NXZ 1000d676 f i libucrt:output.obj
 0001:0000c6a2       ?to_integer_size@__crt_stdio_output@@YAIW4length_modifier@1@@Z 1000d6a2 f i libucrt:output.obj
 0001:0000c6fe       ?type_case_Z@?$output_processor@DV?$string_output_adapter@D@__crt_stdio_output@@V?$format_validation_base@DV?$string_output_adapter@D@__crt_stdio_output@@@2@@__crt_stdio_output@@AAE_NXZ 1000d6fe f i libucrt:output.obj
 0001:0000c761       ?type_case_Z@?$output_processor@_WV?$string_output_adapter@_W@__crt_stdio_output@@V?$standard_base@_WV?$string_output_adapter@_W@__crt_stdio_output@@@2@@__crt_stdio_output@@AAE_NXZ 1000d761 f i libucrt:output.obj
 0001:0000c761       ?type_case_Z@?$output_processor@_WV?$stream_output_adapter@_W@__crt_stdio_output@@V?$standard_base@_WV?$stream_output_adapter@_W@__crt_stdio_output@@@2@@__crt_stdio_output@@AAE_NXZ 1000d761 f i libucrt:output.obj
 0001:0000c7c4       ?type_case_a@?$output_processor@DV?$string_output_adapter@D@__crt_stdio_output@@V?$format_validation_base@DV?$string_output_adapter@D@__crt_stdio_output@@@2@@__crt_stdio_output@@AAE_NXZ 1000d7c4 f i libucrt:output.obj
 0001:0000c91e       ?type_case_a@?$output_processor@_WV?$stream_output_adapter@_W@__crt_stdio_output@@V?$standard_base@_WV?$stream_output_adapter@_W@__crt_stdio_output@@@2@@__crt_stdio_output@@AAE_NXZ 1000d91e f i libucrt:output.obj
 0001:0000c91e       ?type_case_a@?$output_processor@_WV?$string_output_adapter@_W@__crt_stdio_output@@V?$standard_base@_WV?$string_output_adapter@_W@__crt_stdio_output@@@2@@__crt_stdio_output@@AAE_NXZ 1000d91e f i libucrt:output.obj
 0001:0000ca90       ?type_case_c_tchar@?$output_processor@DV?$string_output_adapter@D@__crt_stdio_output@@V?$format_validation_base@DV?$string_output_adapter@D@__crt_stdio_output@@@2@@__crt_stdio_output@@AAE_ND@Z 1000da90 f i libucrt:output.obj
 0001:0000cb20       ?type_case_c_tchar@?$output_processor@_WV?$stream_output_adapter@_W@__crt_stdio_output@@V?$standard_base@_WV?$stream_output_adapter@_W@__crt_stdio_output@@@2@@__crt_stdio_output@@AAE_N_W@Z 1000db20 f i libucrt:output.obj
 0001:0000cb20       ?type_case_c_tchar@?$output_processor@_WV?$string_output_adapter@_W@__crt_stdio_output@@V?$standard_base@_WV?$string_output_adapter@_W@__crt_stdio_output@@@2@@__crt_stdio_output@@AAE_N_W@Z 1000db20 f i libucrt:output.obj
 0001:0000cbb8       ?type_case_integer@?$output_processor@_WV?$stream_output_adapter@_W@__crt_stdio_output@@V?$standard_base@_WV?$stream_output_adapter@_W@__crt_stdio_output@@@2@@__crt_stdio_output@@AAE_NI_N@Z 1000dbb8 f i libucrt:output.obj
 0001:0000cbb8       ?type_case_integer@?$output_processor@_WV?$string_output_adapter@_W@__crt_stdio_output@@V?$standard_base@_WV?$string_output_adapter@_W@__crt_stdio_output@@@2@@__crt_stdio_output@@AAE_NI_N@Z 1000dbb8 f i libucrt:output.obj
 0001:0000cbb8       ?type_case_integer@?$output_processor@DV?$string_output_adapter@D@__crt_stdio_output@@V?$format_validation_base@DV?$string_output_adapter@D@__crt_stdio_output@@@2@@__crt_stdio_output@@AAE_NI_N@Z 1000dbb8 f i libucrt:output.obj
 0001:0000cd02       ?type_case_n@?$output_processor@DV?$string_output_adapter@D@__crt_stdio_output@@V?$format_validation_base@DV?$string_output_adapter@D@__crt_stdio_output@@@2@@__crt_stdio_output@@AAE_NXZ 1000dd02 f i libucrt:output.obj
 0001:0000cd02       ?type_case_n@?$output_processor@_WV?$string_output_adapter@_W@__crt_stdio_output@@V?$standard_base@_WV?$string_output_adapter@_W@__crt_stdio_output@@@2@@__crt_stdio_output@@AAE_NXZ 1000dd02 f i libucrt:output.obj
 0001:0000cd02       ?type_case_n@?$output_processor@_WV?$stream_output_adapter@_W@__crt_stdio_output@@V?$standard_base@_WV?$stream_output_adapter@_W@__crt_stdio_output@@@2@@__crt_stdio_output@@AAE_NXZ 1000dd02 f i libucrt:output.obj
 0001:0000cd76       ?type_case_o@?$output_processor@_WV?$string_output_adapter@_W@__crt_stdio_output@@V?$standard_base@_WV?$string_output_adapter@_W@__crt_stdio_output@@@2@@__crt_stdio_output@@AAE_NXZ 1000dd76 f i libucrt:output.obj
 0001:0000cd76       ?type_case_o@?$output_processor@DV?$string_output_adapter@D@__crt_stdio_output@@V?$format_validation_base@DV?$string_output_adapter@D@__crt_stdio_output@@@2@@__crt_stdio_output@@AAE_NXZ 1000dd76 f i libucrt:output.obj
 0001:0000cd76       ?type_case_o@?$output_processor@_WV?$stream_output_adapter@_W@__crt_stdio_output@@V?$standard_base@_WV?$stream_output_adapter@_W@__crt_stdio_output@@@2@@__crt_stdio_output@@AAE_NXZ 1000dd76 f i libucrt:output.obj
 0001:0000cd95       ?type_case_p@?$output_processor@_WV?$stream_output_adapter@_W@__crt_stdio_output@@V?$standard_base@_WV?$stream_output_adapter@_W@__crt_stdio_output@@@2@@__crt_stdio_output@@AAE_NXZ 1000dd95 f i libucrt:output.obj
 0001:0000cd95       ?type_case_p@?$output_processor@_WV?$string_output_adapter@_W@__crt_stdio_output@@V?$standard_base@_WV?$string_output_adapter@_W@__crt_stdio_output@@@2@@__crt_stdio_output@@AAE_NXZ 1000dd95 f i libucrt:output.obj
 0001:0000cd95       ?type_case_p@?$output_processor@DV?$string_output_adapter@D@__crt_stdio_output@@V?$format_validation_base@DV?$string_output_adapter@D@__crt_stdio_output@@@2@@__crt_stdio_output@@AAE_NXZ 1000dd95 f i libucrt:output.obj
 0001:0000cdad       ?type_case_s@?$output_processor@DV?$string_output_adapter@D@__crt_stdio_output@@V?$format_validation_base@DV?$string_output_adapter@D@__crt_stdio_output@@@2@@__crt_stdio_output@@AAE_NXZ 1000ddad f i libucrt:output.obj
 0001:0000ce20       ?type_case_s@?$output_processor@_WV?$stream_output_adapter@_W@__crt_stdio_output@@V?$standard_base@_WV?$stream_output_adapter@_W@__crt_stdio_output@@@2@@__crt_stdio_output@@AAE_NXZ 1000de20 f i libucrt:output.obj
 0001:0000ce20       ?type_case_s@?$output_processor@_WV?$string_output_adapter@_W@__crt_stdio_output@@V?$standard_base@_WV?$string_output_adapter@_W@__crt_stdio_output@@@2@@__crt_stdio_output@@AAE_NXZ 1000de20 f i libucrt:output.obj
 0001:0000ce94       ?type_case_s_compute_narrow_string_length@?$output_processor@_WV?$stream_output_adapter@_W@__crt_stdio_output@@V?$standard_base@_WV?$stream_output_adapter@_W@__crt_stdio_output@@@2@@__crt_stdio_output@@ABEHH_W@Z 1000de94 f i libucrt:output.obj
 0001:0000ce94       ?type_case_s_compute_narrow_string_length@?$output_processor@_WV?$string_output_adapter@_W@__crt_stdio_output@@V?$standard_base@_WV?$string_output_adapter@_W@__crt_stdio_output@@@2@@__crt_stdio_output@@ABEHH_W@Z 1000de94 f i libucrt:output.obj
 0001:0000ced4       ?validate@?$stream_output_adapter@_W@__crt_stdio_output@@QBE_NXZ 1000ded4 f i libucrt:output.obj
 0001:0000ced4       ?validate@?$c_string_character_source@D@__crt_strtox@@QBE_NXZ 1000ded4 f i libucrt:atox.obj
 0001:0000ced4       ?validate@?$string_output_adapter@D@__crt_stdio_output@@QBE_NXZ 1000ded4 f i libucrt:output.obj
 0001:0000ced4       ?validate@?$string_output_adapter@_W@__crt_stdio_output@@QBE_NXZ 1000ded4 f i libucrt:output.obj
 0001:0000ced4       ?validate@?$c_string_character_source@_W@__crt_strtox@@QBE_NXZ 1000ded4 f i libucrt:atox.obj
 0001:0000ceef       ?validate_and_update_state_at_end_of_format_string@?$format_validation_base@DV?$string_output_adapter@D@__crt_stdio_output@@@__crt_stdio_output@@IBE_NXZ 1000deef f i libucrt:output.obj
 0001:0000cf11       ?write_character@?$stream_output_adapter@_W@__crt_stdio_output@@QBEX_WQAH@Z 1000df11 f i libucrt:output.obj
 0001:0000cf51       ?write_character@?$string_output_adapter@D@__crt_stdio_output@@QBE_NDQAH@Z 1000df51 f i libucrt:output.obj
 0001:0000cf93       ?write_character@?$string_output_adapter@_W@__crt_stdio_output@@QBE_N_WQAH@Z 1000df93 f i libucrt:output.obj
 0001:0000cfd8       ?write_stored_string_tchar@?$output_processor@DV?$string_output_adapter@D@__crt_stdio_output@@V?$format_validation_base@DV?$string_output_adapter@D@__crt_stdio_output@@@2@@__crt_stdio_output@@AAE_ND@Z 1000dfd8 f i libucrt:output.obj
 0001:0000d07f       ?write_stored_string_tchar@?$output_processor@_WV?$stream_output_adapter@_W@__crt_stdio_output@@V?$standard_base@_WV?$stream_output_adapter@_W@__crt_stdio_output@@@2@@__crt_stdio_output@@AAE_N_W@Z 1000e07f f i libucrt:output.obj
 0001:0000d10a       ?write_stored_string_tchar@?$output_processor@_WV?$string_output_adapter@_W@__crt_stdio_output@@V?$standard_base@_WV?$string_output_adapter@_W@__crt_stdio_output@@@2@@__crt_stdio_output@@AAE_N_W@Z 1000e10a f i libucrt:output.obj
 0001:0000d195       ?write_string@?$stream_output_adapter@_W@__crt_stdio_output@@QBEXQB_WHQAH1@Z 1000e195 f i libucrt:output.obj
 0001:0000d222       ?write_string@?$string_output_adapter@D@__crt_stdio_output@@QBEXQBDHQAH1@Z 1000e222 f i libucrt:output.obj
 0001:0000d2b5       ?write_string@?$string_output_adapter@_W@__crt_stdio_output@@QBEXQB_WHQAH1@Z 1000e2b5 f i libucrt:output.obj
 0001:0000d34f       ___stdio_common_vfwprintf  1000e34f f   libucrt:output.obj
 0001:0000d3c6       ___stdio_common_vsnprintf_s 1000e3c6 f   libucrt:output.obj
 0001:0000d3ed       ___stdio_common_vswprintf  1000e3ed f   libucrt:output.obj
 0001:0000d420       _strncpy                   1000e420 f   libucrt:strncpy.obj
 0001:0000d544       ??$__crt_time_elapsed_leap_years@_J@@YA_J_J@Z 1000e544 f i libucrt:mktime.obj
 0001:0000d5aa       ??$__crt_time_is_leap_year@_J@@YA_N_J@Z 1000e5aa f i libucrt:mktime.obj
 0001:0000da3c       __mktime64                 1000ea3c f   libucrt:mktime.obj
 0001:0000da4f       ??$__crt_time_elapsed_leap_years@H@@YAHH@Z 1000ea4f f i libucrt:gmtime.obj
 0001:0000da89       ??$__crt_time_is_leap_year@H@@YA_NH@Z 1000ea89 f i libucrt:gmtime.obj
 0001:0000dcbb       ___getgmtimebuf            1000ecbb f   libucrt:gmtime.obj
 0001:0000dcf9       __gmtime64                 1000ecf9 f   libucrt:gmtime.obj
 0001:0000dd20       __gmtime64_s               1000ed20 f   libucrt:gmtime.obj
 0001:0000dfb5       __localtime64              1000efb5 f   libucrt:localtime.obj
 0001:0000dfdc       __localtime64_s            1000efdc f   libucrt:localtime.obj
 0001:0000dfe7       __isleadbyte_l             1000efe7 f i libucrt:_wctype.obj
 0001:0000e020       __strnicmp                 1000f020 f   libucrt:strnicmp.obj
 0001:0000e020       _strnicmp                  1000f020 f   libucrt:strnicmp.obj
 0001:0000e08c       __strnicmp_l               1000f08c f   libucrt:strnicmp.obj
 0001:0000e143       ??$is_overflow_condition@K@__crt_strtox@@YA_NIK@Z 1000f143 f i libucrt:atox.obj
 0001:0000e176       ??$make_c_string_character_source@DPAPAD@__crt_strtox@@YA?AV?$c_string_character_source@D@0@QBDQAPAD@Z 1000f176 f i libucrt:strtox.obj
 0001:0000e176       ??$make_c_string_character_source@_WPAPA_W@__crt_strtox@@YA?AV?$c_string_character_source@_W@0@QB_WQAPA_W@Z 1000f176 f i libucrt:strtox.obj
 0001:0000e176       ??$make_c_string_character_source@D$$T@__crt_strtox@@YA?AV?$c_string_character_source@D@0@QBD$$T@Z 1000f176 f i libucrt:atox.obj
 0001:0000e191       ??$parse_integer@KV?$c_string_character_source@D@__crt_strtox@@@__crt_strtox@@YAKQAU__crt_locale_pointers@@V?$c_string_character_source@D@0@H_N@Z 1000f191 f i libucrt:atox.obj
 0001:0000e3b9       ??$parse_integer@KV?$c_string_character_source@_W@__crt_strtox@@@__crt_strtox@@YAKQAU__crt_locale_pointers@@V?$c_string_character_source@_W@0@H_N@Z 1000f3b9 f i libucrt:atox.obj
 0001:0000ea9e       ?unget@?$c_string_character_source@D@__crt_strtox@@QAEXD@Z 1000fa9e f i libucrt:atox.obj
 0001:0000eac6       ?unget@?$c_string_character_source@_W@__crt_strtox@@QAEX_W@Z 1000fac6 f i libucrt:atox.obj
 0001:0000eaf2       __chvalidchk_l             1000faf2 f i libucrt:atox.obj
 0001:0000eb1c       __ischartype_l             1000fb1c f i libucrt:atox.obj
 0001:0000eb4f       _atol                      1000fb4f f   libucrt:atox.obj
 0001:0000eb4f       _atoi                      1000fb4f f   libucrt:atox.obj
 0001:0000eb79       __isdigit_l                1000fb79 f i libucrt:_ctype.obj
 0001:0000ebb1       _isdigit                   1000fbb1 f i libucrt:_ctype.obj
 0001:0000ebde       ___ascii_stricmp           1000fbde f   libucrt:stricmp.obj
 0001:0000ec19       _stricmp                   1000fc19 f   libucrt:stricmp.obj
 0001:0000ec19       __stricmp                  1000fc19 f   libucrt:stricmp.obj
 0001:0000ec61       __stricmp_l                1000fc61 f   libucrt:stricmp.obj
 0001:0000ecfb       ___acrt_initialize_new_handler 1000fcfb f   libucrt:new_handler.obj
 0001:0000ed0f       __callnewh                 1000fd0f f   libucrt:new_handler.obj
 0001:0000ed53       __query_new_handler        1000fd53 f   libucrt:new_handler.obj
 0001:0000eda5       __seh_filter_dll           1000fda5 f   libucrt:exception_filter.obj
 0001:0000edc5       __seh_filter_exe           1000fdc5 f   libucrt:exception_filter.obj
 0001:0000f153       ___acrt_initialize_thread_local_exit_callback 10010153 f   libucrt:exit.obj
 0001:0000f162       __cexit                    10010162 f   libucrt:exit.obj
 0001:0000f171       __exit                     10010171 f   libucrt:exit.obj
 0001:0000f187       __is_c_termination_complete 10010187 f   libucrt:exit.obj
 0001:0000f426       ___acrt_allocate_buffer_for_argv 10010426 f   libucrt:argv_parsing.obj
 0001:0000f47b       __configure_narrow_argv    1001047b f   libucrt:argv_parsing.obj
 0001:0000f68d       ??$uninitialize@A6AXAAPAPA_W@Z@?$dual_state_global@PAPA_W@__crt_state_management@@QAEXA6AXAAPAPA_W@Z@Z 1001068d f i libucrt:environment_initialization.obj
 0001:0000f68d       ??$uninitialize@A6AXAAPAPAD@Z@?$dual_state_global@PAPAD@__crt_state_management@@QAEXA6AXAAPAPAD@Z@Z 1001068d f i libucrt:environment_initialization.obj
 0001:0000f703       ___dcrt_get_or_create_narrow_environment_nolock 10010703 f   libucrt:environment_initialization.obj
 0001:0000f708       ___dcrt_uninitialize_environments_nolock 10010708 f   libucrt:environment_initialization.obj
 0001:0000f73f       __initialize_narrow_environment 1001073f f   libucrt:environment_initialization.obj
 0001:0000f744       ??$?RV<lambda_800076c951b434888f4765a74a194fcc>@@AAV<lambda_4e60a939b0d047cfe11ddc22648dfba9>@@V<lambda_6dbb1268764f43b569ce7b67e331d33a>@@@?$__crt_seh_guarded_call@H@@QAEH$$QAV<lambda_800076c951b434888f4765a74a194fcc>@@AAV<lambda_4e60a939b0d047cfe11ddc22648dfba9>@@$$QAV<lambda_6dbb1268764f43b569ce7b67e331d33a>@@@Z 10010744 f i libucrt:onexit.obj
 0001:0000f795       ??$?RV<lambda_995298e7d72eb4c2aab26c0585b3abe5>@@AAV<lambda_275893d493268fdec8709772e3fcec0e>@@V<lambda_293819299cbf9a7022e18b56a874bb5c>@@@?$__crt_seh_guarded_call@H@@QAEH$$QAV<lambda_995298e7d72eb4c2aab26c0585b3abe5>@@AAV<lambda_275893d493268fdec8709772e3fcec0e>@@$$QAV<lambda_293819299cbf9a7022e18b56a874bb5c>@@@Z 10010795 f i libucrt:onexit.obj
 0001:0000f7e6       ??$__acrt_lock_and_call@V<lambda_275893d493268fdec8709772e3fcec0e>@@@@YAHW4__acrt_lock_id@@$$QAV<lambda_275893d493268fdec8709772e3fcec0e>@@@Z 100107e6 f i libucrt:onexit.obj
 0001:0000f80e       ??$__acrt_lock_and_call@V<lambda_4e60a939b0d047cfe11ddc22648dfba9>@@@@YAHW4__acrt_lock_id@@$$QAV<lambda_4e60a939b0d047cfe11ddc22648dfba9>@@@Z 1001080e f i libucrt:onexit.obj
 0001:0000f836       ??$__crt_fast_encode_pointer@P6AHXZ@@YAP6AHXZQ6AHXZ@Z 10010836 f i libucrt:onexit.obj
 0001:0000fab6       __crt_atexit               10010ab6 f   libucrt:onexit.obj
 0001:0000facc       __execute_onexit_table     10010acc f   libucrt:onexit.obj
 0001:0000fae9       __initialize_onexit_table  10010ae9 f   libucrt:onexit.obj
 0001:0000fb26       __register_onexit_function 10010b26 f   libucrt:onexit.obj
 0001:0000fc3b       ___acrt_initialize         10010c3b f   libucrt:initialization.obj
 0001:0000fc4d       ___acrt_thread_attach      10010c4d f   libucrt:initialization.obj
 0001:0000fc58       ___acrt_thread_detach      10010c58 f   libucrt:initialization.obj
 0001:0000fc60       ___acrt_uninitialize       10010c60 f   libucrt:initialization.obj
 0001:0000fc72       ___acrt_uninitialize_critical 10010c72 f   libucrt:initialization.obj
 0001:0000fc84       __initterm                 10010c84 f   libucrt:initterm.obj
 0001:0000fce0       __initterm_e               10010ce0 f   libucrt:initterm.obj
 0001:0000fd25       _terminate                 10010d25 f   libucrt:terminate.obj
 0001:0000fd61       _strcpy_s                  10010d61 f   libucrt:strcpy_s.obj
 0001:0000fdbb       __free_base                10010dbb f   libucrt:free_base.obj
 0001:0000fdf5       __malloc_base              10010df5 f   libucrt:malloc_base.obj
 0001:0000fe43       _abort                     10010e43 f   libucrt:abort.obj
 0001:0000fe86       __calloc_base              10010e86 f   libucrt:calloc_base.obj
 0001:0000fee3       __query_app_type           10010ee3 f   libucrt:report_runtime_error.obj
 0001:0000fee9       ___acrt_errno_from_os_error 10010ee9 f   libucrt:errno.obj
 0001:0000ff2c       ___acrt_errno_map_os_error 10010f2c f   libucrt:errno.obj
 0001:0000ff4f       ___doserrno                10010f4f f   libucrt:errno.obj
 0001:0000ff62       __errno                    10010f62 f   libucrt:errno.obj
 0001:00010062       __itow_s                   10011062 f   libucrt:xtoa.obj
 0001:00010097       __set_error_mode           10011097 f   libucrt:set_error_mode.obj
 0001:000100d6       _wcscat_s                  100110d6 f   libucrt:wcscat_s.obj
 0001:0001014b       _wcscpy_s                  1001114b f   libucrt:wcscpy_s.obj
 0001:00010298       _wcsncat_s                 10011298 f   libucrt:wcsncat_s.obj
 0001:0001039e       ___acrt_show_wide_message_box 1001139e f   libucrt:crtmbox.obj
 0001:000103a9       ___acrt_initialize_stdio   100113a9 f   libucrt:_file.obj
 0001:00010471       ___acrt_iob_func           10011471 f   libucrt:_file.obj
 0001:00010481       ___acrt_uninitialize_stdio 10011481 f   libucrt:_file.obj
 0001:000104cd       __lock_file                100114cd f   libucrt:_file.obj
 0001:000104e1       __unlock_file              100114e1 f   libucrt:_file.obj
 0001:000104f5       ___acrt_stdio_flush_nolock 100114f5 f   libucrt:fflush.obj
 0001:0001055b       __fflush_nolock            1001155b f   libucrt:fflush.obj
 0001:000105a2       __flushall                 100115a2 f   libucrt:fflush.obj
 0001:00010683       _fflush                    10011683 f   libucrt:fflush.obj
 0001:000106dc       ??$?RV<lambda_d92cfe8357b99225085016881b624cb0>@@AAV<lambda_b721fa326cdb32351d23dfa67958c160>@@V<lambda_42d75b0848218ec137fa420c8ba9fdf9>@@@?$__crt_seh_guarded_call@H@@QAEH$$QAV<lambda_d92cfe8357b99225085016881b624cb0>@@AAV<lambda_b721fa326cdb32351d23dfa67958c160>@@$$QAV<lambda_42d75b0848218ec137fa420c8ba9fdf9>@@@Z 100116dc f i libucrt:setvbuf.obj
 0001:0001072d       ??$__acrt_lock_stream_and_call@V<lambda_b721fa326cdb32351d23dfa67958c160>@@@@YAHQAU_iobuf@@$$QAV<lambda_b721fa326cdb32351d23dfa67958c160>@@@Z 1001172d f i libucrt:setvbuf.obj
 0001:00010822       _setvbuf                   10011822 f   libucrt:setvbuf.obj
 0001:00010898       ??$?RV<lambda_a048d3beccc847880fc8490e18b82769>@@AAV<lambda_ec61778202f4f5fc7e7711acc23c3bca>@@V<lambda_f7496a158712204296dd6628a163878e>@@@?$__crt_seh_guarded_call@P6AXH@Z@@QAEP6AXH@Z$$QAV<lambda_a048d3beccc847880fc8490e18b82769>@@AAV<lambda_ec61778202f4f5fc7e7711acc23c3bca>@@$$QAV<lambda_f7496a158712204296dd6628a163878e>@@@Z 10011898 f i libucrt:signal.obj
 0001:000108f2       ??$__acrt_lock_and_call@V<lambda_ec61778202f4f5fc7e7711acc23c3bca>@@@@YAP6AXH@ZW4__acrt_lock_id@@$$QAV<lambda_ec61778202f4f5fc7e7711acc23c3bca>@@@Z 100118f2 f i libucrt:signal.obj
 0001:00010984       ___acrt_get_sigabrt_handler 10011984 f   libucrt:signal.obj
 0001:0001099b       ___acrt_initialize_signal_handlers 1001199b f   libucrt:signal.obj
 0001:000109d6       ___fpecode                 100119d6 f   libucrt:signal.obj
 0001:000109df       _raise                     100119df f   libucrt:signal.obj
 0001:00010be7       ??$?RV<lambda_3518db117f0e7cdb002338c5d3c47b6c>@@AAV<lambda_b2ea41f6bbb362cd97d94c6828d90b61>@@V<lambda_abdedf541bb04549bc734292b4a045d4>@@@?$__crt_seh_guarded_call@X@@QAEX$$QAV<lambda_3518db117f0e7cdb002338c5d3c47b6c>@@AAV<lambda_b2ea41f6bbb362cd97d94c6828d90b61>@@$$QAV<lambda_abdedf541bb04549bc734292b4a045d4>@@@Z 10011be7 f i libucrt:per_thread_data.obj
 0001:00010c37       ??$?RV<lambda_51b6e8b1eb166f2a3faf91f424b38130>@@AAV<lambda_6250bd4b2a391816dd638c3bf72b0bcb>@@V<lambda_0b5a4a3e68152e1d9b943535f5f47bed>@@@?$__crt_seh_guarded_call@X@@QAEX$$QAV<lambda_51b6e8b1eb166f2a3faf91f424b38130>@@AAV<lambda_6250bd4b2a391816dd638c3bf72b0bcb>@@$$QAV<lambda_0b5a4a3e68152e1d9b943535f5f47bed>@@@Z 10011c37 f i libucrt:per_thread_data.obj
 0001:00010c98       ??$?RV<lambda_5b71d36f03204c0beab531769a5b5694>@@AAV<lambda_be2b3da3f62db62e9dad5dc70221a656>@@V<lambda_8f9ce462984622f9bf76b59e2aaaf805>@@@?$__crt_seh_guarded_call@X@@QAEX$$QAV<lambda_5b71d36f03204c0beab531769a5b5694>@@AAV<lambda_be2b3da3f62db62e9dad5dc70221a656>@@$$QAV<lambda_8f9ce462984622f9bf76b59e2aaaf805>@@@Z 10011c98 f i libucrt:per_thread_data.obj
 0001:00010ce3       ??$?RV<lambda_9df27f884b057bc3edfc946cb5b7cf47>@@AAV<lambda_e69574bed617af4e071282c136b37893>@@V<lambda_cc0d902bcbbeb830f749456577db4721>@@@?$__crt_seh_guarded_call@X@@QAEX$$QAV<lambda_9df27f884b057bc3edfc946cb5b7cf47>@@AAV<lambda_e69574bed617af4e071282c136b37893>@@$$QAV<lambda_cc0d902bcbbeb830f749456577db4721>@@@Z 10011ce3 f i libucrt:per_thread_data.obj
 0001:00010d2b       ??$__acrt_lock_and_call@V<lambda_6250bd4b2a391816dd638c3bf72b0bcb>@@@@YAXW4__acrt_lock_id@@$$QAV<lambda_6250bd4b2a391816dd638c3bf72b0bcb>@@@Z 10011d2b f i libucrt:per_thread_data.obj
 0001:00010d53       ??$__acrt_lock_and_call@V<lambda_b2ea41f6bbb362cd97d94c6828d90b61>@@@@YAXW4__acrt_lock_id@@$$QAV<lambda_b2ea41f6bbb362cd97d94c6828d90b61>@@@Z 10011d53 f i libucrt:per_thread_data.obj
 0001:00010d7b       ??$__acrt_lock_and_call@V<lambda_be2b3da3f62db62e9dad5dc70221a656>@@@@YAXW4__acrt_lock_id@@$$QAV<lambda_be2b3da3f62db62e9dad5dc70221a656>@@@Z 10011d7b f i libucrt:per_thread_data.obj
 0001:00010da3       ??$__acrt_lock_and_call@V<lambda_e69574bed617af4e071282c136b37893>@@@@YAXW4__acrt_lock_id@@$$QAV<lambda_e69574bed617af4e071282c136b37893>@@@Z 10011da3 f i libucrt:per_thread_data.obj
 0001:00010f59       ___acrt_freeptd            10011f59 f   libucrt:per_thread_data.obj
 0001:00010f86       ___acrt_getptd             10011f86 f   libucrt:per_thread_data.obj
 0001:0001100a       ___acrt_getptd_noexit      1001200a f   libucrt:per_thread_data.obj
 0001:0001108f       ___acrt_initialize_ptd     1001208f f   libucrt:per_thread_data.obj
 0001:000110bb       ___acrt_uninitialize_ptd   100120bb f   libucrt:per_thread_data.obj
 0001:000110d5       ___acrt_strtok_s_novalidation 100120d5 f   libucrt:strtok_s.obj
 0001:0001131b       __tolower_l                1001231b f   libucrt:tolower_toupper.obj
 0001:00011335       _tolower                   10012335 f   libucrt:tolower_toupper.obj
 0001:00011365       _strtol                    10012365 f   libucrt:strtox.obj
 0001:00011391       _wcstol                    10012391 f   libucrt:strtox.obj
 0001:000113bd       __mbtowc_l                 100123bd f   libucrt:mbtowc.obj
 0001:000114b7       _mbtowc                    100124b7 f   libucrt:mbtowc.obj
 0001:000114d1       __wctomb_s_l               100124d1 f   libucrt:wctomb.obj
 0001:000115f2       _wctomb_s                  100125f2 f   libucrt:wctomb.obj
 0001:0001160f       _strnlen                   1001260f f   libucrt:strnlen.obj
 0001:00011736       _wcsnlen                   10012736 f   libucrt:strnlen.obj
 0001:000118ed       ___acrt_update_locale_info 100128ed f   libucrt:locale_update.obj
 0001:0001191a       ___acrt_update_multibyte_info 1001291a f   libucrt:locale_update.obj
 0001:00011947       ?__acrt_fp_classify@@YA?AW4__acrt_fp_class@@ABN@Z 10012947 f i libucrt:cvt.obj
 0001:000119b3       ?__acrt_fp_is_negative@@YA_NABN@Z 100129b3 f i libucrt:cvt.obj
 0001:00012212       ___acrt_fp_format          10013212 f   libucrt:cvt.obj
 0001:0001238e       __fputwc_nolock            1001338e f   libucrt:fputwc.obj
 0001:000124b4       __fileno                   100134b4 f   libucrt:fileno.obj
 0001:000124da       __fputc_nolock             100134da f   libucrt:fputc.obj
 0001:00012503       __get_printf_count_output  10013503 f   libucrt:printf_count_output.obj
 0001:00012518       ___acrt_stdio_begin_temporary_buffering_nolock 10013518 f   libucrt:_sftbuf.obj
 0001:000125cd       ___acrt_stdio_end_temporary_buffering_nolock 100135cd f   libucrt:_sftbuf.obj
 0001:00012606       ___acrt_set_locale_changed 10013606 f   libucrt:wsetlocale.obj
 0001:00012611       ___acrt_uninitialize_locale 10013611 f   libucrt:wsetlocale.obj
 0001:000127cf       ___acrt_initialize_lowio   100137cf f   libucrt:ioinit.obj
 0001:00012825       ___acrt_uninitialize_lowio 10013825 f   libucrt:ioinit.obj
 0001:00012851       ?initialize@?$dual_state_global@P6AHPAU_exception@@@Z@__crt_state_management@@QAEXQ6AHPAU_exception@@@Z@Z 10013851 f i libucrt:matherr.obj
 0001:00012851       ?initialize@?$dual_state_global@J@__crt_state_management@@QAEXJ@Z 10013851 f i libucrt:timeset.obj
 0001:00012851       ?initialize@?$dual_state_global@H@__crt_state_management@@QAEXH@Z 10013851 f i libucrt:timeset.obj
 0001:00012851       ?initialize@?$dual_state_global@PAU__crt_locale_data@@@__crt_state_management@@QAEXQAU__crt_locale_data@@@Z 10013851 f i libucrt:initialization.obj
 0001:00012851       ?initialize@?$dual_state_global@PAPAD@__crt_state_management@@QAEXQAPAD@Z 10013851 f i libucrt:environment_initialization.obj
 0001:00012851       ?initialize@?$dual_state_global@P6AXPB_W00II@Z@__crt_state_management@@QAEXQ6AXPB_W00II@Z@Z 10013851 f i libucrt:invalid_parameter.obj
 0001:00012851       ?initialize@?$dual_state_global@P6AHI@Z@__crt_state_management@@QAEXQ6AHI@Z@Z 10013851 f i libucrt:new_handler.obj
 0001:00012851       ?initialize@?$dual_state_global@P6AXH@Z@__crt_state_management@@QAEXQ6AXH@Z@Z 10013851 f i libucrt:signal.obj
 0001:00012882       ___acrt_initialize_timeset 10013882 f   libucrt:timeset.obj
 0001:000128b9       ___daylight                100138b9 f   libucrt:timeset.obj
 0001:000128bf       ___dstbias                 100138bf f   libucrt:timeset.obj
 0001:000128c5       ___timezone                100138c5 f   libucrt:timeset.obj
 0001:000128cb       ___tzname                  100138cb f   libucrt:timeset.obj
 0001:000128d1       __get_daylight             100138d1 f   libucrt:timeset.obj
 0001:000128fd       __get_dstbias              100138fd f   libucrt:timeset.obj
 0001:00012929       __get_timezone             10013929 f   libucrt:timeset.obj
 0001:0001309e       ___tzset                   1001409e f   libucrt:tzset.obj
 0001:000130ef       __isindst                  100140ef f   libucrt:tzset.obj
 0001:00013139       _iswctype                  10014139 f   libucrt:iswctype.obj
 0001:000131a0       ___ascii_strnicmp          100141a0 f   libucrt:_strnicm.obj
 0001:00013201       ___pctype_func             10014201 f   libucrt:ctype.obj
 0001:00013227       __isctype_l                10014227 f   libucrt:isctype.obj
 0001:000132f9       ___acrt_initialize_locks   100142f9 f   libucrt:locks.obj
 0001:0001333a       ___acrt_lock               1001433a f   libucrt:locks.obj
 0001:00013351       ___acrt_uninitialize_locks 10014351 f   libucrt:locks.obj
 0001:00013382       ___acrt_unlock             10014382 f   libucrt:locks.obj
 0001:000134fe       ___acrt_CompareStringEx@36 100144fe f   libucrt:winapi_thunks.obj
 0001:00013572       ___acrt_FlsAlloc@4         10014572 f   libucrt:winapi_thunks.obj
 0001:000135c8       ___acrt_FlsFree@4          100145c8 f   libucrt:winapi_thunks.obj
 0001:0001361e       ___acrt_FlsGetValue@4      1001461e f   libucrt:winapi_thunks.obj
 0001:00013674       ___acrt_FlsSetValue@8      10014674 f   libucrt:winapi_thunks.obj
 0001:000136cd       ___acrt_InitializeCriticalSectionEx@12 100146cd f   libucrt:winapi_thunks.obj
 0001:0001372f       ___acrt_LCMapStringEx@36   1001472f f   libucrt:winapi_thunks.obj
 0001:000137b7       ___acrt_LocaleNameToLCID@8 100147b7 f   libucrt:winapi_thunks.obj
 0001:00013813       ___acrt_MessageBoxW@16     10014813 f   libucrt:winapi_thunks.obj
 0001:0001385c       ___acrt_can_show_message_box 1001485c f   libucrt:winapi_thunks.obj
 0001:00013875       ___acrt_get_parent_window  10014875 f   libucrt:winapi_thunks.obj
 0001:000138f4       ___acrt_initialize_winapi_thunks 100148f4 f   libucrt:winapi_thunks.obj
 0001:0001391a       ___acrt_is_interactive     1001491a f   libucrt:winapi_thunks.obj
 0001:000139c0       ___acrt_is_packaged_app    100149c0 f   libucrt:winapi_thunks.obj
 0001:00013a47       ___acrt_uninitialize_winapi_thunks 10014a47 f   libucrt:winapi_thunks.obj
 0001:00013e3f       ??1?$argument_list@D@?A0xb0e4b824@@QAE@XZ 10014e3f f i libucrt:argv_wildcards.obj
 0001:00013e64       ?append@?$argument_list@D@?A0xb0e4b824@@QAEHQAD@Z 10014e64 f i libucrt:argv_wildcards.obj
 0001:00013e99       ?expand_if_necessary@?$argument_list@D@?A0xb0e4b824@@AAEHXZ 10014e99 f i libucrt:argv_wildcards.obj
 0001:00013f20       ___acrt_expand_narrow_argv_wildcards 10014f20 f   libucrt:argv_wildcards.obj
 0001:00013f2b       ??$?RV<lambda_978dc153c237d78434369da87b74ff60>@@AAV<lambda_ad1ced32f4ac17aa236e5ef05d6b3b7c>@@V<lambda_4a8533e2866a575feecb8298ce776b0d>@@@?$__crt_seh_guarded_call@X@@QAEX$$QAV<lambda_978dc153c237d78434369da87b74ff60>@@AAV<lambda_ad1ced32f4ac17aa236e5ef05d6b3b7c>@@$$QAV<lambda_4a8533e2866a575feecb8298ce776b0d>@@@Z 10014f2b f i libucrt:mbctype.obj
 0001:00013f6e       ??$__acrt_lock_and_call@V<lambda_ad1ced32f4ac17aa236e5ef05d6b3b7c>@@@@YAXW4__acrt_lock_id@@$$QAV<lambda_ad1ced32f4ac17aa236e5ef05d6b3b7c>@@@Z 10014f6e f i libucrt:mbctype.obj
 0001:00014405       ___acrt_initialize_multibyte 10015405 f   libucrt:mbctype.obj
 0001:00014423       ___acrt_update_thread_multibyte_data 10015423 f   libucrt:mbctype.obj
 0001:000144c5       __setmbcp_nolock           100154c5 f   libucrt:mbctype.obj
 0001:00014790       __ismbblead                10015790 f   libucrt:ismbbyte.obj
 0001:000147a8       ___acrt_initialize_command_line 100157a8 f   libucrt:argv_data.obj
 0001:000147c1       ___acrt_uninitialize_command_line 100157c1 f   libucrt:argv_data.obj
 0001:000147fb       ___dcrt_get_narrow_environment_from_os 100157fb f   libucrt:get_environment_from_os.obj
 0001:00014bbe       ___dcrt_set_variable_in_narrow_environment_nolock 10015bbe f   libucrt:setenv.obj
 0001:00014bc9       __recalloc                 10015bc9 f   libucrt:recalloc.obj
 0001:00014bd4       __recalloc_base            10015bd4 f   libucrt:recalloc.obj
 0001:00014c41       ___acrt_initialize_heap    10015c41 f   libucrt:heap_handle.obj
 0001:00014c52       ___acrt_uninitialize_heap  10015c52 f   libucrt:heap_handle.obj
 0001:00014c5c       ___acrt_execute_initializers 10015c5c f   libucrt:shared_initialization.obj
 0001:00014cdf       ___acrt_execute_uninitializers 10015cdf f   libucrt:shared_initialization.obj
 0001:00014d2c       ___acrt_has_user_matherr   10015d2c f   libucrt:matherr.obj
 0001:00014d45       ___acrt_initialize_user_matherr 10015d45 f   libucrt:matherr.obj
 0001:00014d59       ___acrt_invoke_user_matherr 10015d59 f   libucrt:matherr.obj
 0001:00014da2       __query_new_mode           10015da2 f   libucrt:new_mode.obj
 0001:00014da8       __fcloseall                10015da8 f   libucrt:closeall.obj
 0001:00014e48       ___acrt_stdio_free_buffer_nolock 10015e48 f   libucrt:_freebuf.obj
 0001:00014e86       ??$?RV<lambda_61cee617f5178ae960314fd4d05640a0>@@AAV<lambda_6978c1fb23f02e42e1d9e99668cc68aa>@@V<lambda_9cd88cf8ad10232537feb2133f08c833>@@@?$__crt_seh_guarded_call@H@@QAEH$$QAV<lambda_61cee617f5178ae960314fd4d05640a0>@@AAV<lambda_6978c1fb23f02e42e1d9e99668cc68aa>@@$$QAV<lambda_9cd88cf8ad10232537feb2133f08c833>@@@Z 10015e86 f i libucrt:commit.obj
 0001:00014f1e       ??$__acrt_lowio_lock_fh_and_call@V<lambda_6978c1fb23f02e42e1d9e99668cc68aa>@@@@YAHH$$QAV<lambda_6978c1fb23f02e42e1d9e99668cc68aa>@@@Z 10015f1e f i libucrt:commit.obj
 0001:00014f46       __commit                   10015f46 f   libucrt:commit.obj
 0001:00015545       __write                    10016545 f   libucrt:write.obj
 0001:00015630       __write_nolock             10016630 f   libucrt:write.obj
 0001:0001583c       ___acrt_add_locale_ref     1001683c f   libucrt:locale_refcounting.obj
 0001:000158b9       ___acrt_free_locale        100168b9 f   libucrt:locale_refcounting.obj
 0001:00015a03       ___acrt_locale_add_lc_time_reference 10016a03 f   libucrt:locale_refcounting.obj
 0001:00015a2c       ___acrt_locale_free_lc_time_if_unreferenced 10016a2c f   libucrt:locale_refcounting.obj
 0001:00015a5c       ___acrt_locale_release_lc_time_reference 10016a5c f   libucrt:locale_refcounting.obj
 0001:00015a85       ___acrt_release_locale_ref 10016a85 f   libucrt:locale_refcounting.obj
 0001:00015b06       ___acrt_update_thread_locale_data 10016b06 f   libucrt:locale_refcounting.obj
 0001:00015b7d       __updatetlocinfoEx_nolock  10016b7d f   libucrt:locale_refcounting.obj
 0001:00015dea       ___acrt_LCMapStringA       10016dea f   libucrt:lcmapstringa.obj
 0001:00015e35       __freea_crt                10016e35 f i libucrt:lcmapstringa.obj
 0001:00015e55       ____lc_codepage_func       10016e55 f   libucrt:initctype.obj
 0001:00015e7c       ___acrt_fp_strflt_to_string 10016e7c f   libucrt:_fptostr.obj
 0001:00015f38       ??0scoped_fp_state_reset@?A0x48fbfdd4@@QAE@XZ 10016f38 f i libucrt:cfout.obj
 0001:00015f70       ?divide@__crt_strtox@@YA_KAAUbig_integer@1@ABU21@@Z 10016f70 f i libucrt:cfout.obj
 0001:0001641e       ___acrt_fltout             1001741e f   libucrt:cfout.obj
 0001:00017b80       ___acrt_stdio_flush_and_write_narrow_nolock 10018b80 f   libucrt:_flsbuf.obj
 0001:00017b8b       ___acrt_stdio_flush_and_write_wide_nolock 10018b8b f   libucrt:_flsbuf.obj
 0001:00017b96       __isatty                   10018b96 f   libucrt:isatty.obj
 0001:00017bec       ___acrt_locale_free_monetary 10018bec f   libucrt:initmon.obj
 0001:00017cea       ___acrt_locale_free_numeric 10018cea f   libucrt:initnum.obj
 0001:00017d8f       ___acrt_locale_free_time   10018d8f f   libucrt:inittime.obj
 0001:00017e73       ___acrt_GetStringTypeA     10018e73 f   libucrt:getstringtypea.obj
 0001:00017f90       ___acrt_lowio_create_handle_array 10018f90 f   libucrt:osfinfo.obj
 0001:0001800a       ___acrt_lowio_destroy_handle_array 1001900a f   libucrt:osfinfo.obj
 0001:0001803f       ___acrt_lowio_ensure_fh_exists 1001903f f   libucrt:osfinfo.obj
 0001:000180d7       ___acrt_lowio_lock_fh      100190d7 f   libucrt:osfinfo.obj
 0001:000180fa       ___acrt_lowio_unlock_fh    100190fa f   libucrt:osfinfo.obj
 0001:0001811d       __free_osfhnd              1001911d f   libucrt:osfinfo.obj
 0001:000181ae       __get_osfhandle            100191ae f   libucrt:osfinfo.obj
 0001:00018385       _getenv_s                  10019385 f   libucrt:getenv.obj
 0001:0001844c       ___acrt_DownlevelLocaleNameToLCID 1001944c f   libucrt:lcidtoname_downlevel.obj
 0001:00018560       _qsort                     10019560 f   libucrt:qsort.obj
 0001:00018900       _strpbrk                   10019900 f   libucrt:strpbrk.obj
 0001:00018940       __mbsdec                   10019940 f   libucrt:mbsdec.obj
 0001:00018957       __mbsdec_l                 10019957 f   libucrt:mbsdec.obj
 0001:000189f3       __strnicoll                100199f3 f   libucrt:strnicol.obj
 0001:00018a1c       __strnicoll_l              10019a1c f   libucrt:strnicol.obj
 0001:00018ae6       __msize                    10019ae6 f   libucrt:msize.obj
 0001:00018b19       __realloc_base             10019b19 f   libucrt:realloc_base.obj
 0001:00018b82       __fclose_nolock            10019b82 f   libucrt:fclose.obj
 0001:00018bf8       _fclose                    10019bf8 f   libucrt:fclose.obj
 0001:00018dfb       __lseeki64                 10019dfb f   libucrt:lseek.obj
 0001:00018e16       __lseeki64_nolock          10019e16 f   libucrt:lseek.obj
 0001:00018e31       __putwch_nolock            10019e31 f   libucrt:putwch.obj
 0001:00018e76       ___strncnt                 10019e76 f   libucrt:strncnt.obj
 0001:00018e92       _fegetenv                  10019e92 f   libucrt:fegetenv.obj
 0001:00018eaf       _fesetenv                  10019eaf f   libucrt:fesetenv.obj
 0001:00018ef8       _feholdexcept              10019ef8 f   libucrt:feholdexcept.obj
 0001:00018f60       _log10                     10019f60 f   libucrt:log10.obj
 0001:00018fa0       __CIlog10                  10019fa0 f   libucrt:log10.obj
 0001:00018fdb       __CIlog10_default          10019fdb f   libucrt:log10.obj
 0001:00018fef       __log10_default            10019fef     libucrt:log10.obj
 0001:000190b0       _ceil                      1001a0b0 f   libucrt:ceil_pentium4.obj
 0001:000190f0       __ceil_pentium4            1001a0f0 f   libucrt:ceil_pentium4.obj
 0001:000191cd       ___acrt_stdio_allocate_buffer_nolock 1001a1cd f   libucrt:_getbuf.obj
 0001:000194d2       ___acrt_CompareStringA     1001a4d2 f   libucrt:comparestringa.obj
 0001:0001951a       ??$?RV<lambda_123407a5e2ac06da108355a851863b7a>@@AAV<lambda_2fe9b910cf3cbf4a0ab98a02ba45b3ec>@@V<lambda_ae55bdf541ad94d75914d381c370e64d>@@@?$__crt_seh_guarded_call@H@@QAEH$$QAV<lambda_123407a5e2ac06da108355a851863b7a>@@AAV<lambda_2fe9b910cf3cbf4a0ab98a02ba45b3ec>@@$$QAV<lambda_ae55bdf541ad94d75914d381c370e64d>@@@Z 1001a51a f i libucrt:close.obj
 0001:0001959c       ??$__acrt_lowio_lock_fh_and_call@V<lambda_2fe9b910cf3cbf4a0ab98a02ba45b3ec>@@@@YAHH$$QAV<lambda_2fe9b910cf3cbf4a0ab98a02ba45b3ec>@@@Z 1001a59c f i libucrt:close.obj
 0001:000195c4       __close                    1001a5c4 f   libucrt:close.obj
 0001:00019643       __close_nolock             1001a643 f   libucrt:close.obj
 0001:000196df       ?__acrt_stdio_free_stream@@YAXV__crt_stdio_stream@@@Z 1001a6df f   libucrt:stream.obj
[...]
 0002:00007e90       __ehfuncinfo$??$SetMethod@VObject@v8@@VLocal@2@@Nan@@YAXV?$Local@VObject@v8@@@v8@@PBDP6AXABV?$FunctionCallbackInfo@VValue@v8@@@0@@Z@Z 10027e90     serialport.obj
 0002:00007eb4       __unwindtable$??$SetMethod@VObject@v8@@VLocal@2@@Nan@@YAXV?$Local@VObject@v8@@@v8@@PBDP6AXABV?$FunctionCallbackInfo@VValue@v8@@@0@@Z@Z 10027eb4     serialport.obj
 0002:00007ecc       __ehfuncinfo$?Error@Nan@@YA?AV?$Local@VValue@v8@@@v8@@PBD@Z 10027ecc     serialport_win.obj
 0002:00007ef0       __unwindtable$?Error@Nan@@YA?AV?$Local@VValue@v8@@@v8@@PBD@Z 10027ef0     serialport_win.obj
 0002:00007f10       __ehfuncinfo$??__Eg_closingHandles@@YAXXZ 10027f10     serialport_win.obj
 0002:00007f34       __unwindtable$??__Eg_closingHandles@@YAXXZ 10027f34     serialport_win.obj
 0002:00007f44       __ehfuncinfo$?DisposeWatchPortCallbacks@@YAXPAUWatchPortBaton@@@Z 10027f44     serialport_win.obj
 0002:00007f68       __unwindtable$?DisposeWatchPortCallbacks@@YAXPAUWatchPortBaton@@@Z 10027f68     serialport_win.obj
 0002:00007f98       __ehfuncinfo$?EIO_AfterWatchPort@@YAXPAUuv_work_s@@@Z 10027f98     serialport_win.obj
 0002:00007fbc       __unwindtable$?EIO_AfterWatchPort@@YAXPAUuv_work_s@@@Z 10027fbc     serialport_win.obj
 0002:00007fd4       __ehfuncinfo$?EIO_List@@YAXPAUuv_work_s@@@Z 10027fd4     serialport_win.obj
 0002:00007ff8       __unwindtable$?EIO_List@@YAXPAUuv_work_s@@@Z 10027ff8     serialport_win.obj
 0002:00008020       __ehfuncinfo$??0ListResultItem@@QAE@XZ 10028020     serialport_win.obj
 0002:00008044       __unwindtable$??0ListResultItem@@QAE@XZ 10028044     serialport_win.obj
 0002:0000807c       __ehfuncinfo$??1?$list@HV?$allocator@H@std@@@std@@QAE@XZ 1002807c     serialport_win.obj
 0002:000080a0       __unwindtable$??1?$list@HV?$allocator@H@std@@@std@@QAE@XZ 100280a0     serialport_win.obj
 0002:000080b0       __ehfuncinfo$??1?$_List_buy@HV?$allocator@H@std@@@std@@QAE@XZ 100280b0     serialport_win.obj
 0002:000080d4       __unwindtable$??1?$_List_buy@HV?$allocator@H@std@@@std@@QAE@XZ 100280d4     serialport_win.obj
 0002:000080dc       __ehfuncinfo$?UsingQueryDosDevice@CEnumerateSerial@@SAHAAV?$vector@IV?$allocator@I@std@@@std@@@Z 100280dc     enumser.obj
 0002:00008100       __unwindtable$?UsingQueryDosDevice@CEnumerateSerial@@SAHAAV?$vector@IV?$allocator@I@std@@@std@@@Z 10028100     enumser.obj
 0002:000081f0       __sehtable$___scrt_is_nonwritable_in_current_image 100281f0     LIBCMT:utility.obj
 0002:00008210       __sehtable$?dllmain_crt_process_attach@@YAHQAUHINSTANCE__@@QAX@Z 10028210     LIBCMT:dll_dllmain.obj
 0002:00008230       __sehtable$?dllmain_crt_process_detach@@YAH_N@Z 10028230     LIBCMT:dll_dllmain.obj
 0002:00008250       __sehtable$?dllmain_dispatch@@YAHQAUHINSTANCE__@@KQAX@Z 10028250     LIBCMT:dll_dllmain.obj
 0002:000082a8       __sehtable$??$?RV<lambda_ab9923ffb5d694ec0d78876dd103e44f>@@AAV<lambda_481dd5778c961fbcd3b60b650e9b9dc4>@@V<lambda_7923d86c9e3f319b415918ec4b39749c>@@@?$__crt_seh_guarded_call@H@@QAEH$$QAV<lambda_ab9923ffb5d694ec0d78876dd103e44f>@@AAV<lambda_481dd5778c961fbcd3b60b650e9b9dc4>@@$$QAV<lambda_7923d86c9e3f319b415918ec4b39749c>@@@Z 100282a8     libucrt:output.obj
 0002:000082c8       __sehtable$__query_new_handler 100282c8     libucrt:new_handler.obj
 0002:000082e8       __sehtable$?common_exit@@YAXHW4_crt_exit_cleanup_mode@@W4_crt_exit_return_mode@@@Z 100282e8     libucrt:exit.obj
 0002:00008310       __sehtable$??$?RV<lambda_800076c951b434888f4765a74a194fcc>@@AAV<lambda_4e60a939b0d047cfe11ddc22648dfba9>@@V<lambda_6dbb1268764f43b569ce7b67e331d33a>@@@?$__crt_seh_guarded_call@H@@QAEH$$QAV<lambda_800076c951b434888f4765a74a194fcc>@@AAV<lambda_4e60a939b0d047cfe11ddc22648dfba9>@@$$QAV<lambda_6dbb1268764f43b569ce7b67e331d33a>@@@Z 10028310     libucrt:onexit.obj
 0002:00008330       __sehtable$??$?RV<lambda_995298e7d72eb4c2aab26c0585b3abe5>@@AAV<lambda_275893d493268fdec8709772e3fcec0e>@@V<lambda_293819299cbf9a7022e18b56a874bb5c>@@@?$__crt_seh_guarded_call@H@@QAEH$$QAV<lambda_995298e7d72eb4c2aab26c0585b3abe5>@@AAV<lambda_275893d493268fdec8709772e3fcec0e>@@$$QAV<lambda_293819299cbf9a7022e18b56a874bb5c>@@@Z 10028330     libucrt:onexit.obj
 0002:00008350       __sehtable$_terminate      10028350     libucrt:terminate.obj
 0002:00008370       __sehtable$_fflush         10028370     libucrt:fflush.obj
 0002:00008390       __sehtable$_common_flush_all 10028390     libucrt:fflush.obj
 0002:000083b8       __sehtable$??$?RV<lambda_d92cfe8357b99225085016881b624cb0>@@AAV<lambda_b721fa326cdb32351d23dfa67958c160>@@V<lambda_42d75b0848218ec137fa420c8ba9fdf9>@@@?$__crt_seh_guarded_call@H@@QAEH$$QAV<lambda_d92cfe8357b99225085016881b624cb0>@@AAV<lambda_b721fa326cdb32351d23dfa67958c160>@@$$QAV<lambda_42d75b0848218ec137fa420c8ba9fdf9>@@@Z 100283b8     libucrt:setvbuf.obj
 0002:000083d8       __sehtable$_raise          100283d8     libucrt:signal.obj
 0002:000083f8       __sehtable$??$?RV<lambda_a048d3beccc847880fc8490e18b82769>@@AAV<lambda_ec61778202f4f5fc7e7711acc23c3bca>@@V<lambda_f7496a158712204296dd6628a163878e>@@@?$__crt_seh_guarded_call@P6AXH@Z@@QAEP6AXH@Z$$QAV<lambda_a048d3beccc847880fc8490e18b82769>@@AAV<lambda_ec61778202f4f5fc7e7711acc23c3bca>@@$$QAV<lambda_f7496a158712204296dd6628a163878e>@@@Z 100283f8     libucrt:signal.obj
 0002:00008418       __sehtable$??$?RV<lambda_9df27f884b057bc3edfc946cb5b7cf47>@@AAV<lambda_e69574bed617af4e071282c136b37893>@@V<lambda_cc0d902bcbbeb830f749456577db4721>@@@?$__crt_seh_guarded_call@X@@QAEX$$QAV<lambda_9df27f884b057bc3edfc946cb5b7cf47>@@AAV<lambda_e69574bed617af4e071282c136b37893>@@$$QAV<lambda_cc0d902bcbbeb830f749456577db4721>@@@Z 10028418     libucrt:per_thread_data.obj
 0002:00008438       __sehtable$??$?RV<lambda_3518db117f0e7cdb002338c5d3c47b6c>@@AAV<lambda_b2ea41f6bbb362cd97d94c6828d90b61>@@V<lambda_abdedf541bb04549bc734292b4a045d4>@@@?$__crt_seh_guarded_call@X@@QAEX$$QAV<lambda_3518db117f0e7cdb002338c5d3c47b6c>@@AAV<lambda_b2ea41f6bbb362cd97d94c6828d90b61>@@$$QAV<lambda_abdedf541bb04549bc734292b4a045d4>@@@Z 10028438     libucrt:per_thread_data.obj
 0002:00008458       __sehtable$??$?RV<lambda_51b6e8b1eb166f2a3faf91f424b38130>@@AAV<lambda_6250bd4b2a391816dd638c3bf72b0bcb>@@V<lambda_0b5a4a3e68152e1d9b943535f5f47bed>@@@?$__crt_seh_guarded_call@X@@QAEX$$QAV<lambda_51b6e8b1eb166f2a3faf91f424b38130>@@AAV<lambda_6250bd4b2a391816dd638c3bf72b0bcb>@@$$QAV<lambda_0b5a4a3e68152e1d9b943535f5f47bed>@@@Z 10028458     libucrt:per_thread_data.obj
 0002:00008478       __sehtable$??$?RV<lambda_5b71d36f03204c0beab531769a5b5694>@@AAV<lambda_be2b3da3f62db62e9dad5dc70221a656>@@V<lambda_8f9ce462984622f9bf76b59e2aaaf805>@@@?$__crt_seh_guarded_call@X@@QAEX$$QAV<lambda_5b71d36f03204c0beab531769a5b5694>@@AAV<lambda_be2b3da3f62db62e9dad5dc70221a656>@@$$QAV<lambda_8f9ce462984622f9bf76b59e2aaaf805>@@@Z 10028478     libucrt:per_thread_data.obj
 0002:00008498       __sehtable$___acrt_uninitialize_locale 10028498     libucrt:wsetlocale.obj
 0002:000084b8       __sehtable$___acrt_initialize_lowio 100284b8     libucrt:ioinit.obj
 0002:000084d8       __sehtable$__isindst       100284d8     libucrt:tzset.obj
 0002:000084f8       __sehtable$___tzset        100284f8     libucrt:tzset.obj
 0002:00008518       __sehtable$___acrt_update_thread_multibyte_data 10028518     libucrt:mbctype.obj
 0002:00008538       __sehtable$??$?RV<lambda_978dc153c237d78434369da87b74ff60>@@AAV<lambda_ad1ced32f4ac17aa236e5ef05d6b3b7c>@@V<lambda_4a8533e2866a575feecb8298ce776b0d>@@@?$__crt_seh_guarded_call@X@@QAEX$$QAV<lambda_978dc153c237d78434369da87b74ff60>@@AAV<lambda_ad1ced32f4ac17aa236e5ef05d6b3b7c>@@$$QAV<lambda_4a8533e2866a575feecb8298ce776b0d>@@@Z 10028538     libucrt:mbctype.obj
 0002:00008558       __sehtable$__fcloseall     10028558     libucrt:closeall.obj
 0002:00008578       __sehtable$??$?RV<lambda_61cee617f5178ae960314fd4d05640a0>@@AAV<lambda_6978c1fb23f02e42e1d9e99668cc68aa>@@V<lambda_9cd88cf8ad10232537feb2133f08c833>@@@?$__crt_seh_guarded_call@H@@QAEH$$QAV<lambda_61cee617f5178ae960314fd4d05640a0>@@AAV<lambda_6978c1fb23f02e42e1d9e99668cc68aa>@@$$QAV<lambda_9cd88cf8ad10232537feb2133f08c833>@@@Z 10028578     libucrt:commit.obj
 0002:00008598       __sehtable$__write         10028598     libucrt:write.obj
 0002:000085b8       __sehtable$___acrt_update_thread_locale_data 100285b8     libucrt:locale_refcounting.obj
 0002:000085d8       __sehtable$___acrt_lowio_ensure_fh_exists 100285d8     libucrt:osfinfo.obj
 0002:000085f8       __sehtable$??$common_getenv_s@D@@YAHQAIQADIQBD@Z 100285f8     libucrt:getenv.obj
 0002:00008618       __sehtable$_fclose         10028618     libucrt:fclose.obj
 0002:00008638       __sehtable$??$common_lseek@_J@@YA_JH_JH@Z 10028638     libucrt:lseek.obj
 0002:00008658       __sehtable$??$?RV<lambda_123407a5e2ac06da108355a851863b7a>@@AAV<lambda_2fe9b910cf3cbf4a0ab98a02ba45b3ec>@@V<lambda_ae55bdf541ad94d75914d381c370e64d>@@@?$__crt_seh_guarded_call@H@@QAEH$$QAV<lambda_123407a5e2ac06da108355a851863b7a>@@AAV<lambda_2fe9b910cf3cbf4a0ab98a02ba45b3ec>@@$$QAV<lambda_ae55bdf541ad94d75914d381c370e64d>@@@Z 10028658     libucrt:close.obj
 0002:00008678       __sehtable$__IsNonwritableInCurrentImage 10028678     LIBCMT:pesect.obj
 0002:00008698       __sehtable$___FrameUnwindToState 10028698     libvcruntime:frame.obj
 0002:000086c0       __sehtable$?CallCatchBlock@@YAPAXPAUEHExceptionRecord@@PAUEHRegistrationNode@@PAU_CONTEXT@@PBU_s_FuncInfo@@PAXHK@Z 100286c0     libvcruntime:frame.obj
 0002:000086e8       __sehtable$___BuildCatchObject 100286e8     libvcruntime:frame.obj
 0002:00008708       __sehtable$___DestructExceptionObject 10028708     libvcruntime:frame.obj
 0002:00008724       __catchsym$?CallUnexpected@@YAXPBU_s_ESTypeList@@@Z$2 10028724     libvcruntime:frame.obj
 0002:00008734       __unwindtable$?CallUnexpected@@YAXPBU_s_ESTypeList@@@Z 10028734     libvcruntime:frame.obj
 0002:00008744       __tryblocktable$?CallUnexpected@@YAXPBU_s_ESTypeList@@@Z 10028744     libvcruntime:frame.obj
 0002:00008758       __ehfuncinfo$?CallUnexpected@@YAXPBU_s_ESTypeList@@@Z 10028758     libvcruntime:frame.obj
 0002:00008780       __sehtable$___BuildCatchObjectHelper 10028780     libvcruntime:frame.obj
 0002:000087e0       .edata                     100287e0     serialport.exp
 0002:00008808       rgpv                       10028808     serialport.exp
 0002:0000880c       rgszName                   1002880c     serialport.exp
 0002:00008810       rgwOrd                     10028810     serialport.exp
 0002:00008812       szName                     10028812     serialport.exp
 0002:00008822       $N00001                    10028822     serialport.exp
 0002:00008d6e       .idata$6                   10028d6e     kernel32:KERNEL32.dll
 0002:00008d8a       .idata$6                   10028d8a     user32:USER32.dll
 0002:00008dc6       .idata$6                   10028dc6     ole32:ole32.dll
 0002:00008dd0       .idata$6                   10028dd0     oleaut32:OLEAUT32.dll
 0002:00009c5a       .idata$6                   10029c5a     iojs:node.dll
 0003:00000010       ?__vcrt_flsindex@@3KA      1002b010     libvcruntime:per_thread_data.obj
 0003:00000034       _errno_no_memory           1002b034     libucrt:errno.obj
 0003:00000038       _doserrno_no_memory        1002b038     libucrt:errno.obj
 0003:000000e8       ___acrt_flsindex           1002b0e8     libucrt:per_thread_data.obj
 0003:000001e8       _tzstd_program             1002b1e8     libucrt:timeset.obj
 0003:00000228       _tzdst_program             1002b228     libucrt:timeset.obj
 0003:00000268       _tzname_states             1002b268     libucrt:timeset.obj
 0003:00000270       _dststart                  1002b270     libucrt:tzset.obj
 0003:0000027c       _dstend                    1002b27c     libucrt:tzset.obj
 0003:00000294       ___rgctypeflag             1002b294     libucrt:mbctype.obj
 0003:00000298       ___rgcode_page_info        1002b298     libucrt:mbctype.obj
 0003:00000830       __module                   1002b830     serialport.obj
 0003:00000854       _f_lngTlsInitEnd           1002b854     disphelper.obj
 0003:00000858       _f_lngTlsInitBegin         1002b858     disphelper.obj
 0003:00000960       ?module_local_atexit_table@@3U_onexit_table_t@@A 1002b960     LIBCMT:utility.obj
 0003:0000096c       ?module_local_at_quick_exit_table@@3U_onexit_table_t@@A 1002b96c     LIBCMT:utility.obj
 0003:00000978       ?is_initialized_as_dll@@3_NA 1002b978     LIBCMT:utility.obj
 0003:0000097c       ?__proc_attached@@3HA      1002b97c     LIBCMT:dll_dllmain.obj
 0003:00000980       _GS_ExceptionRecord        1002b980     LIBCMT:gs_report.obj
 0003:000009d0       _GS_ContextRecord          1002b9d0     LIBCMT:gs_report.obj
 0003:00000cb8       ?__vcrt_startup_thread_ptd@@3U__vcrt_ptd@@A 1002bcb8     libvcruntime:per_thread_data.obj
 0003:00000ce0       ___vcrt_lock_table         1002bce0     libvcruntime:locks.obj
 0003:00000cf8       ___vcrt_locks_initialized  1002bcf8     libvcruntime:locks.obj
 0003:00000cfc       ?module_handles@@3PAPAUHINSTANCE__@@A 1002bcfc     libvcruntime:winapi_downlevel.obj
 0003:00000d0c       ?encoded_function_pointers@@3PAPAXA 1002bd0c     libvcruntime:winapi_downlevel.obj
 0003:00000d5c       ?heap@@3V_HeapManager@@A   1002bd5c     libvcruntime:undname.obj
 0003:00000d70       ___acrt_invalid_parameter_handler 1002bd70     libucrt:invalid_parameter.obj
 0003:00000d74       ___acrt_new_handler        1002bd74     libucrt:new_handler.obj
 0003:00000d78       _c_termination_complete    1002bd78     libucrt:exit.obj
 0003:00000d7c       _thread_local_exit_callback_func 1002bd7c     libucrt:exit.obj
 0003:00000d80       ?c_exit_complete@?5??common_exit@@YAXHW4_crt_exit_cleanup_mode@@W4_crt_exit_return_mode@@@Z@4_NA 1002bd80     libucrt:exit.obj
 0003:00000d88       ?program_name@?5???$common_configure_argv@D@@YAHW4_crt_argv_mode@@@Z@4PADA 1002bd88     libucrt:argv_parsing.obj
 0003:00000eb8       ___acrt_app_type           1002beb8     libucrt:report_runtime_error.obj
 0003:00000ebc       ___acrt_error_mode         1002bebc     libucrt:set_error_mode.obj
 0003:00000ecc       _ctrlc_action              1002becc     libucrt:signal.obj
 0003:00000ed0       _ctrlbreak_action          1002bed0     libucrt:signal.obj
 0003:00000ed4       _abort_action              1002bed4     libucrt:signal.obj
 0003:00000ed8       _term_action               1002bed8     libucrt:signal.obj
 0003:00000edc       _enable_percent_n          1002bedc     libucrt:printf_count_output.obj
 0003:00001100       __tzname                   1002c100     libucrt:timeset.obj
 0003:00001104       _last_tz                   1002c104     libucrt:tzset.obj
 0003:00001108       _tz_api_used               1002c108     libucrt:tzset.obj
 0003:00001110       _tz_info                   1002c110     libucrt:tzset.obj
 0003:000011bc       ?first_time@?1??__tzset@@9@4JA 1002c1bc     libucrt:tzset.obj
 0003:000011c0       ___acrt_lock_table         1002c1c0     libucrt:locks.obj
 0003:000012f8       ___acrt_locks_initialized  1002c2f8     libucrt:locks.obj
 0003:00001300       _module_handles            1002c300     libucrt:winapi_thunks.obj
 0003:00001350       _encoded_function_pointers 1002c350     libucrt:winapi_thunks.obj
 0003:000013d0       ?state_cache@?1??__acrt_is_packaged_app@@9@4JA 1002c3d0     libucrt:winapi_thunks.obj
 0003:000013ec       _fSystemSet                1002c3ec     libucrt:mbctype.obj
 0003:000013f0       ?initialized@?1??__acrt_initialize_multibyte@@9@4_NA 1002c3f0     libucrt:mbctype.obj
 0003:00001410       _user_matherr              1002c410     libucrt:matherr.obj
 0003:00001414       ___acrt_global_new_mode    1002c414     libucrt:new_mode.obj
 0003:00001424       __pmatherr_set             1002c424     libucrt:libm_error.obj
 0003:00001428       ?write_queues@@3PAU_WriteQueue@@A 1002c428     serialport.obj
 0003:00001438       _f_TlsIdxException         1002c438     disphelper.obj
 0003:0000143c       _g_ExceptionOptions        1002c43c     disphelper.obj
 0003:00001450       _f_TlsIdxStackCount        1002c450     disphelper.obj
 0004:00000000       __guard_fids____dcrt_uninitialize_environments_nolock 1002d000     libucrt:environment_initialization.obj
 0004:00000008       __guard_fids__             1002d008     libucrt:initialization.obj
 0004:00000068       __guard_fids_??$common_show_message_box@_W@@YAHQB_W0I@Z 1002d068     libucrt:crtmbox.obj
 0004:0000006c       __guard_fids____acrt_initialize_ptd 1002d06c     libucrt:per_thread_data.obj
 0004:00000070       __guard_fids_??$expand_argument_wildcards@D@@YAHQAD0AAV?$argument_list@D@?A0xb0e4b824@@@Z 1002d070     libucrt:argv_wildcards.obj
 0004:00000074       __guard_fids__             1002d074     libucrt:stdio_initializer.obj
 0004:00000078       __guard_fids__             1002d078     libucrt:stdio_initializer.obj
 0004:0000007c       __guard_fids__             1002d07c     libucrt:locale_initializer.obj
 0004:00000080       __guard_fids__             1002d080     libucrt:timeset_initializer.obj
 0004:00000084       __guard_fids__             1002d084     libucrt:multibyte_initializer.obj
 0004:00000088       __guard_fids____libm_error_support 1002d088     libucrt:libm_error.obj
 0004:0000008c       __guard_fids__             1002d08c     libucrt:console_output_initializer.obj
 0004:00000090       __guard_fids__             1002d090     libucrt:sse2_initializer.obj
 0004:00000094       __guard_fids__             1002d094     libcpmt:xthrow.obj
 0004:0000009c       __guard_fids__             1002d09c     libcpmt:xthrow.obj
 0004:000000a4       __guard_fids__             1002d0a4     libcpmt:xthrow.obj
 0004:000000ac       __guard_fids__             1002d0ac     libcpmt:xthrow.obj
 0004:000000b4       __guard_fids__             1002d0b4     libcpmt:xthrow.obj
 0004:000000bc       __guard_fids__             1002d0bc     libcpmt:xthrow.obj
 0004:000000c0       __guard_fids__             1002d0c0     libcpmt:xthrow.obj
 0004:000000c4       __guard_fids__             1002d0c4     libcpmt:xthrow.obj
 0004:000000c8       __guard_fids__             1002d0c8     libcpmt:xthrow.obj
 0004:000000cc       __guard_fids__             1002d0cc     libcpmt:xthrow.obj
 0004:000000d0       __guard_fids__             1002d0d0     libcpmt:xthrow.obj
 0004:000000d4       __guard_fids__             1002d0d4     libcpmt:xthrow.obj
 0004:000000d8       __guard_fids__             1002d0d8     libcpmt:xthrow.obj
 0004:000000dc       __guard_fids_?dllmain_crt_process_attach@@YAHQAUHINSTANCE__@@QAX@Z 1002d0dc     LIBCMT:dll_dllmain.obj
 0004:000000e4       __guard_fids_?dllmain_dispatch@@YAHQAUHINSTANCE__@@KQAX@Z 1002d0e4     LIBCMT:dll_dllmain.obj
 0004:000000e8       __guard_fids__             1002d0e8     LIBCMT:std_type_info_static.obj
 0004:000000ec       __guard_fids__             1002d0ec     LIBCMT:throw_bad_alloc.obj
 0004:000000f4       __guard_fids__             1002d0f4     LIBCMT:throw_bad_alloc.obj
 0004:000000f8       __guard_fids__             1002d0f8     LIBCMT:throw_bad_alloc.obj
 0004:000000fc       __guard_fids__             1002d0fc     LIBCMT:guard_support.obj
 0004:00000100       __guard_fids____vcrt_initialize_ptd 1002d100     libvcruntime:per_thread_data.obj
 0004:00000104       __guard_fids__             1002d104     libvcruntime:frame.obj
 0004:00000108       __guard_fids__             1002d108     libvcruntime:frame.obj
 0004:00000110       __guard_fids__             1002d110     libvcruntime:frame.obj
 0004:00000114       __guard_fids__             1002d114     libvcruntime:frame.obj
 0005:00000060       $R000000                   1002e060     * linker generated manifest res *

 Exports

  ordinal    name

        1    __register_serialport_
               exported name: _register_serialport_
